Component: Arm Compiler for Embedded 6.23 Tool: armlink [5f102400]

==============================================================================

Section Cross References

    startup_cw32l012.o(RESET) refers to startup_cw32l012.o(STACK) for __initial_sp
    startup_cw32l012.o(RESET) refers to startup_cw32l012.o(.text) for Reset_Handler
    startup_cw32l012.o(RESET) refers to cw32l012_systick.o(.text.SysTick_Handler) for SysTick_Handler
    startup_cw32l012.o(.text) refers to system_cw32l012.o(.text.SystemInit) for SystemInit
    startup_cw32l012.o(.text) refers to entry.o(.ARM.Collect$$$$00000000) for __main
    system_cw32l012.o(.text.SystemCoreClockUpdate) refers to system_cw32l012.o(.data.SystemCoreClock) for SystemCoreClock
    system_cw32l012.o(.ARM.exidx.text.SystemCoreClockUpdate) refers to system_cw32l012.o(.text.SystemCoreClockUpdate) for [Anonymous Symbol]
    system_cw32l012.o(.text.SystemInit) refers to system_cw32l012.o(.data.SystemCoreClock) for SystemCoreClock
    system_cw32l012.o(.ARM.exidx.text.SystemInit) refers to system_cw32l012.o(.text.SystemInit) for [Anonymous Symbol]
    system_cw32l012.o(.ARM.exidx.text.FirmwareDelay) refers to system_cw32l012.o(.text.FirmwareDelay) for [Anonymous Symbol]
    main.o(.text.main) refers to cw32l012_sysctrl.o(.text.SYSCTRL_HSI_Enable) for SYSCTRL_HSI_Enable
    main.o(.text.main) refers to cw32l012_sysctrl.o(.text.SYSCTRL_AHBPeriphClk_Enable) for SYSCTRL_AHBPeriphClk_Enable
    main.o(.text.main) refers to cw32l012_sysctrl.o(.text.SYSCTRL_APBPeriphClk_Enable1) for SYSCTRL_APBPeriphClk_Enable1
    main.o(.text.main) refers to cw32l012_gpio.o(.text.GPIO_Init) for GPIO_Init
    main.o(.text.main) refers to cw32l012_systick.o(.text.InitTick) for InitTick
    main.o(.text.main) refers to cw32l012_spi.o(.text.SPI_Init) for SPI_Init
    main.o(.text.main) refers to cw32l012_spi.o(.text.SPI_Cmd) for SPI_Cmd
    main.o(.text.main) refers to cw32l012_spi.o(.text.SPI_TransmitReceive) for SPI_TransmitReceive
    main.o(.text.main) refers to main.o(.bss..L_MergedGlobals.1) for [Anonymous Symbol]
    main.o(.text.main) refers to main.o(.data..L_MergedGlobals) for [Anonymous Symbol]
    main.o(.ARM.exidx.text.main) refers to main.o(.text.main) for [Anonymous Symbol]
    main.o(.text.RCC_Configuration) refers to cw32l012_sysctrl.o(.text.SYSCTRL_HSI_Enable) for SYSCTRL_HSI_Enable
    main.o(.text.RCC_Configuration) refers to cw32l012_sysctrl.o(.text.SYSCTRL_AHBPeriphClk_Enable) for SYSCTRL_AHBPeriphClk_Enable
    main.o(.text.RCC_Configuration) refers to cw32l012_sysctrl.o(.text.SYSCTRL_APBPeriphClk_Enable1) for SYSCTRL_APBPeriphClk_Enable1
    main.o(.ARM.exidx.text.RCC_Configuration) refers to main.o(.text.RCC_Configuration) for [Anonymous Symbol]
    main.o(.text.GPIO_Configuration) refers to cw32l012_gpio.o(.text.GPIO_Init) for GPIO_Init
    main.o(.ARM.exidx.text.GPIO_Configuration) refers to main.o(.text.GPIO_Configuration) for [Anonymous Symbol]
    main.o(.text.SPI_Configuration) refers to cw32l012_spi.o(.text.SPI_Init) for SPI_Init
    main.o(.text.SPI_Configuration) refers to cw32l012_spi.o(.text.SPI_Cmd) for SPI_Cmd
    main.o(.ARM.exidx.text.SPI_Configuration) refers to main.o(.text.SPI_Configuration) for [Anonymous Symbol]
    main.o(.ARM.exidx.text.Buffercmp) refers to main.o(.text.Buffercmp) for [Anonymous Symbol]
    main.o(.ARM.exidx.text.assert_failed) refers to main.o(.text.assert_failed) for [Anonymous Symbol]
    cw32l012_gpio.o(.ARM.exidx.text.GPIO_Init) refers to cw32l012_gpio.o(.text.GPIO_Init) for [Anonymous Symbol]
    cw32l012_gpio.o(.ARM.exidx.text.GPIO_DeInit) refers to cw32l012_gpio.o(.text.GPIO_DeInit) for [Anonymous Symbol]
    cw32l012_gpio.o(.ARM.exidx.text.GPIO_ReadPin) refers to cw32l012_gpio.o(.text.GPIO_ReadPin) for [Anonymous Symbol]
    cw32l012_gpio.o(.ARM.exidx.text.GPIO_WritePin) refers to cw32l012_gpio.o(.text.GPIO_WritePin) for [Anonymous Symbol]
    cw32l012_gpio.o(.ARM.exidx.text.GPIO_Write) refers to cw32l012_gpio.o(.text.GPIO_Write) for [Anonymous Symbol]
    cw32l012_gpio.o(.ARM.exidx.text.GPIO_TogglePin) refers to cw32l012_gpio.o(.text.GPIO_TogglePin) for [Anonymous Symbol]
    cw32l012_gpio.o(.ARM.exidx.text.GPIO_SWD2GPIO) refers to cw32l012_gpio.o(.text.GPIO_SWD2GPIO) for [Anonymous Symbol]
    cw32l012_gpio.o(.ARM.exidx.text.GPIO_GPIO2SWD) refers to cw32l012_gpio.o(.text.GPIO_GPIO2SWD) for [Anonymous Symbol]
    cw32l012_gpio.o(.ARM.exidx.text.GPIO_ConfigFilter) refers to cw32l012_gpio.o(.text.GPIO_ConfigFilter) for [Anonymous Symbol]
    cw32l012_gpio.o(.ARM.exidx.text.GPIO_SetAlternateFunction) refers to cw32l012_gpio.o(.text.GPIO_SetAlternateFunction) for [Anonymous Symbol]
    cw32l012_spi.o(.text.SPI_SendData) refers to main.o(.text.assert_failed) for assert_failed
    cw32l012_spi.o(.text.SPI_SendData) refers to cw32l012_spi.o(.rodata.str1.1) for [Anonymous Symbol]
    cw32l012_spi.o(.ARM.exidx.text.SPI_SendData) refers to cw32l012_spi.o(.text.SPI_SendData) for [Anonymous Symbol]
    cw32l012_spi.o(.text.SPI_ReceiveData) refers to main.o(.text.assert_failed) for assert_failed
    cw32l012_spi.o(.text.SPI_ReceiveData) refers to cw32l012_spi.o(.rodata.str1.1) for [Anonymous Symbol]
    cw32l012_spi.o(.ARM.exidx.text.SPI_ReceiveData) refers to cw32l012_spi.o(.text.SPI_ReceiveData) for [Anonymous Symbol]
    cw32l012_spi.o(.text.SPI_TransmitReceive) refers to main.o(.text.assert_failed) for assert_failed
    cw32l012_spi.o(.text.SPI_TransmitReceive) refers to cw32l012_spi.o(.rodata.str1.1) for [Anonymous Symbol]
    cw32l012_spi.o(.ARM.exidx.text.SPI_TransmitReceive) refers to cw32l012_spi.o(.text.SPI_TransmitReceive) for [Anonymous Symbol]
    cw32l012_spi.o(.text.SPI_Init) refers to main.o(.text.assert_failed) for assert_failed
    cw32l012_spi.o(.text.SPI_Init) refers to cw32l012_spi.o(.rodata.str1.1) for [Anonymous Symbol]
    cw32l012_spi.o(.ARM.exidx.text.SPI_Init) refers to cw32l012_spi.o(.text.SPI_Init) for [Anonymous Symbol]
    cw32l012_spi.o(.ARM.exidx.text.SPI_StructInit) refers to cw32l012_spi.o(.text.SPI_StructInit) for [Anonymous Symbol]
    cw32l012_spi.o(.ARM.exidx.text.SPI1_DeInit) refers to cw32l012_spi.o(.text.SPI1_DeInit) for [Anonymous Symbol]
    cw32l012_spi.o(.text.SPI_Cmd) refers to main.o(.text.assert_failed) for assert_failed
    cw32l012_spi.o(.text.SPI_Cmd) refers to cw32l012_spi.o(.rodata.str1.1) for [Anonymous Symbol]
    cw32l012_spi.o(.ARM.exidx.text.SPI_Cmd) refers to cw32l012_spi.o(.text.SPI_Cmd) for [Anonymous Symbol]
    cw32l012_spi.o(.text.SPI_ITConfig) refers to main.o(.text.assert_failed) for assert_failed
    cw32l012_spi.o(.text.SPI_ITConfig) refers to cw32l012_spi.o(.rodata.str1.1) for [Anonymous Symbol]
    cw32l012_spi.o(.ARM.exidx.text.SPI_ITConfig) refers to cw32l012_spi.o(.text.SPI_ITConfig) for [Anonymous Symbol]
    cw32l012_spi.o(.text.SPI_GetITStatus) refers to main.o(.text.assert_failed) for assert_failed
    cw32l012_spi.o(.text.SPI_GetITStatus) refers to cw32l012_spi.o(.rodata.str1.1) for [Anonymous Symbol]
    cw32l012_spi.o(.ARM.exidx.text.SPI_GetITStatus) refers to cw32l012_spi.o(.text.SPI_GetITStatus) for [Anonymous Symbol]
    cw32l012_spi.o(.text.SPI_ClearITPendingBit) refers to main.o(.text.assert_failed) for assert_failed
    cw32l012_spi.o(.text.SPI_ClearITPendingBit) refers to cw32l012_spi.o(.rodata.str1.1) for [Anonymous Symbol]
    cw32l012_spi.o(.ARM.exidx.text.SPI_ClearITPendingBit) refers to cw32l012_spi.o(.text.SPI_ClearITPendingBit) for [Anonymous Symbol]
    cw32l012_spi.o(.text.SPI_GetFlagStatus) refers to main.o(.text.assert_failed) for assert_failed
    cw32l012_spi.o(.text.SPI_GetFlagStatus) refers to cw32l012_spi.o(.rodata.str1.1) for [Anonymous Symbol]
    cw32l012_spi.o(.ARM.exidx.text.SPI_GetFlagStatus) refers to cw32l012_spi.o(.text.SPI_GetFlagStatus) for [Anonymous Symbol]
    cw32l012_spi.o(.text.SPI_ClearFlag) refers to main.o(.text.assert_failed) for assert_failed
    cw32l012_spi.o(.text.SPI_ClearFlag) refers to cw32l012_spi.o(.rodata.str1.1) for [Anonymous Symbol]
    cw32l012_spi.o(.ARM.exidx.text.SPI_ClearFlag) refers to cw32l012_spi.o(.text.SPI_ClearFlag) for [Anonymous Symbol]
    cw32l012_spi.o(.text.SPI_BiDirectionalLineConfig) refers to main.o(.text.assert_failed) for assert_failed
    cw32l012_spi.o(.text.SPI_BiDirectionalLineConfig) refers to cw32l012_spi.o(.rodata.str1.1) for [Anonymous Symbol]
    cw32l012_spi.o(.ARM.exidx.text.SPI_BiDirectionalLineConfig) refers to cw32l012_spi.o(.text.SPI_BiDirectionalLineConfig) for [Anonymous Symbol]
    cw32l012_spi.o(.text.SPI_DMACmd) refers to main.o(.text.assert_failed) for assert_failed
    cw32l012_spi.o(.text.SPI_DMACmd) refers to cw32l012_spi.o(.rodata.str1.1) for [Anonymous Symbol]
    cw32l012_spi.o(.ARM.exidx.text.SPI_DMACmd) refers to cw32l012_spi.o(.text.SPI_DMACmd) for [Anonymous Symbol]
    cw32l012_spi.o(.text.SPI_NSSInternalSoftwareConfig) refers to main.o(.text.assert_failed) for assert_failed
    cw32l012_spi.o(.text.SPI_NSSInternalSoftwareConfig) refers to cw32l012_spi.o(.rodata.str1.1) for [Anonymous Symbol]
    cw32l012_spi.o(.ARM.exidx.text.SPI_NSSInternalSoftwareConfig) refers to cw32l012_spi.o(.text.SPI_NSSInternalSoftwareConfig) for [Anonymous Symbol]
    cw32l012_spi.o(.text.SPI_DataSizeConfig) refers to main.o(.text.assert_failed) for assert_failed
    cw32l012_spi.o(.text.SPI_DataSizeConfig) refers to cw32l012_spi.o(.rodata.str1.1) for [Anonymous Symbol]
    cw32l012_spi.o(.ARM.exidx.text.SPI_DataSizeConfig) refers to cw32l012_spi.o(.text.SPI_DataSizeConfig) for [Anonymous Symbol]
    cw32l012_spi.o(.text.SPI_MISOOutputConfig) refers to main.o(.text.assert_failed) for assert_failed
    cw32l012_spi.o(.text.SPI_MISOOutputConfig) refers to cw32l012_spi.o(.rodata.str1.1) for [Anonymous Symbol]
    cw32l012_spi.o(.ARM.exidx.text.SPI_MISOOutputConfig) refers to cw32l012_spi.o(.text.SPI_MISOOutputConfig) for [Anonymous Symbol]
    cw32l012_spi.o(.ARM.exidx.text.SPI_FlushSendBuff) refers to cw32l012_spi.o(.text.SPI_FlushSendBuff) for [Anonymous Symbol]
    cw32l012_sysctrl.o(.text.SYSCTRL_HCLKPRS_Config) refers to main.o(.text.assert_failed) for assert_failed
    cw32l012_sysctrl.o(.text.SYSCTRL_HCLKPRS_Config) refers to cw32l012_sysctrl.o(.rodata.str1.1) for [Anonymous Symbol]
    cw32l012_sysctrl.o(.ARM.exidx.text.SYSCTRL_HCLKPRS_Config) refers to cw32l012_sysctrl.o(.text.SYSCTRL_HCLKPRS_Config) for [Anonymous Symbol]
    cw32l012_sysctrl.o(.text.SYSCTRL_PCLKPRS_Config) refers to main.o(.text.assert_failed) for assert_failed
    cw32l012_sysctrl.o(.text.SYSCTRL_PCLKPRS_Config) refers to cw32l012_sysctrl.o(.rodata.str1.1) for [Anonymous Symbol]
    cw32l012_sysctrl.o(.ARM.exidx.text.SYSCTRL_PCLKPRS_Config) refers to cw32l012_sysctrl.o(.text.SYSCTRL_PCLKPRS_Config) for [Anonymous Symbol]
    cw32l012_sysctrl.o(.text.SYSCTRL_SYSCLKSRC_Config) refers to uidiv_div0.o(.text) for __aeabi_uidiv
    cw32l012_sysctrl.o(.text.SYSCTRL_SYSCLKSRC_Config) refers to main.o(.text.assert_failed) for assert_failed
    cw32l012_sysctrl.o(.text.SYSCTRL_SYSCLKSRC_Config) refers to cw32l012_sysctrl.o(.rodata.str1.1) for [Anonymous Symbol]
    cw32l012_sysctrl.o(.text.SYSCTRL_SYSCLKSRC_Config) refers to cw32l012_sysctrl.o(.rodata.hsiprs_tbl) for hsiprs_tbl
    cw32l012_sysctrl.o(.text.SYSCTRL_SYSCLKSRC_Config) refers to system_cw32l012.o(.data.SystemCoreClock) for SystemCoreClock
    cw32l012_sysctrl.o(.ARM.exidx.text.SYSCTRL_SYSCLKSRC_Config) refers to cw32l012_sysctrl.o(.text.SYSCTRL_SYSCLKSRC_Config) for [Anonymous Symbol]
    cw32l012_sysctrl.o(.text.SYSCTRL_SystemCoreClockUpdate) refers to system_cw32l012.o(.data.SystemCoreClock) for SystemCoreClock
    cw32l012_sysctrl.o(.ARM.exidx.text.SYSCTRL_SystemCoreClockUpdate) refers to cw32l012_sysctrl.o(.text.SYSCTRL_SystemCoreClockUpdate) for [Anonymous Symbol]
    cw32l012_sysctrl.o(.text.SYSCTRL_GetHClkFreq) refers to uidiv_div0.o(.text) for __aeabi_uidiv
    cw32l012_sysctrl.o(.text.SYSCTRL_GetHClkFreq) refers to cw32l012_sysctrl.o(.rodata.hsiprs_tbl) for hsiprs_tbl
    cw32l012_sysctrl.o(.ARM.exidx.text.SYSCTRL_GetHClkFreq) refers to cw32l012_sysctrl.o(.text.SYSCTRL_GetHClkFreq) for [Anonymous Symbol]
    cw32l012_sysctrl.o(.text.SYSCTRL_CCS_Config) refers to main.o(.text.assert_failed) for assert_failed
    cw32l012_sysctrl.o(.text.SYSCTRL_CCS_Config) refers to cw32l012_sysctrl.o(.rodata.str1.1) for [Anonymous Symbol]
    cw32l012_sysctrl.o(.ARM.exidx.text.SYSCTRL_CCS_Config) refers to cw32l012_sysctrl.o(.text.SYSCTRL_CCS_Config) for [Anonymous Symbol]
    cw32l012_sysctrl.o(.text.SYSCTRL_LSELOCK_Config) refers to main.o(.text.assert_failed) for assert_failed
    cw32l012_sysctrl.o(.text.SYSCTRL_LSELOCK_Config) refers to cw32l012_sysctrl.o(.rodata.str1.1) for [Anonymous Symbol]
    cw32l012_sysctrl.o(.ARM.exidx.text.SYSCTRL_LSELOCK_Config) refers to cw32l012_sysctrl.o(.text.SYSCTRL_LSELOCK_Config) for [Anonymous Symbol]
    cw32l012_sysctrl.o(.text.SYSCTRL_WAKEUPCLK_Config) refers to main.o(.text.assert_failed) for assert_failed
    cw32l012_sysctrl.o(.text.SYSCTRL_WAKEUPCLK_Config) refers to cw32l012_sysctrl.o(.rodata.str1.1) for [Anonymous Symbol]
    cw32l012_sysctrl.o(.ARM.exidx.text.SYSCTRL_WAKEUPCLK_Config) refers to cw32l012_sysctrl.o(.text.SYSCTRL_WAKEUPCLK_Config) for [Anonymous Symbol]
    cw32l012_sysctrl.o(.text.SYSCTRL_LOCKUP_Config) refers to main.o(.text.assert_failed) for assert_failed
    cw32l012_sysctrl.o(.text.SYSCTRL_LOCKUP_Config) refers to cw32l012_sysctrl.o(.rodata.str1.1) for [Anonymous Symbol]
    cw32l012_sysctrl.o(.ARM.exidx.text.SYSCTRL_LOCKUP_Config) refers to cw32l012_sysctrl.o(.text.SYSCTRL_LOCKUP_Config) for [Anonymous Symbol]
    cw32l012_sysctrl.o(.text.SYSCTRL_SWDIO_Config) refers to main.o(.text.assert_failed) for assert_failed
    cw32l012_sysctrl.o(.text.SYSCTRL_SWDIO_Config) refers to cw32l012_sysctrl.o(.rodata.str1.1) for [Anonymous Symbol]
    cw32l012_sysctrl.o(.ARM.exidx.text.SYSCTRL_SWDIO_Config) refers to cw32l012_sysctrl.o(.text.SYSCTRL_SWDIO_Config) for [Anonymous Symbol]
    cw32l012_sysctrl.o(.ARM.exidx.text.SYSCTRL_DeInit) refers to cw32l012_sysctrl.o(.text.SYSCTRL_DeInit) for [Anonymous Symbol]
    cw32l012_sysctrl.o(.text.SYSCTRL_GetPClkFreq) refers to uidiv_div0.o(.text) for __aeabi_uidiv
    cw32l012_sysctrl.o(.text.SYSCTRL_GetPClkFreq) refers to cw32l012_sysctrl.o(.rodata.hsiprs_tbl) for hsiprs_tbl
    cw32l012_sysctrl.o(.ARM.exidx.text.SYSCTRL_GetPClkFreq) refers to cw32l012_sysctrl.o(.text.SYSCTRL_GetPClkFreq) for [Anonymous Symbol]
    cw32l012_sysctrl.o(.text.SYSCTRL_HSI_Enable) refers to main.o(.text.assert_failed) for assert_failed
    cw32l012_sysctrl.o(.text.SYSCTRL_HSI_Enable) refers to cw32l012_sysctrl.o(.rodata.str1.1) for [Anonymous Symbol]
    cw32l012_sysctrl.o(.ARM.exidx.text.SYSCTRL_HSI_Enable) refers to cw32l012_sysctrl.o(.text.SYSCTRL_HSI_Enable) for [Anonymous Symbol]
    cw32l012_sysctrl.o(.ARM.exidx.text.SYSCTRL_HSI_Disable) refers to cw32l012_sysctrl.o(.text.SYSCTRL_HSI_Disable) for [Anonymous Symbol]
    cw32l012_sysctrl.o(.ARM.exidx.text.SYSCTRL_LSI_Enable) refers to cw32l012_sysctrl.o(.text.SYSCTRL_LSI_Enable) for [Anonymous Symbol]
    cw32l012_sysctrl.o(.ARM.exidx.text.SYSCTRL_LSI_Disable) refers to cw32l012_sysctrl.o(.text.SYSCTRL_LSI_Disable) for [Anonymous Symbol]
    cw32l012_sysctrl.o(.ARM.exidx.text.SYSCTRL_HSEWaitClockSet) refers to cw32l012_sysctrl.o(.text.SYSCTRL_HSEWaitClockSet) for [Anonymous Symbol]
    cw32l012_sysctrl.o(.ARM.exidx.text.SYSCTRL_HEXEnablePinPolSet) refers to cw32l012_sysctrl.o(.text.SYSCTRL_HEXEnablePinPolSet) for [Anonymous Symbol]
    cw32l012_sysctrl.o(.text.SYSCTRL_HSE_Enable) refers to main.o(.text.assert_failed) for assert_failed
    cw32l012_sysctrl.o(.text.SYSCTRL_HSE_Enable) refers to uldiv.o(.text) for __aeabi_uldivmod
    cw32l012_sysctrl.o(.text.SYSCTRL_HSE_Enable) refers to cw32l012_sysctrl.o(.rodata.str1.1) for [Anonymous Symbol]
    cw32l012_sysctrl.o(.ARM.exidx.text.SYSCTRL_HSE_Enable) refers to cw32l012_sysctrl.o(.text.SYSCTRL_HSE_Enable) for [Anonymous Symbol]
    cw32l012_sysctrl.o(.ARM.exidx.text.SYSCTRL_HSE_Disable) refers to cw32l012_sysctrl.o(.text.SYSCTRL_HSE_Disable) for [Anonymous Symbol]
    cw32l012_sysctrl.o(.text.SYSCTRL_LSE_Enable) refers to main.o(.text.assert_failed) for assert_failed
    cw32l012_sysctrl.o(.text.SYSCTRL_LSE_Enable) refers to cw32l012_sysctrl.o(.rodata.str1.1) for [Anonymous Symbol]
    cw32l012_sysctrl.o(.ARM.exidx.text.SYSCTRL_LSE_Enable) refers to cw32l012_sysctrl.o(.text.SYSCTRL_LSE_Enable) for [Anonymous Symbol]
    cw32l012_sysctrl.o(.ARM.exidx.text.SYSCTRL_LSE_Disable) refers to cw32l012_sysctrl.o(.text.SYSCTRL_LSE_Disable) for [Anonymous Symbol]
    cw32l012_sysctrl.o(.text.SYSCTRL_PLL_Enable) refers to uidiv_div0.o(.text) for __aeabi_uidiv
    cw32l012_sysctrl.o(.ARM.exidx.text.SYSCTRL_PLL_Enable) refers to cw32l012_sysctrl.o(.text.SYSCTRL_PLL_Enable) for [Anonymous Symbol]
    cw32l012_sysctrl.o(.ARM.exidx.text.SYSCTRL_PLL_Disable) refers to cw32l012_sysctrl.o(.text.SYSCTRL_PLL_Disable) for [Anonymous Symbol]
    cw32l012_sysctrl.o(.text.SYSCTRL_SysClk_Switch) refers to main.o(.text.assert_failed) for assert_failed
    cw32l012_sysctrl.o(.text.SYSCTRL_SysClk_Switch) refers to uidiv_div0.o(.text) for __aeabi_uidiv
    cw32l012_sysctrl.o(.text.SYSCTRL_SysClk_Switch) refers to cw32l012_sysctrl.o(.rodata.str1.1) for [Anonymous Symbol]
    cw32l012_sysctrl.o(.text.SYSCTRL_SysClk_Switch) refers to cw32l012_sysctrl.o(.rodata.hsiprs_tbl) for hsiprs_tbl
    cw32l012_sysctrl.o(.text.SYSCTRL_SysClk_Switch) refers to system_cw32l012.o(.data.SystemCoreClock) for SystemCoreClock
    cw32l012_sysctrl.o(.ARM.exidx.text.SYSCTRL_SysClk_Switch) refers to cw32l012_sysctrl.o(.text.SYSCTRL_SysClk_Switch) for [Anonymous Symbol]
    cw32l012_sysctrl.o(.text.SYSCTRL_ITConfig) refers to main.o(.text.assert_failed) for assert_failed
    cw32l012_sysctrl.o(.text.SYSCTRL_ITConfig) refers to cw32l012_sysctrl.o(.rodata.str1.1) for [Anonymous Symbol]
    cw32l012_sysctrl.o(.ARM.exidx.text.SYSCTRL_ITConfig) refers to cw32l012_sysctrl.o(.text.SYSCTRL_ITConfig) for [Anonymous Symbol]
    cw32l012_sysctrl.o(.text.SYSCTRL_GetITStatus) refers to main.o(.text.assert_failed) for assert_failed
    cw32l012_sysctrl.o(.text.SYSCTRL_GetITStatus) refers to cw32l012_sysctrl.o(.rodata.str1.1) for [Anonymous Symbol]
    cw32l012_sysctrl.o(.ARM.exidx.text.SYSCTRL_GetITStatus) refers to cw32l012_sysctrl.o(.text.SYSCTRL_GetITStatus) for [Anonymous Symbol]
    cw32l012_sysctrl.o(.text.SYSCTRL_ClearITPendingBit) refers to main.o(.text.assert_failed) for assert_failed
    cw32l012_sysctrl.o(.text.SYSCTRL_ClearITPendingBit) refers to cw32l012_sysctrl.o(.rodata.str1.1) for [Anonymous Symbol]
    cw32l012_sysctrl.o(.ARM.exidx.text.SYSCTRL_ClearITPendingBit) refers to cw32l012_sysctrl.o(.text.SYSCTRL_ClearITPendingBit) for [Anonymous Symbol]
    cw32l012_sysctrl.o(.text.SYSCTRL_GetStableFlag) refers to main.o(.text.assert_failed) for assert_failed
    cw32l012_sysctrl.o(.text.SYSCTRL_GetStableFlag) refers to cw32l012_sysctrl.o(.rodata.str1.1) for [Anonymous Symbol]
    cw32l012_sysctrl.o(.ARM.exidx.text.SYSCTRL_GetStableFlag) refers to cw32l012_sysctrl.o(.text.SYSCTRL_GetStableFlag) for [Anonymous Symbol]
    cw32l012_sysctrl.o(.ARM.exidx.text.SYSCTRL_GetAllStableFlag) refers to cw32l012_sysctrl.o(.text.SYSCTRL_GetAllStableFlag) for [Anonymous Symbol]
    cw32l012_sysctrl.o(.text.SYSCTRL_AHBPeriphClk_Enable) refers to main.o(.text.assert_failed) for assert_failed
    cw32l012_sysctrl.o(.text.SYSCTRL_AHBPeriphClk_Enable) refers to cw32l012_sysctrl.o(.rodata.str1.1) for [Anonymous Symbol]
    cw32l012_sysctrl.o(.ARM.exidx.text.SYSCTRL_AHBPeriphClk_Enable) refers to cw32l012_sysctrl.o(.text.SYSCTRL_AHBPeriphClk_Enable) for [Anonymous Symbol]
    cw32l012_sysctrl.o(.text.SYSCTRL_APBPeriphClk_Enable1) refers to main.o(.text.assert_failed) for assert_failed
    cw32l012_sysctrl.o(.text.SYSCTRL_APBPeriphClk_Enable1) refers to cw32l012_sysctrl.o(.rodata.str1.1) for [Anonymous Symbol]
    cw32l012_sysctrl.o(.ARM.exidx.text.SYSCTRL_APBPeriphClk_Enable1) refers to cw32l012_sysctrl.o(.text.SYSCTRL_APBPeriphClk_Enable1) for [Anonymous Symbol]
    cw32l012_sysctrl.o(.text.SYSCTRL_APBPeriphClk_Enable2) refers to main.o(.text.assert_failed) for assert_failed
    cw32l012_sysctrl.o(.text.SYSCTRL_APBPeriphClk_Enable2) refers to cw32l012_sysctrl.o(.rodata.str1.1) for [Anonymous Symbol]
    cw32l012_sysctrl.o(.ARM.exidx.text.SYSCTRL_APBPeriphClk_Enable2) refers to cw32l012_sysctrl.o(.text.SYSCTRL_APBPeriphClk_Enable2) for [Anonymous Symbol]
    cw32l012_sysctrl.o(.text.SYSCTRL_AHBPeriphReset) refers to main.o(.text.assert_failed) for assert_failed
    cw32l012_sysctrl.o(.text.SYSCTRL_AHBPeriphReset) refers to cw32l012_sysctrl.o(.rodata.str1.1) for [Anonymous Symbol]
    cw32l012_sysctrl.o(.ARM.exidx.text.SYSCTRL_AHBPeriphReset) refers to cw32l012_sysctrl.o(.text.SYSCTRL_AHBPeriphReset) for [Anonymous Symbol]
    cw32l012_sysctrl.o(.text.SYSCTRL_APBPeriphReset1) refers to main.o(.text.assert_failed) for assert_failed
    cw32l012_sysctrl.o(.text.SYSCTRL_APBPeriphReset1) refers to cw32l012_sysctrl.o(.rodata.str1.1) for [Anonymous Symbol]
    cw32l012_sysctrl.o(.ARM.exidx.text.SYSCTRL_APBPeriphReset1) refers to cw32l012_sysctrl.o(.text.SYSCTRL_APBPeriphReset1) for [Anonymous Symbol]
    cw32l012_sysctrl.o(.text.SYSCTRL_APBPeriphReset2) refers to main.o(.text.assert_failed) for assert_failed
    cw32l012_sysctrl.o(.text.SYSCTRL_APBPeriphReset2) refers to cw32l012_sysctrl.o(.rodata.str1.1) for [Anonymous Symbol]
    cw32l012_sysctrl.o(.ARM.exidx.text.SYSCTRL_APBPeriphReset2) refers to cw32l012_sysctrl.o(.text.SYSCTRL_APBPeriphReset2) for [Anonymous Symbol]
    cw32l012_sysctrl.o(.text.SYSCTRL_GetRstFlag) refers to main.o(.text.assert_failed) for assert_failed
    cw32l012_sysctrl.o(.text.SYSCTRL_GetRstFlag) refers to cw32l012_sysctrl.o(.rodata.str1.1) for [Anonymous Symbol]
    cw32l012_sysctrl.o(.ARM.exidx.text.SYSCTRL_GetRstFlag) refers to cw32l012_sysctrl.o(.text.SYSCTRL_GetRstFlag) for [Anonymous Symbol]
    cw32l012_sysctrl.o(.ARM.exidx.text.SYSCTRL_GetAllRstFlag) refers to cw32l012_sysctrl.o(.text.SYSCTRL_GetAllRstFlag) for [Anonymous Symbol]
    cw32l012_sysctrl.o(.text.SYSCTRL_ClearRstFlag) refers to main.o(.text.assert_failed) for assert_failed
    cw32l012_sysctrl.o(.text.SYSCTRL_ClearRstFlag) refers to cw32l012_sysctrl.o(.rodata.str1.1) for [Anonymous Symbol]
    cw32l012_sysctrl.o(.ARM.exidx.text.SYSCTRL_ClearRstFlag) refers to cw32l012_sysctrl.o(.text.SYSCTRL_ClearRstFlag) for [Anonymous Symbol]
    cw32l012_sysctrl.o(.text.SYSCTRL_PCLK_OUT) refers to cw32l012_gpio.o(.text.GPIO_SetAlternateFunction) for GPIO_SetAlternateFunction
    cw32l012_sysctrl.o(.ARM.exidx.text.SYSCTRL_PCLK_OUT) refers to cw32l012_sysctrl.o(.text.SYSCTRL_PCLK_OUT) for [Anonymous Symbol]
    cw32l012_sysctrl.o(.text.SYSCTRL_MCO_OUT) refers to main.o(.text.assert_failed) for assert_failed
    cw32l012_sysctrl.o(.text.SYSCTRL_MCO_OUT) refers to cw32l012_gpio.o(.text.GPIO_SetAlternateFunction) for GPIO_SetAlternateFunction
    cw32l012_sysctrl.o(.text.SYSCTRL_MCO_OUT) refers to cw32l012_sysctrl.o(.rodata.str1.1) for [Anonymous Symbol]
    cw32l012_sysctrl.o(.ARM.exidx.text.SYSCTRL_MCO_OUT) refers to cw32l012_sysctrl.o(.text.SYSCTRL_MCO_OUT) for [Anonymous Symbol]
    cw32l012_sysctrl.o(.ARM.exidx.text.SYSCTRL_GotoSleep) refers to cw32l012_sysctrl.o(.text.SYSCTRL_GotoSleep) for [Anonymous Symbol]
    cw32l012_sysctrl.o(.ARM.exidx.text.SYSCTRL_GotoDeepSleep) refers to cw32l012_sysctrl.o(.text.SYSCTRL_GotoDeepSleep) for [Anonymous Symbol]
    cw32l012_sysctrl.o(.ARM.exidx.text.SYSCTRL_ConfigSleepOnExit) refers to cw32l012_sysctrl.o(.text.SYSCTRL_ConfigSleepOnExit) for [Anonymous Symbol]
    cw32l012_systick.o(.text.InitTick) refers to uidiv_div0.o(.text) for __aeabi_uidiv
    cw32l012_systick.o(.text.InitTick) refers to cw32l012_systick.o(.data..L_MergedGlobals) for [Anonymous Symbol]
    cw32l012_systick.o(.ARM.exidx.text.InitTick) refers to cw32l012_systick.o(.text.InitTick) for [Anonymous Symbol]
    cw32l012_systick.o(.text.GetTick) refers to cw32l012_systick.o(.bss.uwTick) for uwTick
    cw32l012_systick.o(.ARM.exidx.text.GetTick) refers to cw32l012_systick.o(.text.GetTick) for [Anonymous Symbol]
    cw32l012_systick.o(.text.SysTickDelay) refers to cw32l012_systick.o(.text.GetTick) for GetTick
    cw32l012_systick.o(.text.SysTickDelay) refers to cw32l012_systick.o(.data..L_MergedGlobals) for [Anonymous Symbol]
    cw32l012_systick.o(.ARM.exidx.text.SysTickDelay) refers to cw32l012_systick.o(.text.SysTickDelay) for [Anonymous Symbol]
    cw32l012_systick.o(.ARM.exidx.text.SuspendTick) refers to cw32l012_systick.o(.text.SuspendTick) for [Anonymous Symbol]
    cw32l012_systick.o(.ARM.exidx.text.ResumeTick) refers to cw32l012_systick.o(.text.ResumeTick) for [Anonymous Symbol]
    cw32l012_systick.o(.text.SysTick_Handler) refers to cw32l012_systick.o(.data..L_MergedGlobals) for [Anonymous Symbol]
    cw32l012_systick.o(.text.SysTick_Handler) refers to cw32l012_systick.o(.bss.uwTick) for uwTick
    cw32l012_systick.o(.ARM.exidx.text.SysTick_Handler) refers to cw32l012_systick.o(.text.SysTick_Handler) for [Anonymous Symbol]
    cw32l012_startkit.o(.ARM.exidx.text._sys_exit) refers to cw32l012_startkit.o(.text._sys_exit) for [Anonymous Symbol]
    cw32l012_startkit.o(.ARM.exidx.text._ttywrch) refers to cw32l012_startkit.o(.text._ttywrch) for [Anonymous Symbol]
    cw32l012_startkit.o(.ARM.exidx.text.UART_SendChar) refers to cw32l012_startkit.o(.text.UART_SendChar) for [Anonymous Symbol]
    cw32l012_startkit.o(.ARM.exidx.text.fputc) refers to cw32l012_startkit.o(.text.fputc) for [Anonymous Symbol]
    cw32l012_startkit.o(.text.Bsp_Uart_Init) refers to uidiv_div0.o(.text) for __aeabi_uidiv
    cw32l012_startkit.o(.ARM.exidx.text.Bsp_Uart_Init) refers to cw32l012_startkit.o(.text.Bsp_Uart_Init) for [Anonymous Symbol]
    cw32l012_startkit.o(.ARM.exidx.text.Bsp_Uart_Closed) refers to cw32l012_startkit.o(.text.Bsp_Uart_Closed) for [Anonymous Symbol]
    cw32l012_startkit.o(.text.Bsp_Key_Init) refers to cw32l012_gpio.o(.text.GPIO_Init) for GPIO_Init
    cw32l012_startkit.o(.ARM.exidx.text.Bsp_Key_Init) refers to cw32l012_startkit.o(.text.Bsp_Key_Init) for [Anonymous Symbol]
    cw32l012_startkit.o(.ARM.exidx.text.Bsp_Read_Key) refers to cw32l012_startkit.o(.text.Bsp_Read_Key) for [Anonymous Symbol]
    cw32l012_startkit.o(.text.Bsp_Led_Init) refers to cw32l012_gpio.o(.text.GPIO_Init) for GPIO_Init
    cw32l012_startkit.o(.ARM.exidx.text.Bsp_Led_Init) refers to cw32l012_startkit.o(.text.Bsp_Led_Init) for [Anonymous Symbol]
    cw32l012_startkit.o(.ARM.exidx.text.Bsp_Led_Off) refers to cw32l012_startkit.o(.text.Bsp_Led_Off) for [Anonymous Symbol]
    cw32l012_startkit.o(.ARM.exidx.text.Bsp_Led_On) refers to cw32l012_startkit.o(.text.Bsp_Led_On) for [Anonymous Symbol]
    cw32l012_startkit.o(.ARM.exidx.text.Bsp_Led_Tog) refers to cw32l012_startkit.o(.text.Bsp_Led_Tog) for [Anonymous Symbol]
    cw32l012_startkit.o(.text.Bsp_Init) refers to cw32l012_gpio.o(.text.GPIO_Init) for GPIO_Init
    cw32l012_startkit.o(.text.Bsp_Init) refers to uidiv_div0.o(.text) for __aeabi_uidiv
    cw32l012_startkit.o(.text.Bsp_Init) refers to cw32l012_startkit.o(.data..L_MergedGlobals) for [Anonymous Symbol]
    cw32l012_startkit.o(.ARM.exidx.text.Bsp_Init) refers to cw32l012_startkit.o(.text.Bsp_Init) for [Anonymous Symbol]
    entry.o(.ARM.Collect$$$$00000000) refers (Special) to entry10a.o(.ARM.Collect$$$$0000000D) for __rt_final_cpp
    entry.o(.ARM.Collect$$$$00000000) refers (Special) to entry11a.o(.ARM.Collect$$$$0000000F) for __rt_final_exit
    entry.o(.ARM.Collect$$$$00000000) refers (Special) to entry7b.o(.ARM.Collect$$$$00000008) for _main_clock
    entry.o(.ARM.Collect$$$$00000000) refers (Special) to entry8b.o(.ARM.Collect$$$$0000000A) for _main_cpp_init
    entry.o(.ARM.Collect$$$$00000000) refers (Special) to entry9a.o(.ARM.Collect$$$$0000000B) for _main_init
    entry.o(.ARM.Collect$$$$00000000) refers (Special) to entry5.o(.ARM.Collect$$$$00000004) for _main_scatterload
    entry.o(.ARM.Collect$$$$00000000) refers (Special) to entry2.o(.ARM.Collect$$$$00000001) for _main_stk
    uldiv.o(.text) refers to llushr.o(.text) for __aeabi_llsr
    uldiv.o(.text) refers to llshl.o(.text) for __aeabi_llsl
    entry2.o(.ARM.Collect$$$$00000001) refers to entry2.o(.ARM.Collect$$$$00002712) for __lit__00000000
    entry2.o(.ARM.Collect$$$$00002712) refers to startup_cw32l012.o(STACK) for __initial_sp
    entry2.o(__vectab_stack_and_reset_area) refers to startup_cw32l012.o(STACK) for __initial_sp
    entry2.o(__vectab_stack_and_reset_area) refers to entry.o(.ARM.Collect$$$$00000000) for __main
    entry5.o(.ARM.Collect$$$$00000004) refers to init.o(.text) for __scatterload
    entry9a.o(.ARM.Collect$$$$0000000B) refers to main.o(.text.main) for main
    entry9b.o(.ARM.Collect$$$$0000000C) refers to main.o(.text.main) for main
    idiv_div0.o(.text) refers to uidiv_div0.o(.text) for __aeabi_uidivmod
    init.o(.text) refers to entry5.o(.ARM.Collect$$$$00000004) for __main_after_scatterload


==============================================================================

Removing Unused input sections from the image.

    Removing startup_cw32l012.o(HEAP), (512 bytes).
    Removing system_cw32l012.o(.text), (0 bytes).
    Removing system_cw32l012.o(.text.SystemCoreClockUpdate), (16 bytes).
    Removing system_cw32l012.o(.ARM.exidx.text.SystemCoreClockUpdate), (8 bytes).
    Removing system_cw32l012.o(.ARM.exidx.text.SystemInit), (8 bytes).
    Removing system_cw32l012.o(.text.FirmwareDelay), (48 bytes).
    Removing system_cw32l012.o(.ARM.exidx.text.FirmwareDelay), (8 bytes).
    Removing main.o(.text), (0 bytes).
    Removing main.o(.ARM.exidx.text.main), (8 bytes).
    Removing main.o(.text.RCC_Configuration), (28 bytes).
    Removing main.o(.ARM.exidx.text.RCC_Configuration), (8 bytes).
    Removing main.o(.text.GPIO_Configuration), (148 bytes).
    Removing main.o(.ARM.exidx.text.GPIO_Configuration), (8 bytes).
    Removing main.o(.text.SPI_Configuration), (60 bytes).
    Removing main.o(.ARM.exidx.text.SPI_Configuration), (8 bytes).
    Removing main.o(.text.Buffercmp), (72 bytes).
    Removing main.o(.ARM.exidx.text.Buffercmp), (8 bytes).
    Removing main.o(.ARM.exidx.text.assert_failed), (8 bytes).
    Removing main.o(.bss.RxBuffer2), (35 bytes).
    Removing main.o(.ARM.use_no_argv), (4 bytes).
    Removing cw32l012_gpio.o(.text), (0 bytes).
    Removing cw32l012_gpio.o(.ARM.exidx.text.GPIO_Init), (8 bytes).
    Removing cw32l012_gpio.o(.text.GPIO_DeInit), (38 bytes).
    Removing cw32l012_gpio.o(.ARM.exidx.text.GPIO_DeInit), (8 bytes).
    Removing cw32l012_gpio.o(.text.GPIO_ReadPin), (10 bytes).
    Removing cw32l012_gpio.o(.ARM.exidx.text.GPIO_ReadPin), (8 bytes).
    Removing cw32l012_gpio.o(.text.GPIO_WritePin), (16 bytes).
    Removing cw32l012_gpio.o(.ARM.exidx.text.GPIO_WritePin), (8 bytes).
    Removing cw32l012_gpio.o(.text.GPIO_Write), (4 bytes).
    Removing cw32l012_gpio.o(.ARM.exidx.text.GPIO_Write), (8 bytes).
    Removing cw32l012_gpio.o(.text.GPIO_TogglePin), (4 bytes).
    Removing cw32l012_gpio.o(.ARM.exidx.text.GPIO_TogglePin), (8 bytes).
    Removing cw32l012_gpio.o(.text.GPIO_SWD2GPIO), (20 bytes).
    Removing cw32l012_gpio.o(.ARM.exidx.text.GPIO_SWD2GPIO), (8 bytes).
    Removing cw32l012_gpio.o(.text.GPIO_GPIO2SWD), (24 bytes).
    Removing cw32l012_gpio.o(.ARM.exidx.text.GPIO_GPIO2SWD), (8 bytes).
    Removing cw32l012_gpio.o(.text.GPIO_ConfigFilter), (6 bytes).
    Removing cw32l012_gpio.o(.ARM.exidx.text.GPIO_ConfigFilter), (8 bytes).
    Removing cw32l012_gpio.o(.text.GPIO_SetAlternateFunction), (260 bytes).
    Removing cw32l012_gpio.o(.ARM.exidx.text.GPIO_SetAlternateFunction), (8 bytes).
    Removing cw32l012_spi.o(.text), (0 bytes).
    Removing cw32l012_spi.o(.text.SPI_SendData), (60 bytes).
    Removing cw32l012_spi.o(.ARM.exidx.text.SPI_SendData), (8 bytes).
    Removing cw32l012_spi.o(.text.SPI_ReceiveData), (56 bytes).
    Removing cw32l012_spi.o(.ARM.exidx.text.SPI_ReceiveData), (8 bytes).
    Removing cw32l012_spi.o(.ARM.exidx.text.SPI_TransmitReceive), (8 bytes).
    Removing cw32l012_spi.o(.ARM.exidx.text.SPI_Init), (8 bytes).
    Removing cw32l012_spi.o(.text.SPI_StructInit), (26 bytes).
    Removing cw32l012_spi.o(.ARM.exidx.text.SPI_StructInit), (8 bytes).
    Removing cw32l012_spi.o(.text.SPI1_DeInit), (24 bytes).
    Removing cw32l012_spi.o(.ARM.exidx.text.SPI1_DeInit), (8 bytes).
    Removing cw32l012_spi.o(.ARM.exidx.text.SPI_Cmd), (8 bytes).
    Removing cw32l012_spi.o(.text.SPI_ITConfig), (108 bytes).
    Removing cw32l012_spi.o(.ARM.exidx.text.SPI_ITConfig), (8 bytes).
    Removing cw32l012_spi.o(.text.SPI_GetITStatus), (72 bytes).
    Removing cw32l012_spi.o(.ARM.exidx.text.SPI_GetITStatus), (8 bytes).
    Removing cw32l012_spi.o(.text.SPI_ClearITPendingBit), (84 bytes).
    Removing cw32l012_spi.o(.ARM.exidx.text.SPI_ClearITPendingBit), (8 bytes).
    Removing cw32l012_spi.o(.text.SPI_GetFlagStatus), (84 bytes).
    Removing cw32l012_spi.o(.ARM.exidx.text.SPI_GetFlagStatus), (8 bytes).
    Removing cw32l012_spi.o(.text.SPI_ClearFlag), (92 bytes).
    Removing cw32l012_spi.o(.ARM.exidx.text.SPI_ClearFlag), (8 bytes).
    Removing cw32l012_spi.o(.text.SPI_BiDirectionalLineConfig), (72 bytes).
    Removing cw32l012_spi.o(.ARM.exidx.text.SPI_BiDirectionalLineConfig), (8 bytes).
    Removing cw32l012_spi.o(.text.SPI_DMACmd), (120 bytes).
    Removing cw32l012_spi.o(.ARM.exidx.text.SPI_DMACmd), (8 bytes).
    Removing cw32l012_spi.o(.text.SPI_NSSInternalSoftwareConfig), (72 bytes).
    Removing cw32l012_spi.o(.ARM.exidx.text.SPI_NSSInternalSoftwareConfig), (8 bytes).
    Removing cw32l012_spi.o(.text.SPI_DataSizeConfig), (92 bytes).
    Removing cw32l012_spi.o(.ARM.exidx.text.SPI_DataSizeConfig), (8 bytes).
    Removing cw32l012_spi.o(.text.SPI_MISOOutputConfig), (84 bytes).
    Removing cw32l012_spi.o(.ARM.exidx.text.SPI_MISOOutputConfig), (8 bytes).
    Removing cw32l012_spi.o(.text.SPI_FlushSendBuff), (10 bytes).
    Removing cw32l012_spi.o(.ARM.exidx.text.SPI_FlushSendBuff), (8 bytes).
    Removing cw32l012_sysctrl.o(.text), (0 bytes).
    Removing cw32l012_sysctrl.o(.text.SYSCTRL_HCLKPRS_Config), (56 bytes).
    Removing cw32l012_sysctrl.o(.ARM.exidx.text.SYSCTRL_HCLKPRS_Config), (8 bytes).
    Removing cw32l012_sysctrl.o(.text.SYSCTRL_PCLKPRS_Config), (56 bytes).
    Removing cw32l012_sysctrl.o(.ARM.exidx.text.SYSCTRL_PCLKPRS_Config), (8 bytes).
    Removing cw32l012_sysctrl.o(.text.SYSCTRL_SYSCLKSRC_Config), (196 bytes).
    Removing cw32l012_sysctrl.o(.ARM.exidx.text.SYSCTRL_SYSCLKSRC_Config), (8 bytes).
    Removing cw32l012_sysctrl.o(.text.SYSCTRL_SystemCoreClockUpdate), (12 bytes).
    Removing cw32l012_sysctrl.o(.ARM.exidx.text.SYSCTRL_SystemCoreClockUpdate), (8 bytes).
    Removing cw32l012_sysctrl.o(.text.SYSCTRL_GetHClkFreq), (140 bytes).
    Removing cw32l012_sysctrl.o(.ARM.exidx.text.SYSCTRL_GetHClkFreq), (8 bytes).
    Removing cw32l012_sysctrl.o(.text.SYSCTRL_CCS_Config), (80 bytes).
    Removing cw32l012_sysctrl.o(.ARM.exidx.text.SYSCTRL_CCS_Config), (8 bytes).
    Removing cw32l012_sysctrl.o(.text.SYSCTRL_LSELOCK_Config), (48 bytes).
    Removing cw32l012_sysctrl.o(.ARM.exidx.text.SYSCTRL_LSELOCK_Config), (8 bytes).
    Removing cw32l012_sysctrl.o(.text.SYSCTRL_WAKEUPCLK_Config), (56 bytes).
    Removing cw32l012_sysctrl.o(.ARM.exidx.text.SYSCTRL_WAKEUPCLK_Config), (8 bytes).
    Removing cw32l012_sysctrl.o(.text.SYSCTRL_LOCKUP_Config), (56 bytes).
    Removing cw32l012_sysctrl.o(.ARM.exidx.text.SYSCTRL_LOCKUP_Config), (8 bytes).
    Removing cw32l012_sysctrl.o(.text.SYSCTRL_SWDIO_Config), (56 bytes).
    Removing cw32l012_sysctrl.o(.ARM.exidx.text.SYSCTRL_SWDIO_Config), (8 bytes).
    Removing cw32l012_sysctrl.o(.text.SYSCTRL_DeInit), (164 bytes).
    Removing cw32l012_sysctrl.o(.ARM.exidx.text.SYSCTRL_DeInit), (8 bytes).
    Removing cw32l012_sysctrl.o(.text.SYSCTRL_GetPClkFreq), (144 bytes).
    Removing cw32l012_sysctrl.o(.ARM.exidx.text.SYSCTRL_GetPClkFreq), (8 bytes).
    Removing cw32l012_sysctrl.o(.ARM.exidx.text.SYSCTRL_HSI_Enable), (8 bytes).
    Removing cw32l012_sysctrl.o(.text.SYSCTRL_HSI_Disable), (28 bytes).
    Removing cw32l012_sysctrl.o(.ARM.exidx.text.SYSCTRL_HSI_Disable), (8 bytes).
    Removing cw32l012_sysctrl.o(.text.SYSCTRL_LSI_Enable), (116 bytes).
    Removing cw32l012_sysctrl.o(.ARM.exidx.text.SYSCTRL_LSI_Enable), (8 bytes).
    Removing cw32l012_sysctrl.o(.text.SYSCTRL_LSI_Disable), (28 bytes).
    Removing cw32l012_sysctrl.o(.ARM.exidx.text.SYSCTRL_LSI_Disable), (8 bytes).
    Removing cw32l012_sysctrl.o(.text.SYSCTRL_HSEWaitClockSet), (20 bytes).
    Removing cw32l012_sysctrl.o(.ARM.exidx.text.SYSCTRL_HSEWaitClockSet), (8 bytes).
    Removing cw32l012_sysctrl.o(.text.SYSCTRL_HEXEnablePinPolSet), (68 bytes).
    Removing cw32l012_sysctrl.o(.ARM.exidx.text.SYSCTRL_HEXEnablePinPolSet), (8 bytes).
    Removing cw32l012_sysctrl.o(.text.SYSCTRL_HSE_Enable), (224 bytes).
    Removing cw32l012_sysctrl.o(.ARM.exidx.text.SYSCTRL_HSE_Enable), (8 bytes).
    Removing cw32l012_sysctrl.o(.text.SYSCTRL_HSE_Disable), (28 bytes).
    Removing cw32l012_sysctrl.o(.ARM.exidx.text.SYSCTRL_HSE_Disable), (8 bytes).
    Removing cw32l012_sysctrl.o(.text.SYSCTRL_LSE_Enable), (212 bytes).
    Removing cw32l012_sysctrl.o(.ARM.exidx.text.SYSCTRL_LSE_Enable), (8 bytes).
    Removing cw32l012_sysctrl.o(.text.SYSCTRL_LSE_Disable), (28 bytes).
    Removing cw32l012_sysctrl.o(.ARM.exidx.text.SYSCTRL_LSE_Disable), (8 bytes).
    Removing cw32l012_sysctrl.o(.text.SYSCTRL_PLL_Enable), (1580 bytes).
    Removing cw32l012_sysctrl.o(.ARM.exidx.text.SYSCTRL_PLL_Enable), (8 bytes).
    Removing cw32l012_sysctrl.o(.text.SYSCTRL_PLL_Disable), (24 bytes).
    Removing cw32l012_sysctrl.o(.ARM.exidx.text.SYSCTRL_PLL_Disable), (8 bytes).
    Removing cw32l012_sysctrl.o(.text.SYSCTRL_SysClk_Switch), (340 bytes).
    Removing cw32l012_sysctrl.o(.ARM.exidx.text.SYSCTRL_SysClk_Switch), (8 bytes).
    Removing cw32l012_sysctrl.o(.text.SYSCTRL_ITConfig), (92 bytes).
    Removing cw32l012_sysctrl.o(.ARM.exidx.text.SYSCTRL_ITConfig), (8 bytes).
    Removing cw32l012_sysctrl.o(.text.SYSCTRL_GetITStatus), (136 bytes).
    Removing cw32l012_sysctrl.o(.ARM.exidx.text.SYSCTRL_GetITStatus), (8 bytes).
    Removing cw32l012_sysctrl.o(.text.SYSCTRL_ClearITPendingBit), (132 bytes).
    Removing cw32l012_sysctrl.o(.ARM.exidx.text.SYSCTRL_ClearITPendingBit), (8 bytes).
    Removing cw32l012_sysctrl.o(.text.SYSCTRL_GetStableFlag), (88 bytes).
    Removing cw32l012_sysctrl.o(.ARM.exidx.text.SYSCTRL_GetStableFlag), (8 bytes).
    Removing cw32l012_sysctrl.o(.text.SYSCTRL_GetAllStableFlag), (12 bytes).
    Removing cw32l012_sysctrl.o(.ARM.exidx.text.SYSCTRL_GetAllStableFlag), (8 bytes).
    Removing cw32l012_sysctrl.o(.ARM.exidx.text.SYSCTRL_AHBPeriphClk_Enable), (8 bytes).
    Removing cw32l012_sysctrl.o(.ARM.exidx.text.SYSCTRL_APBPeriphClk_Enable1), (8 bytes).
    Removing cw32l012_sysctrl.o(.text.SYSCTRL_APBPeriphClk_Enable2), (80 bytes).
    Removing cw32l012_sysctrl.o(.ARM.exidx.text.SYSCTRL_APBPeriphClk_Enable2), (8 bytes).
    Removing cw32l012_sysctrl.o(.text.SYSCTRL_AHBPeriphReset), (60 bytes).
    Removing cw32l012_sysctrl.o(.ARM.exidx.text.SYSCTRL_AHBPeriphReset), (8 bytes).
    Removing cw32l012_sysctrl.o(.text.SYSCTRL_APBPeriphReset1), (68 bytes).
    Removing cw32l012_sysctrl.o(.ARM.exidx.text.SYSCTRL_APBPeriphReset1), (8 bytes).
    Removing cw32l012_sysctrl.o(.text.SYSCTRL_APBPeriphReset2), (68 bytes).
    Removing cw32l012_sysctrl.o(.ARM.exidx.text.SYSCTRL_APBPeriphReset2), (8 bytes).
    Removing cw32l012_sysctrl.o(.text.SYSCTRL_GetRstFlag), (112 bytes).
    Removing cw32l012_sysctrl.o(.ARM.exidx.text.SYSCTRL_GetRstFlag), (8 bytes).
    Removing cw32l012_sysctrl.o(.text.SYSCTRL_GetAllRstFlag), (12 bytes).
    Removing cw32l012_sysctrl.o(.ARM.exidx.text.SYSCTRL_GetAllRstFlag), (8 bytes).
    Removing cw32l012_sysctrl.o(.text.SYSCTRL_ClearRstFlag), (108 bytes).
    Removing cw32l012_sysctrl.o(.ARM.exidx.text.SYSCTRL_ClearRstFlag), (8 bytes).
    Removing cw32l012_sysctrl.o(.text.SYSCTRL_PCLK_OUT), (48 bytes).
    Removing cw32l012_sysctrl.o(.ARM.exidx.text.SYSCTRL_PCLK_OUT), (8 bytes).
    Removing cw32l012_sysctrl.o(.text.SYSCTRL_MCO_OUT), (96 bytes).
    Removing cw32l012_sysctrl.o(.ARM.exidx.text.SYSCTRL_MCO_OUT), (8 bytes).
    Removing cw32l012_sysctrl.o(.text.SYSCTRL_GotoSleep), (24 bytes).
    Removing cw32l012_sysctrl.o(.ARM.exidx.text.SYSCTRL_GotoSleep), (8 bytes).
    Removing cw32l012_sysctrl.o(.text.SYSCTRL_GotoDeepSleep), (24 bytes).
    Removing cw32l012_sysctrl.o(.ARM.exidx.text.SYSCTRL_GotoDeepSleep), (8 bytes).
    Removing cw32l012_sysctrl.o(.text.SYSCTRL_ConfigSleepOnExit), (28 bytes).
    Removing cw32l012_sysctrl.o(.ARM.exidx.text.SYSCTRL_ConfigSleepOnExit), (8 bytes).
    Removing cw32l012_sysctrl.o(.rodata.hsiprs_tbl), (64 bytes).
    Removing cw32l012_systick.o(.text), (0 bytes).
    Removing cw32l012_systick.o(.ARM.exidx.text.InitTick), (8 bytes).
    Removing cw32l012_systick.o(.text.GetTick), (12 bytes).
    Removing cw32l012_systick.o(.ARM.exidx.text.GetTick), (8 bytes).
    Removing cw32l012_systick.o(.text.SysTickDelay), (36 bytes).
    Removing cw32l012_systick.o(.ARM.exidx.text.SysTickDelay), (8 bytes).
    Removing cw32l012_systick.o(.text.SuspendTick), (16 bytes).
    Removing cw32l012_systick.o(.ARM.exidx.text.SuspendTick), (8 bytes).
    Removing cw32l012_systick.o(.text.ResumeTick), (16 bytes).
    Removing cw32l012_systick.o(.ARM.exidx.text.ResumeTick), (8 bytes).
    Removing cw32l012_systick.o(.ARM.exidx.text.SysTick_Handler), (8 bytes).
    Removing cw32l012_startkit.o(.text), (0 bytes).
    Removing cw32l012_startkit.o(.text._sys_exit), (2 bytes).
    Removing cw32l012_startkit.o(.ARM.exidx.text._sys_exit), (8 bytes).
    Removing cw32l012_startkit.o(.text._ttywrch), (2 bytes).
    Removing cw32l012_startkit.o(.ARM.exidx.text._ttywrch), (8 bytes).
    Removing cw32l012_startkit.o(.text.UART_SendChar), (40 bytes).
    Removing cw32l012_startkit.o(.ARM.exidx.text.UART_SendChar), (8 bytes).
    Removing cw32l012_startkit.o(.text.fputc), (40 bytes).
    Removing cw32l012_startkit.o(.ARM.exidx.text.fputc), (8 bytes).
    Removing cw32l012_startkit.o(.text.Bsp_Uart_Init), (136 bytes).
    Removing cw32l012_startkit.o(.ARM.exidx.text.Bsp_Uart_Init), (8 bytes).
    Removing cw32l012_startkit.o(.text.Bsp_Uart_Closed), (76 bytes).
    Removing cw32l012_startkit.o(.ARM.exidx.text.Bsp_Uart_Closed), (8 bytes).
    Removing cw32l012_startkit.o(.text.Bsp_Key_Init), (30 bytes).
    Removing cw32l012_startkit.o(.ARM.exidx.text.Bsp_Key_Init), (8 bytes).
    Removing cw32l012_startkit.o(.text.Bsp_Read_Key), (12 bytes).
    Removing cw32l012_startkit.o(.ARM.exidx.text.Bsp_Read_Key), (8 bytes).
    Removing cw32l012_startkit.o(.text.Bsp_Led_Init), (34 bytes).
    Removing cw32l012_startkit.o(.ARM.exidx.text.Bsp_Led_Init), (8 bytes).
    Removing cw32l012_startkit.o(.text.Bsp_Led_Off), (12 bytes).
    Removing cw32l012_startkit.o(.ARM.exidx.text.Bsp_Led_Off), (8 bytes).
    Removing cw32l012_startkit.o(.text.Bsp_Led_On), (12 bytes).
    Removing cw32l012_startkit.o(.ARM.exidx.text.Bsp_Led_On), (8 bytes).
    Removing cw32l012_startkit.o(.text.Bsp_Led_Tog), (12 bytes).
    Removing cw32l012_startkit.o(.ARM.exidx.text.Bsp_Led_Tog), (8 bytes).
    Removing cw32l012_startkit.o(.text.Bsp_Init), (232 bytes).
    Removing cw32l012_startkit.o(.ARM.exidx.text.Bsp_Init), (8 bytes).
    Removing cw32l012_startkit.o(.bss.__stdout), (84 bytes).
    Removing cw32l012_startkit.o(.data..L_MergedGlobals), (32 bytes).

201 unused section(s) (total 9009 bytes) removed from the image.

==============================================================================

Image Symbol Table

    Local Symbols

    Symbol Name                              Value     Ov Type        Size  Object(Section)

    ../../../../IDEsupport/MDK/startup_cw32l012.s 0x00000000   Number         0  startup_cw32l012.o ABSOLUTE
    ../clib/division.s                       0x00000000   Number         0  aeabi_sdivfast.o ABSOLUTE
    ../clib/division.s                       0x00000000   Number         0  aeabi_sdivfast_div0.o ABSOLUTE
    ../clib/microlib/division.c              0x00000000   Number         0  uidiv.o ABSOLUTE
    ../clib/microlib/division.c              0x00000000   Number         0  uldiv.o ABSOLUTE
    ../clib/microlib/division.c              0x00000000   Number         0  uidiv_div0.o ABSOLUTE
    ../clib/microlib/division.c              0x00000000   Number         0  idiv_div0.o ABSOLUTE
    ../clib/microlib/division.c              0x00000000   Number         0  idiv0.o ABSOLUTE
    ../clib/microlib/init/entry.s            0x00000000   Number         0  entry.o ABSOLUTE
    ../clib/microlib/init/entry.s            0x00000000   Number         0  entry2.o ABSOLUTE
    ../clib/microlib/init/entry.s            0x00000000   Number         0  entry5.o ABSOLUTE
    ../clib/microlib/init/entry.s            0x00000000   Number         0  entry7a.o ABSOLUTE
    ../clib/microlib/init/entry.s            0x00000000   Number         0  entry7b.o ABSOLUTE
    ../clib/microlib/init/entry.s            0x00000000   Number         0  entry8a.o ABSOLUTE
    ../clib/microlib/init/entry.s            0x00000000   Number         0  entry8b.o ABSOLUTE
    ../clib/microlib/init/entry.s            0x00000000   Number         0  entry9a.o ABSOLUTE
    ../clib/microlib/init/entry.s            0x00000000   Number         0  entry9b.o ABSOLUTE
    ../clib/microlib/init/entry.s            0x00000000   Number         0  entry10a.o ABSOLUTE
    ../clib/microlib/init/entry.s            0x00000000   Number         0  entry10b.o ABSOLUTE
    ../clib/microlib/init/entry.s            0x00000000   Number         0  entry11a.o ABSOLUTE
    ../clib/microlib/init/entry.s            0x00000000   Number         0  entry11b.o ABSOLUTE
    ../clib/microlib/longlong.c              0x00000000   Number         0  llshl.o ABSOLUTE
    ../clib/microlib/longlong.c              0x00000000   Number         0  llushr.o ABSOLUTE
    ../clib/microlib/stubs.s                 0x00000000   Number         0  useno.o ABSOLUTE
    cw32l012_gpio.c                          0x00000000   Number         0  cw32l012_gpio.o ABSOLUTE
    cw32l012_spi.c                           0x00000000   Number         0  cw32l012_spi.o ABSOLUTE
    cw32l012_startkit.c                      0x00000000   Number         0  cw32l012_startkit.o ABSOLUTE
    cw32l012_sysctrl.c                       0x00000000   Number         0  cw32l012_sysctrl.o ABSOLUTE
    cw32l012_systick.c                       0x00000000   Number         0  cw32l012_systick.o ABSOLUTE
    dc.s                                     0x00000000   Number         0  dc.o ABSOLUTE
    handlers.s                               0x00000000   Number         0  handlers.o ABSOLUTE
    init.s                                   0x00000000   Number         0  init.o ABSOLUTE
    main.c                                   0x00000000   Number         0  main.o ABSOLUTE
    system_cw32l012.c                        0x00000000   Number         0  system_cw32l012.o ABSOLUTE
    RESET                                    0x00000000   Section      192  startup_cw32l012.o(RESET)
    .ARM.Collect$$$$00000000                 0x000000c0   Section        0  entry.o(.ARM.Collect$$$$00000000)
    .ARM.Collect$$$$00000001                 0x000000c0   Section        4  entry2.o(.ARM.Collect$$$$00000001)
    .ARM.Collect$$$$00000004                 0x000000c4   Section        4  entry5.o(.ARM.Collect$$$$00000004)
    .ARM.Collect$$$$00000008                 0x000000c8   Section        0  entry7b.o(.ARM.Collect$$$$00000008)
    .ARM.Collect$$$$0000000A                 0x000000c8   Section        0  entry8b.o(.ARM.Collect$$$$0000000A)
    .ARM.Collect$$$$0000000B                 0x000000c8   Section        8  entry9a.o(.ARM.Collect$$$$0000000B)
    __lit__00000000                          0x000000d0   Data           4  entry2.o(.ARM.Collect$$$$00002712)
    .ARM.Collect$$$$0000000D                 0x000000d0   Section        0  entry10a.o(.ARM.Collect$$$$0000000D)
    .ARM.Collect$$$$0000000F                 0x000000d0   Section        0  entry11a.o(.ARM.Collect$$$$0000000F)
    .ARM.Collect$$$$00002712                 0x000000d0   Section        4  entry2.o(.ARM.Collect$$$$00002712)
    .text                                    0x000000d4   Section       40  startup_cw32l012.o(.text)
    .text                                    0x000000fc   Section        0  uidiv_div0.o(.text)
    .text                                    0x0000013c   Section       48  init.o(.text)
    [Anonymous Symbol]                       0x0000016c   Section        0  cw32l012_gpio.o(.text.GPIO_Init)
    [Anonymous Symbol]                       0x00000228   Section        0  cw32l012_systick.o(.text.InitTick)
    __arm_cp.0_1                             0x0000026c   Number         4  cw32l012_systick.o(.text.InitTick)
    __arm_cp.0_2                             0x00000270   Number         4  cw32l012_systick.o(.text.InitTick)
    __arm_cp.0_3                             0x00000274   Number         4  cw32l012_systick.o(.text.InitTick)
    [Anonymous Symbol]                       0x00000278   Section        0  cw32l012_spi.o(.text.SPI_Cmd)
    [Anonymous Symbol]                       0x000002b4   Section        0  cw32l012_spi.o(.text.SPI_Init)
    __arm_cp.3_4                             0x000003a4   Number         4  cw32l012_spi.o(.text.SPI_Init)
    __arm_cp.3_5                             0x000003a8   Number         4  cw32l012_spi.o(.text.SPI_Init)
    [Anonymous Symbol]                       0x000003ac   Section        0  cw32l012_spi.o(.text.SPI_TransmitReceive)
    __arm_cp.2_0                             0x0000040c   Number         4  cw32l012_spi.o(.text.SPI_TransmitReceive)
    __arm_cp.2_1                             0x00000410   Number         4  cw32l012_spi.o(.text.SPI_TransmitReceive)
    __arm_cp.2_2                             0x00000414   Number         4  cw32l012_spi.o(.text.SPI_TransmitReceive)
    __arm_cp.2_3                             0x00000418   Number         4  cw32l012_spi.o(.text.SPI_TransmitReceive)
    [Anonymous Symbol]                       0x0000041c   Section        0  cw32l012_sysctrl.o(.text.SYSCTRL_AHBPeriphClk_Enable)
    __arm_cp.30_2                            0x00000450   Number         4  cw32l012_sysctrl.o(.text.SYSCTRL_AHBPeriphClk_Enable)
    [Anonymous Symbol]                       0x00000454   Section        0  cw32l012_sysctrl.o(.text.SYSCTRL_APBPeriphClk_Enable1)
    __arm_cp.31_0                            0x00000490   Number         4  cw32l012_sysctrl.o(.text.SYSCTRL_APBPeriphClk_Enable1)
    __arm_cp.31_2                            0x00000494   Number         4  cw32l012_sysctrl.o(.text.SYSCTRL_APBPeriphClk_Enable1)
    __arm_cp.31_3                            0x00000498   Number         4  cw32l012_sysctrl.o(.text.SYSCTRL_APBPeriphClk_Enable1)
    [Anonymous Symbol]                       0x0000049c   Section        0  cw32l012_sysctrl.o(.text.SYSCTRL_HSI_Enable)
    __arm_cp.12_3                            0x00000590   Number         4  cw32l012_sysctrl.o(.text.SYSCTRL_HSI_Enable)
    __arm_cp.12_4                            0x00000594   Number         4  cw32l012_sysctrl.o(.text.SYSCTRL_HSI_Enable)
    __arm_cp.12_5                            0x00000598   Number         4  cw32l012_sysctrl.o(.text.SYSCTRL_HSI_Enable)
    __arm_cp.12_6                            0x0000059c   Number         4  cw32l012_sysctrl.o(.text.SYSCTRL_HSI_Enable)
    [Anonymous Symbol]                       0x000005a0   Section        0  cw32l012_systick.o(.text.SysTick_Handler)
    __arm_cp.5_0                             0x000005b0   Number         4  cw32l012_systick.o(.text.SysTick_Handler)
    __arm_cp.5_1                             0x000005b4   Number         4  cw32l012_systick.o(.text.SysTick_Handler)
    [Anonymous Symbol]                       0x000005b8   Section        0  system_cw32l012.o(.text.SystemInit)
    __arm_cp.1_0                             0x00000610   Number         4  system_cw32l012.o(.text.SystemInit)
    __arm_cp.1_1                             0x00000614   Number         4  system_cw32l012.o(.text.SystemInit)
    __arm_cp.1_2                             0x00000618   Number         4  system_cw32l012.o(.text.SystemInit)
    __arm_cp.1_3                             0x0000061c   Number         4  system_cw32l012.o(.text.SystemInit)
    __arm_cp.1_4                             0x00000620   Number         4  system_cw32l012.o(.text.SystemInit)
    __arm_cp.1_5                             0x00000624   Number         4  system_cw32l012.o(.text.SystemInit)
    __arm_cp.1_6                             0x00000628   Number         4  system_cw32l012.o(.text.SystemInit)
    __arm_cp.1_7                             0x0000062c   Number         4  system_cw32l012.o(.text.SystemInit)
    __arm_cp.1_8                             0x00000630   Number         4  system_cw32l012.o(.text.SystemInit)
    __arm_cp.1_9                             0x00000634   Number         4  system_cw32l012.o(.text.SystemInit)
    [Anonymous Symbol]                       0x00000638   Section        0  main.o(.text.assert_failed)
    [Anonymous Symbol]                       0x0000063c   Section        0  main.o(.text.main)
    __arm_cp.0_0                             0x000008dc   Number         4  main.o(.text.main)
    __arm_cp.0_1                             0x000008e0   Number         4  main.o(.text.main)
    __arm_cp.0_2                             0x000008e4   Number         4  main.o(.text.main)
    __arm_cp.0_3                             0x000008e8   Number         4  main.o(.text.main)
    __arm_cp.0_4                             0x000008ec   Number         4  main.o(.text.main)
    __arm_cp.0_5                             0x000008f0   Number         4  main.o(.text.main)
    i.__scatterload_copy                     0x000008f4   Section       14  handlers.o(i.__scatterload_copy)
    i.__scatterload_null                     0x00000902   Section        2  handlers.o(i.__scatterload_null)
    i.__scatterload_zeroinit                 0x00000904   Section       14  handlers.o(i.__scatterload_zeroinit)
    [Anonymous Symbol]                       0x00000912   Section        0  cw32l012_spi.o(.rodata.str1.1)
    [Anonymous Symbol]                       0x0000093b   Section        0  cw32l012_sysctrl.o(.rodata.str1.1)
    [Anonymous Symbol]                       0x20000000   Section        0  main.o(.data..L_MergedGlobals)
    [Anonymous Symbol]                       0x20000048   Section        0  cw32l012_systick.o(.data..L_MergedGlobals)
    [Anonymous Symbol]                       0x20000058   Section        0  main.o(.bss..L_MergedGlobals.1)
    STACK                                    0x20000088   Section     1024  startup_cw32l012.o(STACK)

    Global Symbols

    Symbol Name                              Value     Ov Type        Size  Object(Section)

    BuildAttributes$$THM_ISAv3M$S$PE$A:L22$X:L11$S22$IEEE1$IW$~IW$USESV6$~STKCKD$USESV7$~SHL$OTIME$EBA8$MICROLIB$REQ8$PRES8$EABIv2 0x00000000   Number         0  anon$$obj.o ABSOLUTE
    __Vectors                                0x00000000   Data           0  startup_cw32l012.o(RESET)
    __use_no_errno                           0x00000000   Number         0  useno.o ABSOLUTE
    __use_no_exception_handling              0x00000000   Number         0  useno.o ABSOLUTE
    __use_no_fp                              0x00000000   Number         0  useno.o ABSOLUTE
    __use_no_heap                            0x00000000   Number         0  useno.o ABSOLUTE
    __use_no_heap_region                     0x00000000   Number         0  useno.o ABSOLUTE
    __use_no_semihosting                     0x00000000   Number         0  useno.o ABSOLUTE
    __use_no_semihosting_swi                 0x00000000   Number         0  useno.o ABSOLUTE
    __use_no_signal_handling                 0x00000000   Number         0  useno.o ABSOLUTE
    __cpp_initialize__aeabi_                  - Undefined Weak Reference
    __cxa_finalize                            - Undefined Weak Reference
    __decompress                              - Undefined Weak Reference
    _clock_init                               - Undefined Weak Reference
    _microlib_exit                            - Undefined Weak Reference
    __Vectors_End                            0x000000c0   Data           0  startup_cw32l012.o(RESET)
    __Vectors_Size                           0x000000c0   Number         0  startup_cw32l012.o ABSOLUTE
    __main                                   0x000000c1   Thumb Code     0  entry.o(.ARM.Collect$$$$00000000)
    _main_stk                                0x000000c1   Thumb Code     0  entry2.o(.ARM.Collect$$$$00000001)
    _main_scatterload                        0x000000c5   Thumb Code     0  entry5.o(.ARM.Collect$$$$00000004)
    __main_after_scatterload                 0x000000c9   Thumb Code     0  entry5.o(.ARM.Collect$$$$00000004)
    _main_clock                              0x000000c9   Thumb Code     0  entry7b.o(.ARM.Collect$$$$00000008)
    _main_cpp_init                           0x000000c9   Thumb Code     0  entry8b.o(.ARM.Collect$$$$0000000A)
    _main_init                               0x000000c9   Thumb Code     0  entry9a.o(.ARM.Collect$$$$0000000B)
    __rt_final_cpp                           0x000000d1   Thumb Code     0  entry10a.o(.ARM.Collect$$$$0000000D)
    __rt_final_exit                          0x000000d1   Thumb Code     0  entry11a.o(.ARM.Collect$$$$0000000F)
    Reset_Handler                            0x000000d5   Thumb Code    14  startup_cw32l012.o(.text)
    NMI_Handler                              0x000000e3   Thumb Code     2  startup_cw32l012.o(.text)
    HardFault_Handler                        0x000000e5   Thumb Code     2  startup_cw32l012.o(.text)
    SVC_Handler                              0x000000e7   Thumb Code     2  startup_cw32l012.o(.text)
    PendSV_Handler                           0x000000e9   Thumb Code     2  startup_cw32l012.o(.text)
    ADC1_IRQHandler                          0x000000ed   Thumb Code     0  startup_cw32l012.o(.text)
    ADC2_DAC_IRQHandler                      0x000000ed   Thumb Code     0  startup_cw32l012.o(.text)
    ATIM_IRQHandler                          0x000000ed   Thumb Code     0  startup_cw32l012.o(.text)
    BTIM1_IRQHandler                         0x000000ed   Thumb Code     0  startup_cw32l012.o(.text)
    BTIM2_IRQHandler                         0x000000ed   Thumb Code     0  startup_cw32l012.o(.text)
    BTIM3_HALLTIM_IRQHandler                 0x000000ed   Thumb Code     0  startup_cw32l012.o(.text)
    CLKFAULT_IRQHandler                      0x000000ed   Thumb Code     0  startup_cw32l012.o(.text)
    CORDIC_IRQHandler                        0x000000ed   Thumb Code     0  startup_cw32l012.o(.text)
    DMACH12_IRQHandler                       0x000000ed   Thumb Code     0  startup_cw32l012.o(.text)
    DMACH34_IRQHandler                       0x000000ed   Thumb Code     0  startup_cw32l012.o(.text)
    FLASHRAM_IRQHandler                      0x000000ed   Thumb Code     0  startup_cw32l012.o(.text)
    GPIOA_IRQHandler                         0x000000ed   Thumb Code     0  startup_cw32l012.o(.text)
    GPIOB_IRQHandler                         0x000000ed   Thumb Code     0  startup_cw32l012.o(.text)
    GPIOC_IRQHandler                         0x000000ed   Thumb Code     0  startup_cw32l012.o(.text)
    GPIOF_IRQHandler                         0x000000ed   Thumb Code     0  startup_cw32l012.o(.text)
    GTIM1_IRQHandler                         0x000000ed   Thumb Code     0  startup_cw32l012.o(.text)
    GTIM2_IRQHandler                         0x000000ed   Thumb Code     0  startup_cw32l012.o(.text)
    GTIM34_IRQHandler                        0x000000ed   Thumb Code     0  startup_cw32l012.o(.text)
    I2C1_IRQHandler                          0x000000ed   Thumb Code     0  startup_cw32l012.o(.text)
    I2C2_IRQHandler                          0x000000ed   Thumb Code     0  startup_cw32l012.o(.text)
    LPTIM_IRQHandler                         0x000000ed   Thumb Code     0  startup_cw32l012.o(.text)
    LVD_IRQHandler                           0x000000ed   Thumb Code     0  startup_cw32l012.o(.text)
    RTC_IRQHandler                           0x000000ed   Thumb Code     0  startup_cw32l012.o(.text)
    SPI1_IRQHandler                          0x000000ed   Thumb Code     0  startup_cw32l012.o(.text)
    SPI23_IRQHandler                         0x000000ed   Thumb Code     0  startup_cw32l012.o(.text)
    SYSCTRL_IRQHandler                       0x000000ed   Thumb Code     0  startup_cw32l012.o(.text)
    UART1_IRQHandler                         0x000000ed   Thumb Code     0  startup_cw32l012.o(.text)
    UART2_IRQHandler                         0x000000ed   Thumb Code     0  startup_cw32l012.o(.text)
    UART3_IRQHandler                         0x000000ed   Thumb Code     0  startup_cw32l012.o(.text)
    VC13_IRQHandler                          0x000000ed   Thumb Code     0  startup_cw32l012.o(.text)
    VC24_IRQHandler                          0x000000ed   Thumb Code     0  startup_cw32l012.o(.text)
    WDT_IRQHandler                           0x000000ed   Thumb Code     0  startup_cw32l012.o(.text)
    __aeabi_uidiv                            0x000000fd   Thumb Code     0  uidiv_div0.o(.text)
    __aeabi_uidivmod                         0x000000fd   Thumb Code    62  uidiv_div0.o(.text)
    __scatterload                            0x0000013d   Thumb Code    38  init.o(.text)
    __scatterload_rt2                        0x0000013d   Thumb Code     0  init.o(.text)
    GPIO_Init                                0x0000016d   Thumb Code   172  cw32l012_gpio.o(.text.GPIO_Init)
    InitTick                                 0x00000229   Thumb Code    68  cw32l012_systick.o(.text.InitTick)
    SPI_Cmd                                  0x00000279   Thumb Code    60  cw32l012_spi.o(.text.SPI_Cmd)
    SPI_Init                                 0x000002b5   Thumb Code   240  cw32l012_spi.o(.text.SPI_Init)
    SPI_TransmitReceive                      0x000003ad   Thumb Code    96  cw32l012_spi.o(.text.SPI_TransmitReceive)
    SYSCTRL_AHBPeriphClk_Enable              0x0000041d   Thumb Code    52  cw32l012_sysctrl.o(.text.SYSCTRL_AHBPeriphClk_Enable)
    SYSCTRL_APBPeriphClk_Enable1             0x00000455   Thumb Code    60  cw32l012_sysctrl.o(.text.SYSCTRL_APBPeriphClk_Enable1)
    SYSCTRL_HSI_Enable                       0x0000049d   Thumb Code   244  cw32l012_sysctrl.o(.text.SYSCTRL_HSI_Enable)
    SysTick_Handler                          0x000005a1   Thumb Code    16  cw32l012_systick.o(.text.SysTick_Handler)
    SystemInit                               0x000005b9   Thumb Code    88  system_cw32l012.o(.text.SystemInit)
    assert_failed                            0x00000639   Thumb Code     2  main.o(.text.assert_failed)
    main                                     0x0000063d   Thumb Code   672  main.o(.text.main)
    __scatterload_copy                       0x000008f5   Thumb Code    14  handlers.o(i.__scatterload_copy)
    __scatterload_null                       0x00000903   Thumb Code     2  handlers.o(i.__scatterload_null)
    __scatterload_zeroinit                   0x00000905   Thumb Code    14  handlers.o(i.__scatterload_zeroinit)
    Region$$Table$$Base                      0x00000968   Number         0  anon$$obj.o(Region$$Table)
    Region$$Table$$Limit                     0x00000988   Number         0  anon$$obj.o(Region$$Table)
    TxBuffer1                                0x20000000   Data          35  main.o(.data..L_MergedGlobals)
    TxBuffer2                                0x20000023   Data          35  main.o(.data..L_MergedGlobals)
    uwTickFreq                               0x20000048   Data           1  cw32l012_systick.o(.data..L_MergedGlobals)
    uwTickPrio                               0x2000004c   Data           4  cw32l012_systick.o(.data..L_MergedGlobals)
    SystemCoreClock                          0x20000050   Data           4  system_cw32l012.o(.data.SystemCoreClock)
    TxRxCounter                              0x20000058   Data           1  main.o(.bss..L_MergedGlobals.1)
    TransferStatus                           0x20000059   Data           1  main.o(.bss..L_MergedGlobals.1)
    RxBuffer1                                0x2000005a   Data          35  main.o(.bss..L_MergedGlobals.1)
    uwTick                                   0x20000080   Data           4  cw32l012_systick.o(.bss.uwTick)
    __initial_sp                             0x20000488   Data           0  startup_cw32l012.o(STACK)



==============================================================================

Memory Map of the image

  Image Entry point : 0x000000c1

  Load Region LR_IROM1 (Base: 0x00000000, Size: 0x000009e0, Max: 0x00010000, ABSOLUTE)

    Execution Region ER_IROM1 (Exec base: 0x00000000, Load base: 0x00000000, Size: 0x00000988, Max: 0x00010000, ABSOLUTE)

    Exec Addr    Load Addr    Size         Type   Attr      Idx    E Section Name        Object

    0x00000000   0x00000000   0x000000c0   Data   RO            3    RESET               startup_cw32l012.o
    0x000000c0   0x000000c0   0x00000000   Code   RO          278  * .ARM.Collect$$$$00000000  mc_p.l(entry.o)
    0x000000c0   0x000000c0   0x00000004   Code   RO          289    .ARM.Collect$$$$00000001  mc_p.l(entry2.o)
    0x000000c4   0x000000c4   0x00000004   Code   RO          292    .ARM.Collect$$$$00000004  mc_p.l(entry5.o)
    0x000000c8   0x000000c8   0x00000000   Code   RO          294    .ARM.Collect$$$$00000008  mc_p.l(entry7b.o)
    0x000000c8   0x000000c8   0x00000000   Code   RO          296    .ARM.Collect$$$$0000000A  mc_p.l(entry8b.o)
    0x000000c8   0x000000c8   0x00000008   Code   RO          297    .ARM.Collect$$$$0000000B  mc_p.l(entry9a.o)
    0x000000d0   0x000000d0   0x00000000   Code   RO          299    .ARM.Collect$$$$0000000D  mc_p.l(entry10a.o)
    0x000000d0   0x000000d0   0x00000000   Code   RO          301    .ARM.Collect$$$$0000000F  mc_p.l(entry11a.o)
    0x000000d0   0x000000d0   0x00000004   Code   RO          290    .ARM.Collect$$$$00002712  mc_p.l(entry2.o)
    0x000000d4   0x000000d4   0x00000028   Code   RO            4    .text               startup_cw32l012.o
    0x000000fc   0x000000fc   0x0000003e   Code   RO          307    .text               mc_p.l(uidiv_div0.o)
    0x0000013a   0x0000013a   0x00000002   PAD
    0x0000013c   0x0000013c   0x00000030   Code   RO          317    .text               mc_p.l(init.o)
    0x0000016c   0x0000016c   0x000000bc   Code   RO           50    .text.GPIO_Init     cw32l012_gpio.o
    0x00000228   0x00000228   0x00000050   Code   RO          221    .text.InitTick      cw32l012_systick.o
    0x00000278   0x00000278   0x0000003c   Code   RO           90    .text.SPI_Cmd       cw32l012_spi.o
    0x000002b4   0x000002b4   0x000000f8   Code   RO           84    .text.SPI_Init      cw32l012_spi.o
    0x000003ac   0x000003ac   0x00000070   Code   RO           82    .text.SPI_TransmitReceive  cw32l012_spi.o
    0x0000041c   0x0000041c   0x00000038   Code   RO          183    .text.SYSCTRL_AHBPeriphClk_Enable  cw32l012_sysctrl.o
    0x00000454   0x00000454   0x00000048   Code   RO          185    .text.SYSCTRL_APBPeriphClk_Enable1  cw32l012_sysctrl.o
    0x0000049c   0x0000049c   0x00000104   Code   RO          147    .text.SYSCTRL_HSI_Enable  cw32l012_sysctrl.o
    0x000005a0   0x000005a0   0x00000018   Code   RO          231    .text.SysTick_Handler  cw32l012_systick.o
    0x000005b8   0x000005b8   0x00000080   Code   RO           13    .text.SystemInit    system_cw32l012.o
    0x00000638   0x00000638   0x00000002   Code   RO           36    .text.assert_failed  main.o
    0x0000063a   0x0000063a   0x00000002   PAD
    0x0000063c   0x0000063c   0x000002b8   Code   RO           26    .text.main          main.o
    0x000008f4   0x000008f4   0x0000000e   Code   RO          321    i.__scatterload_copy  mc_p.l(handlers.o)
    0x00000902   0x00000902   0x00000002   Code   RO          322    i.__scatterload_null  mc_p.l(handlers.o)
    0x00000904   0x00000904   0x0000000e   Code   RO          323    i.__scatterload_zeroinit  mc_p.l(handlers.o)
    0x00000912   0x00000912   0x00000029   Data   RO          114    .rodata.str1.1      cw32l012_spi.o
    0x0000093b   0x0000093b   0x0000002d   Data   RO          212    .rodata.str1.1      cw32l012_sysctrl.o
    0x00000968   0x00000968   0x00000020   Data   RO          320    Region$$Table       anon$$obj.o


    Execution Region RW_IRAM1 (Exec base: 0x20000000, Load base: 0x00000988, Size: 0x00000488, Max: 0x00002000, ABSOLUTE)

    Exec Addr    Load Addr    Size         Type   Attr      Idx    E Section Name        Object

    0x20000000   0x00000988   0x00000046   Data   RW           40    .data..L_MergedGlobals  main.o
    0x20000046   0x000009ce   0x00000002   PAD
    0x20000048   0x000009d0   0x00000008   Data   RW          234    .data..L_MergedGlobals  cw32l012_systick.o
    0x20000050   0x000009d8   0x00000004   Data   RW           17    .data.SystemCoreClock  system_cw32l012.o
    0x20000054   0x000009dc   0x00000004   PAD
    0x20000058        -       0x00000025   Zero   RW           41    .bss..L_MergedGlobals.1  main.o
    0x2000007d   0x000009dc   0x00000003   PAD
    0x20000080        -       0x00000004   Zero   RW          233    .bss.uwTick         cw32l012_systick.o
    0x20000084   0x000009dc   0x00000004   PAD
    0x20000088        -       0x00000400   Zero   RW            1    STACK               startup_cw32l012.o


==============================================================================

Image component sizes


      Code (inc. data)   RO Data    RW Data    ZI Data      Debug   Object Name

       188         16          0          0          0      12451   cw32l012_gpio.o
       420         24         41          0          0      11301   cw32l012_spi.o
       388         32         45          0          0      28984   cw32l012_sysctrl.o
       104         20          0          8          4       3775   cw32l012_systick.o
       698         24          0         70         37      12391   main.o
        40         14        192          0       1024        780   startup_cw32l012.o
       128         40          0          4          0       5698   system_cw32l012.o

    ----------------------------------------------------------------------
      1968        170        310         84       1076      75380   Object Totals
         0          0         32          0          0          0   (incl. Generated)
         2          0          0          2         11          0   (incl. Padding)

    ----------------------------------------------------------------------

      Code (inc. data)   RO Data    RW Data    ZI Data      Debug   Library Member Name

         0          0          0          0          0          0   entry.o
         0          0          0          0          0          0   entry10a.o
         0          0          0          0          0          0   entry11a.o
         8          4          0          0          0          0   entry2.o
         4          0          0          0          0          0   entry5.o
         0          0          0          0          0          0   entry7b.o
         0          0          0          0          0          0   entry8b.o
         8          4          0          0          0          0   entry9a.o
        30          0          0          0          0          0   handlers.o
        48         10          0          0          0         68   init.o
        62          0          0          0          0         72   uidiv_div0.o

    ----------------------------------------------------------------------
       162         18          0          0          0        140   Library Totals
         2          0          0          0          0          0   (incl. Padding)

    ----------------------------------------------------------------------

      Code (inc. data)   RO Data    RW Data    ZI Data      Debug   Library Name

       160         18          0          0          0        140   mc_p.l

    ----------------------------------------------------------------------
       162         18          0          0          0        140   Library Totals

    ----------------------------------------------------------------------

==============================================================================


      Code (inc. data)   RO Data    RW Data    ZI Data      Debug   

      2130        188        310         84       1076      75572   Grand Totals
      2130        188        310         84       1076      75572   ELF Image Totals
      2130        188        310         84          0          0   ROM Totals

==============================================================================

    Total RO  Size (Code + RO Data)                 2440 (   2.38kB)
    Total RW  Size (RW Data + ZI Data)              1160 (   1.13kB)
    Total ROM Size (Code + RO Data + RW Data)       2524 (   2.46kB)

==============================================================================

