Component: ARM Compiler 5.06 update 7 (build 960) Tool: armlink [4d3601]

==============================================================================

Section Cross References



==============================================================================

Image Symbol Table

    Local Symbols

    Symbol Name                              Value     Ov Type        Size  Object(Section)

    .constdata                               0x00000000   Section      215  ex_flash_demo.o(.constdata)
    ex_flash_demo.c                          0x00000000   Number         0  ex_flash_demo.o ABSOLUTE
    .constdata                               0x000000d7   Section      213  ex_flash_demo.o(.constdata)
    .constdata                               0x000001ac   Section      195  ex_flash_demo.o(.constdata)
    .constdata                               0x0000026f   Section      179  ex_flash_demo.o(.constdata)
    .constdata                               0x00000322   Section      197  ex_flash_demo.o(.constdata)
    .constdata                               0x000003e7   Section      183  ex_flash_demo.o(.constdata)
    .constdata                               0x0000049e   Section      181  ex_flash_demo.o(.constdata)
    .constdata                               0x00000553   Section      191  ex_flash_demo.o(.constdata)
    .constdata                               0x00000612   Section      187  ex_flash_demo.o(.constdata)
    .constdata                               0x000006cd   Section      177  ex_flash_demo.o(.constdata)
    .constdata                               0x0000077e   Section      169  ex_flash_demo.o(.constdata)
    .constdata                               0x00000827   Section      153  ex_flash_demo.o(.constdata)
    .constdata                               0x000008c0   Section      151  ex_flash_demo.o(.constdata)
    .constdata                               0x00000957   Section      157  ex_flash_demo.o(.constdata)
    .constdata                               0x000009f4   Section      163  ex_flash_demo.o(.constdata)
    .constdata                               0x00000a97   Section      141  ex_flash_demo.o(.constdata)
    .constdata                               0x00000b24   Section      167  ex_flash_demo.o(.constdata)
    .constdata                               0x00000bcb   Section      167  ex_flash_demo.o(.constdata)
    .constdata                               0x00000c72   Section      167  ex_flash_demo.o(.constdata)
    .constdata                               0x00000d19   Section      163  ex_flash_demo.o(.constdata)
    .constdata                               0x00000dbc   Section      159  ex_flash_demo.o(.constdata)
    .constdata                               0x00000e5b   Section      165  ex_flash_demo.o(.constdata)
    .constdata                               0x00000f00   Section      161  ex_flash_demo.o(.constdata)
    .constdata                               0x00000fa1   Section      153  ex_flash_demo.o(.constdata)
    .constdata                               0x0000103a   Section      159  ex_flash_demo.o(.constdata)
    .constdata                               0x000010d9   Section      165  ex_flash_demo.o(.constdata)
    .constdata                               0x0000117e   Section      201  ex_flash_demo.o(.constdata)
    .constdata                               0x00001247   Section      213  ex_flash_demo.o(.constdata)
    .constdata                               0x0000131c   Section      237  ex_flash_demo.o(.constdata)
    .constdata                               0x00001409   Section      275  ex_flash_demo.o(.constdata)
    .constdata                               0x0000151c   Section      267  ex_flash_demo.o(.constdata)
    .constdata                               0x00001627   Section      243  ex_flash_demo.o(.constdata)
    .constdata                               0x0000171a   Section      203  ex_flash_demo.o(.constdata)
    .constdata                               0x000017e5   Section      135  ex_flash_demo.o(.constdata)
    .constdata                               0x0000186c   Section       99  ex_flash_demo.o(.constdata)
    .constdata                               0x000018cf   Section       63  ex_flash_demo.o(.constdata)
    .constdata                               0x0000190e   Section       51  ex_flash_demo.o(.constdata)
    .constdata                               0x00001941   Section       43  ex_flash_demo.o(.constdata)
    .constdata                               0x0000196c   Section       37  ex_flash_demo.o(.constdata)
    .constdata                               0x00001991   Section       37  ex_flash_demo.o(.constdata)
    .constdata                               0x000019b6   Section       33  ex_flash_demo.o(.constdata)
    .constdata                               0x000019d7   Section       33  ex_flash_demo.o(.constdata)
    .constdata                               0x000019f8   Section       37  ex_flash_demo.o(.constdata)
[...]
    img_RGB707_128x64                        0x0004c207   Data         223  ex_flash_demo.o(.constdata)
    img_RGB708_128x64                        0x0004c2e6   Data         357  ex_flash_demo.o(.constdata)
    img_RGB709_128x64                        0x0004c44b   Data         437  ex_flash_demo.o(.constdata)
    img_RGB710_128x64                        0x0004c600   Data         491  ex_flash_demo.o(.constdata)
    img_RGB711_128x64                        0x0004c7eb   Data         497  ex_flash_demo.o(.constdata)
    img_RGB712_128x64                        0x0004c9dc   Data         513  ex_flash_demo.o(.constdata)
    img_RGB713_128x64                        0x0004cbdd   Data         543  ex_flash_demo.o(.constdata)
    img_RGB714_128x64                        0x0004cdfc   Data         551  ex_flash_demo.o(.constdata)
    img_RGB715_128x64                        0x0004d023   Data         557  ex_flash_demo.o(.constdata)
    img_RGB716_128x64                        0x0004d250   Data         685  ex_flash_demo.o(.constdata)
    img_RGB717_128x64                        0x0004d4fd   Data         709  ex_flash_demo.o(.constdata)
    img_RGB718_128x64                        0x0004d7c2   Data         517  ex_flash_demo.o(.constdata)
    img_RGB719_128x64                        0x0004d9c7   Data         553  ex_flash_demo.o(.constdata)
    img_RGB720_128x64                        0x0004dbf0   Data         483  ex_flash_demo.o(.constdata)
    img_RGB721_128x64                        0x0004ddd3   Data         483  ex_flash_demo.o(.constdata)
    img_RGB722_128x64                        0x0004dfb6   Data         345  ex_flash_demo.o(.constdata)
    img_RGB723_128x64                        0x0004e10f   Data         381  ex_flash_demo.o(.constdata)
    img_RGB724_128x64                        0x0004e28c   Data         351  ex_flash_demo.o(.constdata)
    img_RGB725_128x64                        0x0004e3eb   Data         333  ex_flash_demo.o(.constdata)
    img_RGB726_128x64                        0x0004e538   Data         299  ex_flash_demo.o(.constdata)
    img_RGB727_128x64                        0x0004e663   Data         277  ex_flash_demo.o(.constdata)
    img_RGB728_128x64                        0x0004e778   Data         301  ex_flash_demo.o(.constdata)
    img_RGB729_128x64                        0x0004e8a5   Data         277  ex_flash_demo.o(.constdata)
    img_RGB730_128x64                        0x0004e9ba   Data         471  ex_flash_demo.o(.constdata)
    img_RGB731_128x64                        0x0004eb91   Data         915  ex_flash_demo.o(.constdata)
    img_RGB732_128x64                        0x0004ef24   Data        1121  ex_flash_demo.o(.constdata)
    img_RGB733_128x64                        0x0004f385   Data        1147  ex_flash_demo.o(.constdata)
    img_RGB734_128x64                        0x0004f800   Data        1173  ex_flash_demo.o(.constdata)
    img_RGB735_128x64                        0x0004fc95   Data        1179  ex_flash_demo.o(.constdata)
    img_RGB736_128x64                        0x00050130   Data        1199  ex_flash_demo.o(.constdata)
    img_RGB737_128x64                        0x000505df   Data        1219  ex_flash_demo.o(.constdata)
    img_RGB738_128x64                        0x00050aa2   Data        1223  ex_flash_demo.o(.constdata)
    img_RGB739_128x64                        0x00050f69   Data        1213  ex_flash_demo.o(.constdata)
    img_RGB740_128x64                        0x00051426   Data         709  ex_flash_demo.o(.constdata)
    img_RGB741_128x64                        0x000516eb   Data         815  ex_flash_demo.o(.constdata)
    img_RGB742_128x64                        0x00051a1a   Data         955  ex_flash_demo.o(.constdata)
    img_RGB743_128x64                        0x00051dd5   Data        1151  ex_flash_demo.o(.constdata)
    img_RGB744_128x64                        0x00052254   Data        1285  ex_flash_demo.o(.constdata)
    img_RGB745_128x64                        0x00052759   Data        1323  ex_flash_demo.o(.constdata)
    img_RGB746_128x64                        0x00052c84   Data        1327  ex_flash_demo.o(.constdata)
    img_RGB747_128x64                        0x000531b3   Data        1317  ex_flash_demo.o(.constdata)
    img_RGB748_128x64                        0x000536d8   Data        1315  ex_flash_demo.o(.constdata)
    img_RGB749_128x64                        0x00053bfb   Data        1315  ex_flash_demo.o(.constdata)
    img_RGB750_128x64                        0x0005411e   Data         349  ex_flash_demo.o(.constdata)
    img_RGB751_128x64                        0x0005427b   Data         325  ex_flash_demo.o(.constdata)
    img_RGB752_128x64                        0x000543c0   Data         299  ex_flash_demo.o(.constdata)
    img_RGB753_128x64                        0x000544eb   Data         297  ex_flash_demo.o(.constdata)
    img_RGB754_128x64                        0x00054614   Data         331  ex_flash_demo.o(.constdata)
    img_RGB755_128x64                        0x0005475f   Data         415  ex_flash_demo.o(.constdata)
    img_RGB756_128x64                        0x000548fe   Data         437  ex_flash_demo.o(.constdata)
    img_RGB757_128x64                        0x00054ab3   Data         439  ex_flash_demo.o(.constdata)
    img_RGB758_128x64                        0x00054c6a   Data         375  ex_flash_demo.o(.constdata)
    img_RGB759_128x64                        0x00054de1   Data         413  ex_flash_demo.o(.constdata)
    img_RGB760_128x64                        0x00054f7e   Data         399  ex_flash_demo.o(.constdata)
    img_RGB761_128x64                        0x0005510d   Data         377  ex_flash_demo.o(.constdata)
    img_RGB762_128x64                        0x00055286   Data         325  ex_flash_demo.o(.constdata)
    img_RGB763_128x64                        0x000553cb   Data         299  ex_flash_demo.o(.constdata)
    img_RGB764_128x64                        0x000554f6   Data         297  ex_flash_demo.o(.constdata)
    img_RGB765_128x64                        0x0005561f   Data         303  ex_flash_demo.o(.constdata)
    img_RGB766_128x64                        0x0005574e   Data         417  ex_flash_demo.o(.constdata)
    img_RGB767_128x64                        0x000558ef   Data         439  ex_flash_demo.o(.constdata)
    img_RGB768_128x64                        0x00055aa6   Data         439  ex_flash_demo.o(.constdata)
    img_RGB769_128x64                        0x00055c5d   Data         383  ex_flash_demo.o(.constdata)
    img_RGB770_128x64                        0x00055ddc   Data         409  ex_flash_demo.o(.constdata)
    img_RGB771_128x64                        0x00055f75   Data         401  ex_flash_demo.o(.constdata)
    img_RGB772_128x64                        0x00056106   Data         377  ex_flash_demo.o(.constdata)
    img_RGB773_128x64                        0x0005627f   Data         327  ex_flash_demo.o(.constdata)
    img_RGB774_128x64                        0x000563c6   Data         301  ex_flash_demo.o(.constdata)
    img_RGB775_128x64                        0x000564f3   Data         303  ex_flash_demo.o(.constdata)
    img_RGB776_128x64                        0x00056622   Data         305  ex_flash_demo.o(.constdata)
    img_RGB777_128x64                        0x00056753   Data         373  ex_flash_demo.o(.constdata)
    img_RGB778_128x64                        0x000568c8   Data         437  ex_flash_demo.o(.constdata)
    img_RGB779_128x64                        0x00056a7d   Data         435  ex_flash_demo.o(.constdata)
    img_RGB780_128x64                        0x00056c30   Data         379  ex_flash_demo.o(.constdata)
    img_RGB781_128x64                        0x00056dab   Data         385  ex_flash_demo.o(.constdata)
    img_RGB782_128x64                        0x00056f2c   Data         397  ex_flash_demo.o(.constdata)
    img_RGB783_128x64                        0x000570b9   Data         399  ex_flash_demo.o(.constdata)
    img_RGB784_128x64                        0x00057248   Data         325  ex_flash_demo.o(.constdata)
    img_RGB785_128x64                        0x0005738d   Data         299  ex_flash_demo.o(.constdata)
    img_RGB786_128x64                        0x000574b8   Data         301  ex_flash_demo.o(.constdata)
    img_RGB787_128x64                        0x000575e5   Data         307  ex_flash_demo.o(.constdata)
    img_RGB788_128x64                        0x00057718   Data         367  ex_flash_demo.o(.constdata)
    img_RGB789_128x64                        0x00057887   Data         435  ex_flash_demo.o(.constdata)
    img_RGB790_128x64                        0x00057a3a   Data         433  ex_flash_demo.o(.constdata)
    img_RGB791_128x64                        0x00057beb   Data         439  ex_flash_demo.o(.constdata)
    img_RGB792_128x64                        0x00057da2   Data         385  ex_flash_demo.o(.constdata)
    img_RGB793_128x64                        0x00057f23   Data         399  ex_flash_demo.o(.constdata)
    img_RGB794_128x64                        0x000580b2   Data         399  ex_flash_demo.o(.constdata)
    img_RGB795_128x64                        0x00058241   Data         349  ex_flash_demo.o(.constdata)



==============================================================================

Memory Map of the image

  Image entry point : Not specified.

  Load Region LR_ROM1 (Base: 0x00000000, Size: 0x000583a0, Max: 0x01100000, ABSOLUTE)

    Execution Region ER_ROM1 (Exec base: 0x00000000, Load base: 0x00000000, Size: 0x000583a0, Max: 0x01100000, ABSOLUTE)

    Exec Addr    Load Addr    Size         Type   Attr      Idx    E Section Name        Object

    0x00000000   0x00000000   0x000000d7   Data   RO            1    .constdata          ex_flash_demo.o
    0x000000d7   0x000000d7   0x000000d5   Data   RO            2    .constdata          ex_flash_demo.o
    0x000001ac   0x000001ac   0x000000c3   Data   RO            3    .constdata          ex_flash_demo.o
    0x0000026f   0x0000026f   0x000000b3   Data   RO            4    .constdata          ex_flash_demo.o
    0x00000322   0x00000322   0x000000c5   Data   RO            5    .constdata          ex_flash_demo.o
    0x000003e7   0x000003e7   0x000000b7   Data   RO            6    .constdata          ex_flash_demo.o
    0x0000049e   0x0000049e   0x000000b5   Data   RO            7    .constdata          ex_flash_demo.o
    0x00000553   0x00000553   0x000000bf   Data   RO            8    .constdata          ex_flash_demo.o
    0x00000612   0x00000612   0x000000bb   Data   RO            9    .constdata          ex_flash_demo.o
    0x000006cd   0x000006cd   0x000000b1   Data   RO           10    .constdata          ex_flash_demo.o
    0x0000077e   0x0000077e   0x000000a9   Data   RO           11    .constdata          ex_flash_demo.o
    0x00000827   0x00000827   0x00000099   Data   RO           12    .constdata          ex_flash_demo.o
    0x000008c0   0x000008c0   0x00000097   Data   RO           13    .constdata          ex_flash_demo.o
    0x00000957   0x00000957   0x0000009d   Data   RO           14    .constdata          ex_flash_demo.o
    0x000009f4   0x000009f4   0x000000a3   Data   RO           15    .constdata          ex_flash_demo.o
    0x00000a97   0x00000a97   0x0000008d   Data   RO           16    .constdata          ex_flash_demo.o
    0x00000b24   0x00000b24   0x000000a7   Data   RO           17    .constdata          ex_flash_demo.o
    0x00000bcb   0x00000bcb   0x000000a7   Data   RO           18    .constdata          ex_flash_demo.o
    0x00000c72   0x00000c72   0x000000a7   Data   RO           19    .constdata          ex_flash_demo.o
    0x00000d19   0x00000d19   0x000000a3   Data   RO           20    .constdata          ex_flash_demo.o
    0x00000dbc   0x00000dbc   0x0000009f   Data   RO           21    .constdata          ex_flash_demo.o
    0x00000e5b   0x00000e5b   0x000000a5   Data   RO           22    .constdata          ex_flash_demo.o
    0x00000f00   0x00000f00   0x000000a1   Data   RO           23    .constdata          ex_flash_demo.o
    0x00000fa1   0x00000fa1   0x00000099   Data   RO           24    .constdata          ex_flash_demo.o
    0x0000103a   0x0000103a   0x0000009f   Data   RO           25    .constdata          ex_flash_demo.o
    0x000010d9   0x000010d9   0x000000a5   Data   RO           26    .constdata          ex_flash_demo.o
    0x0000117e   0x0000117e   0x000000c9   Data   RO           27    .constdata          ex_flash_demo.o
    0x00001247   0x00001247   0x000000d5   Data   RO           28    .constdata          ex_flash_demo.o
    0x0000131c   0x0000131c   0x000000ed   Data   RO           29    .constdata          ex_flash_demo.o
    0x00001409   0x00001409   0x00000113   Data   RO           30    .constdata          ex_flash_demo.o
    0x0000151c   0x0000151c   0x0000010b   Data   RO           31    .constdata          ex_flash_demo.o
    0x00001627   0x00001627   0x000000f3   Data   RO           32    .constdata          ex_flash_demo.o
    0x0000171a   0x0000171a   0x000000cb   Data   RO           33    .constdata          ex_flash_demo.o
    0x000017e5   0x000017e5   0x00000087   Data   RO           34    .constdata          ex_flash_demo.o
    0x0000186c   0x0000186c   0x00000063   Data   RO           35    .constdata          ex_flash_demo.o
    0x000018cf   0x000018cf   0x0000003f   Data   RO           36    .constdata          ex_flash_demo.o
    0x0000190e   0x0000190e   0x00000033   Data   RO           37    .constdata          ex_flash_demo.o
    0x00001941   0x00001941   0x0000002b   Data   RO           38    .constdata          ex_flash_demo.o
    0x0000196c   0x0000196c   0x00000025   Data   RO           39    .constdata          ex_flash_demo.o
    0x00001991   0x00001991   0x00000025   Data   RO           40    .constdata          ex_flash_demo.o
    0x000019b6   0x000019b6   0x00000021   Data   RO           41    .constdata          ex_flash_demo.o
    0x000019d7   0x000019d7   0x00000021   Data   RO           42    .constdata          ex_flash_demo.o
    0x000019f8   0x000019f8   0x00000025   Data   RO           43    .constdata          ex_flash_demo.o
    0x00001a1d   0x00001a1d   0x00000029   Data   RO           44    .constdata          ex_flash_demo.o
    0x00001a46   0x00001a46   0x00000039   Data   RO           45    .constdata          ex_flash_demo.o
    0x00001a7f   0x00001a7f   0x0000002f   Data   RO           46    .constdata          ex_flash_demo.o
    0x00001aae   0x00001aae   0x00000101   Data   RO           47    .constdata          ex_flash_demo.o
    0x00001baf   0x00001baf   0x000000df   Data   RO           48    .constdata          ex_flash_demo.o
    0x00001c8e   0x00001c8e   0x000000a7   Data   RO           49    .constdata          ex_flash_demo.o
    0x00001d35   0x00001d35   0x000000a1   Data   RO           50    .constdata          ex_flash_demo.o
    0x00001dd6   0x00001dd6   0x0000008b   Data   RO           51    .constdata          ex_flash_demo.o
    0x00001e61   0x00001e61   0x0000008b   Data   RO           52    .constdata          ex_flash_demo.o
    0x00001eec   0x00001eec   0x00000087   Data   RO           53    .constdata          ex_flash_demo.o
    0x00001f73   0x00001f73   0x00000085   Data   RO           54    .constdata          ex_flash_demo.o
    0x00001ff8   0x00001ff8   0x000000c3   Data   RO           55    .constdata          ex_flash_demo.o
    0x000020bb   0x000020bb   0x00000033   Data   RO           56    .constdata          ex_flash_demo.o
    0x000020ee   0x000020ee   0x0000003f   Data   RO           57    .constdata          ex_flash_demo.o
    0x0000212d   0x0000212d   0x00000031   Data   RO           58    .constdata          ex_flash_demo.o
    0x0000215e   0x0000215e   0x0000002b   Data   RO           59    .constdata          ex_flash_demo.o
    0x00002189   0x00002189   0x00000029   Data   RO           60    .constdata          ex_flash_demo.o
    0x000021b2   0x000021b2   0x00000023   Data   RO           61    .constdata          ex_flash_demo.o
    0x000021d5   0x000021d5   0x00000023   Data   RO           62    .constdata          ex_flash_demo.o
    0x000021f8   0x000021f8   0x00000027   Data   RO           63    .constdata          ex_flash_demo.o
    0x0000221f   0x0000221f   0x0000002b   Data   RO           64    .constdata          ex_flash_demo.o
    0x0000224a   0x0000224a   0x0000003b   Data   RO           65    .constdata          ex_flash_demo.o
    0x00002285   0x00002285   0x00000035   Data   RO           66    .constdata          ex_flash_demo.o
    0x000022ba   0x000022ba   0x000000e5   Data   RO           67    .constdata          ex_flash_demo.o
    0x0000239f   0x0000239f   0x000000bf   Data   RO           68    .constdata          ex_flash_demo.o
    0x0000245e   0x0000245e   0x0000009f   Data   RO           69    .constdata          ex_flash_demo.o
    0x000024fd   0x000024fd   0x00000089   Data   RO           70    .constdata          ex_flash_demo.o
    0x00002586   0x00002586   0x0000008f   Data   RO           71    .constdata          ex_flash_demo.o
    0x00002615   0x00002615   0x00000087   Data   RO           72    .constdata          ex_flash_demo.o
    0x0000269c   0x0000269c   0x000000a3   Data   RO           73    .constdata          ex_flash_demo.o
    0x0000273f   0x0000273f   0x0000002f   Data   RO           74    .constdata          ex_flash_demo.o
    0x0000276e   0x0000276e   0x00000033   Data   RO           75    .constdata          ex_flash_demo.o
    0x000027a1   0x000027a1   0x00000039   Data   RO           76    .constdata          ex_flash_demo.o
    0x000027da   0x000027da   0x000000cf   Data   RO           77    .constdata          ex_flash_demo.o
    0x000028a9   0x000028a9   0x000000b5   Data   RO           78    .constdata          ex_flash_demo.o
    0x0000295e   0x0000295e   0x0000007f   Data   RO           79    .constdata          ex_flash_demo.o
    0x000029dd   0x000029dd   0x00000075   Data   RO           80    .constdata          ex_flash_demo.o
    0x00002a52   0x00002a52   0x00000087   Data   RO           81    .constdata          ex_flash_demo.o
    0x00002ad9   0x00002ad9   0x00000097   Data   RO           82    .constdata          ex_flash_demo.o
    0x00002b70   0x00002b70   0x000000bd   Data   RO           83    .constdata          ex_flash_demo.o
    0x00002c2d   0x00002c2d   0x00000027   Data   RO           84    .constdata          ex_flash_demo.o
    0x00002c54   0x00002c54   0x00000031   Data   RO           85    .constdata          ex_flash_demo.o
    0x00002c85   0x00002c85   0x00000025   Data   RO           86    .constdata          ex_flash_demo.o
    0x00002caa   0x00002caa   0x00000031   Data   RO           87    .constdata          ex_flash_demo.o
    0x00002cdb   0x00002cdb   0x0000006b   Data   RO           88    .constdata          ex_flash_demo.o
    0x00002d46   0x00002d46   0x0000001f   Data   RO           89    .constdata          ex_flash_demo.o
    0x00002d65   0x00002d65   0x00000011   Data   RO           90    .constdata          ex_flash_demo.o
    0x00002d76   0x00002d76   0x00000035   Data   RO           91    .constdata          ex_flash_demo.o
    0x00002dab   0x00002dab   0x0000010b   Data   RO           92    .constdata          ex_flash_demo.o
    0x00002eb6   0x00002eb6   0x00000239   Data   RO           93    .constdata          ex_flash_demo.o
    0x000030ef   0x000030ef   0x0000023b   Data   RO           94    .constdata          ex_flash_demo.o
    0x0000332a   0x0000332a   0x00000239   Data   RO           95    .constdata          ex_flash_demo.o
    0x00003563   0x00003563   0x0000022b   Data   RO           96    .constdata          ex_flash_demo.o
    0x0000378e   0x0000378e   0x0000022d   Data   RO           97    .constdata          ex_flash_demo.o
    0x000039bb   0x000039bb   0x00000227   Data   RO           98    .constdata          ex_flash_demo.o
    0x00003be2   0x00003be2   0x00000227   Data   RO           99    .constdata          ex_flash_demo.o
    0x00003e09   0x00003e09   0x000001b1   Data   RO          100    .constdata          ex_flash_demo.o
    0x00003fba   0x00003fba   0x000001b3   Data   RO          101    .constdata          ex_flash_demo.o
    0x0000416d   0x0000416d   0x000001ad   Data   RO          102    .constdata          ex_flash_demo.o
    0x0000431a   0x0000431a   0x0000019d   Data   RO          103    .constdata          ex_flash_demo.o
    0x000044b7   0x000044b7   0x0000019d   Data   RO          104    .constdata          ex_flash_demo.o
    0x00004654   0x00004654   0x0000025d   Data   RO          105    .constdata          ex_flash_demo.o
    0x000048b1   0x000048b1   0x0000026f   Data   RO          106    .constdata          ex_flash_demo.o
    0x00004b20   0x00004b20   0x00000241   Data   RO          107    .constdata          ex_flash_demo.o
    0x00004d61   0x00004d61   0x0000024b   Data   RO          108    .constdata          ex_flash_demo.o
    0x00004fac   0x00004fac   0x00000261   Data   RO          109    .constdata          ex_flash_demo.o
    0x0000520d   0x0000520d   0x0000026f   Data   RO          110    .constdata          ex_flash_demo.o
    0x0000547c   0x0000547c   0x0000025b   Data   RO          111    .constdata          ex_flash_demo.o
    0x000056d7   0x000056d7   0x000001d5   Data   RO          112    .constdata          ex_flash_demo.o
    0x000058ac   0x000058ac   0x00000159   Data   RO          113    .constdata          ex_flash_demo.o
    0x00005a05   0x00005a05   0x0000012b   Data   RO          114    .constdata          ex_flash_demo.o
    0x00005b30   0x00005b30   0x000001ed   Data   RO          115    .constdata          ex_flash_demo.o
    0x00005d1d   0x00005d1d   0x00000209   Data   RO          116    .constdata          ex_flash_demo.o
    0x00005f26   0x00005f26   0x00000231   Data   RO          117    .constdata          ex_flash_demo.o
    0x00006157   0x00006157   0x00000233   Data   RO          118    .constdata          ex_flash_demo.o
    0x0000638a   0x0000638a   0x00000241   Data   RO          119    .constdata          ex_flash_demo.o
    0x000065cb   0x000065cb   0x00000245   Data   RO          120    .constdata          ex_flash_demo.o
    0x00006810   0x00006810   0x0000024d   Data   RO          121    .constdata          ex_flash_demo.o
    0x00006a5d   0x00006a5d   0x00000265   Data   RO          122    .constdata          ex_flash_demo.o
    0x00006cc2   0x00006cc2   0x0000025b   Data   RO          123    .constdata          ex_flash_demo.o
    0x00006f1d   0x00006f1d   0x000001b9   Data   RO          124    .constdata          ex_flash_demo.o
    0x000070d6   0x000070d6   0x00000151   Data   RO          125    .constdata          ex_flash_demo.o
    0x00007227   0x00007227   0x00000189   Data   RO          126    .constdata          ex_flash_demo.o
    0x000073b0   0x000073b0   0x000001fd   Data   RO          127    .constdata          ex_flash_demo.o
    0x000075ad   0x000075ad   0x0000023f   Data   RO          128    .constdata          ex_flash_demo.o
    0x000077ec   0x000077ec   0x00000251   Data   RO          129    .constdata          ex_flash_demo.o
    0x00007a3d   0x00007a3d   0x00000261   Data   RO          130    .constdata          ex_flash_demo.o
    0x00007c9e   0x00007c9e   0x00000255   Data   RO          131    .constdata          ex_flash_demo.o
    0x00007ef3   0x00007ef3   0x00000243   Data   RO          132    .constdata          ex_flash_demo.o
    0x00008136   0x00008136   0x0000022d   Data   RO          133    .constdata          ex_flash_demo.o
    0x00008363   0x00008363   0x00000213   Data   RO          134    .constdata          ex_flash_demo.o
    0x00008576   0x00008576   0x00000209   Data   RO          135    .constdata          ex_flash_demo.o
    0x0000877f   0x0000877f   0x00000143   Data   RO          136    .constdata          ex_flash_demo.o
    0x000088c2   0x000088c2   0x00000109   Data   RO          137    .constdata          ex_flash_demo.o
    0x000089cb   0x000089cb   0x000000e7   Data   RO          138    .constdata          ex_flash_demo.o
    0x00008ab2   0x00008ab2   0x00000267   Data   RO          139    .constdata          ex_flash_demo.o
    0x00008d19   0x00008d19   0x0000023f   Data   RO          140    .constdata          ex_flash_demo.o
    0x00008f58   0x00008f58   0x0000024f   Data   RO          141    .constdata          ex_flash_demo.o
    0x000091a7   0x000091a7   0x0000025f   Data   RO          142    .constdata          ex_flash_demo.o
    0x00009406   0x00009406   0x00000243   Data   RO          143    .constdata          ex_flash_demo.o
    0x00009649   0x00009649   0x00000255   Data   RO          144    .constdata          ex_flash_demo.o
    0x0000989e   0x0000989e   0x0000025b   Data   RO          145    .constdata          ex_flash_demo.o
    0x00009af9   0x00009af9   0x00000253   Data   RO          146    .constdata          ex_flash_demo.o
    0x00009d4c   0x00009d4c   0x0000024d   Data   RO          147    .constdata          ex_flash_demo.o
    0x00009f99   0x00009f99   0x0000015b   Data   RO          148    .constdata          ex_flash_demo.o
    0x0000a0f4   0x0000a0f4   0x0000017d   Data   RO          149    .constdata          ex_flash_demo.o
    0x0000a271   0x0000a271   0x00000117   Data   RO          150    .constdata          ex_flash_demo.o
    0x0000a388   0x0000a388   0x0000023b   Data   RO          151    .constdata          ex_flash_demo.o
    0x0000a5c3   0x0000a5c3   0x0000020b   Data   RO          152    .constdata          ex_flash_demo.o
    0x0000a7ce   0x0000a7ce   0x00000227   Data   RO          153    .constdata          ex_flash_demo.o
    0x0000a9f5   0x0000a9f5   0x00000235   Data   RO          154    .constdata          ex_flash_demo.o
    0x0000ac2a   0x0000ac2a   0x00000235   Data   RO          155    .constdata          ex_flash_demo.o
    0x0000ae5f   0x0000ae5f   0x00000233   Data   RO          156    .constdata          ex_flash_demo.o
    0x0000b092   0x0000b092   0x00000225   Data   RO          157    .constdata          ex_flash_demo.o
    0x0000b2b7   0x0000b2b7   0x00000223   Data   RO          158    .constdata          ex_flash_demo.o
    0x0000b4da   0x0000b4da   0x0000021b   Data   RO          159    .constdata          ex_flash_demo.o
    0x0000b6f5   0x0000b6f5   0x00000139   Data   RO          160    .constdata          ex_flash_demo.o
    0x0000b82e   0x0000b82e   0x00000129   Data   RO          161    .constdata          ex_flash_demo.o
    0x0000b957   0x0000b957   0x00000113   Data   RO          162    .constdata          ex_flash_demo.o
    0x0000ba6a   0x0000ba6a   0x00000219   Data   RO          163    .constdata          ex_flash_demo.o
    0x0000bc83   0x0000bc83   0x00000225   Data   RO          164    .constdata          ex_flash_demo.o
    0x0000bea8   0x0000bea8   0x00000245   Data   RO          165    .constdata          ex_flash_demo.o
    0x0000c0ed   0x0000c0ed   0x0000022f   Data   RO          166    .constdata          ex_flash_demo.o
    0x0000c31c   0x0000c31c   0x00000221   Data   RO          167    .constdata          ex_flash_demo.o
    0x0000c53d   0x0000c53d   0x00000245   Data   RO          168    .constdata          ex_flash_demo.o
    0x0000c782   0x0000c782   0x00000233   Data   RO          169    .constdata          ex_flash_demo.o
    0x0000c9b5   0x0000c9b5   0x00000237   Data   RO          170    .constdata          ex_flash_demo.o
    0x0000cbec   0x0000cbec   0x00000229   Data   RO          171    .constdata          ex_flash_demo.o
    0x0000ce15   0x0000ce15   0x00000231   Data   RO          172    .constdata          ex_flash_demo.o
    0x0000d046   0x0000d046   0x000001e9   Data   RO          173    .constdata          ex_flash_demo.o
    0x0000d22f   0x0000d22f   0x000001e3   Data   RO          174    .constdata          ex_flash_demo.o
    0x0000d412   0x0000d412   0x0000025f   Data   RO          175    .constdata          ex_flash_demo.o
    0x0000d671   0x0000d671   0x00000265   Data   RO          176    .constdata          ex_flash_demo.o
    0x0000d8d6   0x0000d8d6   0x00000289   Data   RO          177    .constdata          ex_flash_demo.o
    0x0000db5f   0x0000db5f   0x000002ad   Data   RO          178    .constdata          ex_flash_demo.o
    0x0000de0c   0x0000de0c   0x000002bf   Data   RO          179    .constdata          ex_flash_demo.o
    0x0000e0cb   0x0000e0cb   0x000002db   Data   RO          180    .constdata          ex_flash_demo.o
    0x0000e3a6   0x0000e3a6   0x000002a7   Data   RO          181    .constdata          ex_flash_demo.o
    0x0000e64d   0x0000e64d   0x00000125   Data   RO          182    .constdata          ex_flash_demo.o
    0x0000e772   0x0000e772   0x00000011   Data   RO          183    .constdata          ex_flash_demo.o
    0x0000e783   0x0000e783   0x00000011   Data   RO          184    .constdata          ex_flash_demo.o
    0x0000e794   0x0000e794   0x00000053   Data   RO          185    .constdata          ex_flash_demo.o
    0x0000e7e7   0x0000e7e7   0x00000135   Data   RO          186    .constdata          ex_flash_demo.o
    0x0000e91c   0x0000e91c   0x000001e3   Data   RO          187    .constdata          ex_flash_demo.o
    0x0000eaff   0x0000eaff   0x00000225   Data   RO          188    .constdata          ex_flash_demo.o
    0x0000ed24   0x0000ed24   0x00000271   Data   RO          189    .constdata          ex_flash_demo.o
    0x0000ef95   0x0000ef95   0x0000025f   Data   RO          190    .constdata          ex_flash_demo.o
    0x0000f1f4   0x0000f1f4   0x0000020f   Data   RO          191    .constdata          ex_flash_demo.o
    0x0000f403   0x0000f403   0x00000209   Data   RO          192    .constdata          ex_flash_demo.o
    0x0000f60c   0x0000f60c   0x000001ef   Data   RO          193    .constdata          ex_flash_demo.o
    0x0000f7fb   0x0000f7fb   0x00000179   Data   RO          194    .constdata          ex_flash_demo.o
    0x0000f974   0x0000f974   0x00000157   Data   RO          195    .constdata          ex_flash_demo.o
    0x0000facb   0x0000facb   0x00000175   Data   RO          196    .constdata          ex_flash_demo.o
    0x0000fc40   0x0000fc40   0x0000022b   Data   RO          197    .constdata          ex_flash_demo.o
    0x0000fe6b   0x0000fe6b   0x000001ff   Data   RO          198    .constdata          ex_flash_demo.o
    0x0001006a   0x0001006a   0x000002a5   Data   RO          199    .constdata          ex_flash_demo.o
    0x0001030f   0x0001030f   0x000002b3   Data   RO          200    .constdata          ex_flash_demo.o
    0x000105c2   0x000105c2   0x0000030b   Data   RO          201    .constdata          ex_flash_demo.o
    0x000108cd   0x000108cd   0x00000313   Data   RO          202    .constdata          ex_flash_demo.o
    0x00010be0   0x00010be0   0x00000335   Data   RO          203    .constdata          ex_flash_demo.o
    0x00010f15   0x00010f15   0x0000032f   Data   RO          204    .constdata          ex_flash_demo.o
    0x00011244   0x00011244   0x00000241   Data   RO          205    .constdata          ex_flash_demo.o
    0x00011485   0x00011485   0x00000191   Data   RO          206    .constdata          ex_flash_demo.o
    0x00011616   0x00011616   0x0000017d   Data   RO          207    .constdata          ex_flash_demo.o
    0x00011793   0x00011793   0x0000012d   Data   RO          208    .constdata          ex_flash_demo.o
    0x000118c0   0x000118c0   0x000001db   Data   RO          209    .constdata          ex_flash_demo.o
    0x00011a9b   0x00011a9b   0x000001dd   Data   RO          210    .constdata          ex_flash_demo.o
    0x00011c78   0x00011c78   0x000001e9   Data   RO          211    .constdata          ex_flash_demo.o
    0x00011e61   0x00011e61   0x000001f3   Data   RO          212    .constdata          ex_flash_demo.o
    0x00012054   0x00012054   0x00000205   Data   RO          213    .constdata          ex_flash_demo.o
    0x00012259   0x00012259   0x00000227   Data   RO          214    .constdata          ex_flash_demo.o
    0x00012480   0x00012480   0x00000213   Data   RO          215    .constdata          ex_flash_demo.o
    0x00012693   0x00012693   0x00000211   Data   RO          216    .constdata          ex_flash_demo.o
    0x000128a4   0x000128a4   0x000001d1   Data   RO          217    .constdata          ex_flash_demo.o
    0x00012a75   0x00012a75   0x0000011f   Data   RO          218    .constdata          ex_flash_demo.o
    0x00012b94   0x00012b94   0x000000ff   Data   RO          219    .constdata          ex_flash_demo.o
    0x00012c93   0x00012c93   0x0000011b   Data   RO          220    .constdata          ex_flash_demo.o
    0x00012dae   0x00012dae   0x000001e9   Data   RO          221    .constdata          ex_flash_demo.o
    0x00012f97   0x00012f97   0x000001f7   Data   RO          222    .constdata          ex_flash_demo.o
    0x0001318e   0x0001318e   0x000001ff   Data   RO          223    .constdata          ex_flash_demo.o
    0x0001338d   0x0001338d   0x00000211   Data   RO          224    .constdata          ex_flash_demo.o
    0x0001359e   0x0001359e   0x0000022d   Data   RO          225    .constdata          ex_flash_demo.o
    0x000137cb   0x000137cb   0x00000227   Data   RO          226    .constdata          ex_flash_demo.o
    0x000139f2   0x000139f2   0x00000231   Data   RO          227    .constdata          ex_flash_demo.o
    0x00013c23   0x00013c23   0x00000229   Data   RO          228    .constdata          ex_flash_demo.o
    0x00013e4c   0x00013e4c   0x00000155   Data   RO          229    .constdata          ex_flash_demo.o
    0x00013fa1   0x00013fa1   0x000000ed   Data   RO          230    .constdata          ex_flash_demo.o
    0x0001408e   0x0001408e   0x0000012f   Data   RO          231    .constdata          ex_flash_demo.o
    0x000141bd   0x000141bd   0x00000145   Data   RO          232    .constdata          ex_flash_demo.o
    0x00014302   0x00014302   0x00000293   Data   RO          233    .constdata          ex_flash_demo.o
    0x00014595   0x00014595   0x00000289   Data   RO          234    .constdata          ex_flash_demo.o
    0x0001481e   0x0001481e   0x000002a7   Data   RO          235    .constdata          ex_flash_demo.o
    0x00014ac5   0x00014ac5   0x000002a7   Data   RO          236    .constdata          ex_flash_demo.o
    0x00014d6c   0x00014d6c   0x0000029d   Data   RO          237    .constdata          ex_flash_demo.o
    0x00015009   0x00015009   0x0000027b   Data   RO          238    .constdata          ex_flash_demo.o
    0x00015284   0x00015284   0x0000028b   Data   RO          239    .constdata          ex_flash_demo.o
    0x0001550f   0x0001550f   0x0000027f   Data   RO          240    .constdata          ex_flash_demo.o
    0x0001578e   0x0001578e   0x000001fd   Data   RO          241    .constdata          ex_flash_demo.o
    0x0001598b   0x0001598b   0x00000137   Data   RO          242    .constdata          ex_flash_demo.o
    0x00015ac2   0x00015ac2   0x00000141   Data   RO          243    .constdata          ex_flash_demo.o
    0x00015c03   0x00015c03   0x00000149   Data   RO          244    .constdata          ex_flash_demo.o
    0x00015d4c   0x00015d4c   0x000001f5   Data   RO          245    .constdata          ex_flash_demo.o
    0x00015f41   0x00015f41   0x000001f5   Data   RO          246    .constdata          ex_flash_demo.o
    0x00016136   0x00016136   0x000001ef   Data   RO          247    .constdata          ex_flash_demo.o
    0x00016325   0x00016325   0x000001e1   Data   RO          248    .constdata          ex_flash_demo.o
    0x00016506   0x00016506   0x000001c3   Data   RO          249    .constdata          ex_flash_demo.o
    0x000166c9   0x000166c9   0x000001b9   Data   RO          250    .constdata          ex_flash_demo.o
    0x00016882   0x00016882   0x000001cb   Data   RO          251    .constdata          ex_flash_demo.o
    0x00016a4d   0x00016a4d   0x00000197   Data   RO          252    .constdata          ex_flash_demo.o
    0x00016be4   0x00016be4   0x0000015b   Data   RO          253    .constdata          ex_flash_demo.o
    0x00016d3f   0x00016d3f   0x00000109   Data   RO          254    .constdata          ex_flash_demo.o
    0x00016e48   0x00016e48   0x0000013d   Data   RO          255    .constdata          ex_flash_demo.o
    0x00016f85   0x00016f85   0x00000167   Data   RO          256    .constdata          ex_flash_demo.o
    0x000170ec   0x000170ec   0x0000028b   Data   RO          257    .constdata          ex_flash_demo.o
    0x00017377   0x00017377   0x0000029b   Data   RO          258    .constdata          ex_flash_demo.o
    0x00017612   0x00017612   0x000002a5   Data   RO          259    .constdata          ex_flash_demo.o
    0x000178b7   0x000178b7   0x000002b1   Data   RO          260    .constdata          ex_flash_demo.o
    0x00017b68   0x00017b68   0x000002a3   Data   RO          261    .constdata          ex_flash_demo.o
    0x00017e0b   0x00017e0b   0x0000028d   Data   RO          262    .constdata          ex_flash_demo.o
    0x00018098   0x00018098   0x000001e7   Data   RO          263    .constdata          ex_flash_demo.o
    0x0001827f   0x0001827f   0x000001d9   Data   RO          264    .constdata          ex_flash_demo.o
    0x00018458   0x00018458   0x00000183   Data   RO          265    .constdata          ex_flash_demo.o
    0x000185db   0x000185db   0x00000105   Data   RO          266    .constdata          ex_flash_demo.o
    0x000186e0   0x000186e0   0x00000203   Data   RO          267    .constdata          ex_flash_demo.o
    0x000188e3   0x000188e3   0x000001b7   Data   RO          268    .constdata          ex_flash_demo.o
    0x00018a9a   0x00018a9a   0x000002ab   Data   RO          269    .constdata          ex_flash_demo.o
    0x00018d45   0x00018d45   0x000002f3   Data   RO          270    .constdata          ex_flash_demo.o
    0x00019038   0x00019038   0x000003ab   Data   RO          271    .constdata          ex_flash_demo.o
    0x000193e3   0x000193e3   0x0000037d   Data   RO          272    .constdata          ex_flash_demo.o
    0x00019760   0x00019760   0x00000367   Data   RO          273    .constdata          ex_flash_demo.o
    0x00019ac7   0x00019ac7   0x00000357   Data   RO          274    .constdata          ex_flash_demo.o
    0x00019e1e   0x00019e1e   0x0000033d   Data   RO          275    .constdata          ex_flash_demo.o
    0x0001a15b   0x0001a15b   0x00000207   Data   RO          276    .constdata          ex_flash_demo.o
    0x0001a362   0x0001a362   0x00000025   Data   RO          277    .constdata          ex_flash_demo.o
    0x0001a387   0x0001a387   0x00000011   Data   RO          278    .constdata          ex_flash_demo.o
    0x0001a398   0x0001a398   0x00000011   Data   RO          279    .constdata          ex_flash_demo.o
    0x0001a3a9   0x0001a3a9   0x00000011   Data   RO          280    .constdata          ex_flash_demo.o
    0x0001a3ba   0x0001a3ba   0x000000f9   Data   RO          281    .constdata          ex_flash_demo.o
    0x0001a4b3   0x0001a4b3   0x00000157   Data   RO          282    .constdata          ex_flash_demo.o
    0x0001a60a   0x0001a60a   0x0000021f   Data   RO          283    .constdata          ex_flash_demo.o
    0x0001a829   0x0001a829   0x00000203   Data   RO          284    .constdata          ex_flash_demo.o
    0x0001aa2c   0x0001aa2c   0x00000213   Data   RO          285    .constdata          ex_flash_demo.o
    0x0001ac3f   0x0001ac3f   0x0000021d   Data   RO          286    .constdata          ex_flash_demo.o
    0x0001ae5c   0x0001ae5c   0x00000211   Data   RO          287    .constdata          ex_flash_demo.o
    0x0001b06d   0x0001b06d   0x00000231   Data   RO          288    .constdata          ex_flash_demo.o
    0x0001b29e   0x0001b29e   0x000001df   Data   RO          289    .constdata          ex_flash_demo.o
    0x0001b47d   0x0001b47d   0x0000015d   Data   RO          290    .constdata          ex_flash_demo.o
    0x0001b5da   0x0001b5da   0x00000169   Data   RO          291    .constdata          ex_flash_demo.o
    0x0001b743   0x0001b743   0x000001b7   Data   RO          292    .constdata          ex_flash_demo.o
    0x0001b8fa   0x0001b8fa   0x00000253   Data   RO          293    .constdata          ex_flash_demo.o
    0x0001bb4d   0x0001bb4d   0x0000027f   Data   RO          294    .constdata          ex_flash_demo.o
    0x0001bdcc   0x0001bdcc   0x000002fd   Data   RO          295    .constdata          ex_flash_demo.o
    0x0001c0c9   0x0001c0c9   0x00000305   Data   RO          296    .constdata          ex_flash_demo.o
    0x0001c3ce   0x0001c3ce   0x0000030d   Data   RO          297    .constdata          ex_flash_demo.o
    0x0001c6db   0x0001c6db   0x00000305   Data   RO          298    .constdata          ex_flash_demo.o
    0x0001c9e0   0x0001c9e0   0x000002f9   Data   RO          299    .constdata          ex_flash_demo.o
    0x0001ccd9   0x0001ccd9   0x00000311   Data   RO          300    .constdata          ex_flash_demo.o
    0x0001cfea   0x0001cfea   0x00000211   Data   RO          301    .constdata          ex_flash_demo.o
    0x0001d1fb   0x0001d1fb   0x0000013d   Data   RO          302    .constdata          ex_flash_demo.o
    0x0001d338   0x0001d338   0x00000183   Data   RO          303    .constdata          ex_flash_demo.o
    0x0001d4bb   0x0001d4bb   0x00000151   Data   RO          304    .constdata          ex_flash_demo.o
    0x0001d60c   0x0001d60c   0x000001fb   Data   RO          305    .constdata          ex_flash_demo.o
    0x0001d807   0x0001d807   0x000001fb   Data   RO          306    .constdata          ex_flash_demo.o
    0x0001da02   0x0001da02   0x00000255   Data   RO          307    .constdata          ex_flash_demo.o
    0x0001dc57   0x0001dc57   0x00000247   Data   RO          308    .constdata          ex_flash_demo.o
    0x0001de9e   0x0001de9e   0x0000025f   Data   RO          309    .constdata          ex_flash_demo.o
    0x0001e0fd   0x0001e0fd   0x0000026b   Data   RO          310    .constdata          ex_flash_demo.o
    0x0001e368   0x0001e368   0x0000026d   Data   RO          311    .constdata          ex_flash_demo.o
    0x0001e5d5   0x0001e5d5   0x00000263   Data   RO          312    .constdata          ex_flash_demo.o
    0x0001e838   0x0001e838   0x000001a9   Data   RO          313    .constdata          ex_flash_demo.o
    0x0001e9e1   0x0001e9e1   0x000000f5   Data   RO          314    .constdata          ex_flash_demo.o
    0x0001ead6   0x0001ead6   0x000000e9   Data   RO          315    .constdata          ex_flash_demo.o
    0x0001ebbf   0x0001ebbf   0x000000cd   Data   RO          316    .constdata          ex_flash_demo.o
    0x0001ec8c   0x0001ec8c   0x00000265   Data   RO          317    .constdata          ex_flash_demo.o
    0x0001eef1   0x0001eef1   0x0000026b   Data   RO          318    .constdata          ex_flash_demo.o
    0x0001f15c   0x0001f15c   0x000002b3   Data   RO          319    .constdata          ex_flash_demo.o
    0x0001f40f   0x0001f40f   0x000002ad   Data   RO          320    .constdata          ex_flash_demo.o
    0x0001f6bc   0x0001f6bc   0x000002c3   Data   RO          321    .constdata          ex_flash_demo.o
    0x0001f97f   0x0001f97f   0x000002b5   Data   RO          322    .constdata          ex_flash_demo.o
    0x0001fc34   0x0001fc34   0x000002bb   Data   RO          323    .constdata          ex_flash_demo.o
    0x0001feef   0x0001feef   0x000002a3   Data   RO          324    .constdata          ex_flash_demo.o
    0x00020192   0x00020192   0x000001e3   Data   RO          325    .constdata          ex_flash_demo.o
    0x00020375   0x00020375   0x0000014f   Data   RO          326    .constdata          ex_flash_demo.o
    0x000204c4   0x000204c4   0x00000169   Data   RO          327    .constdata          ex_flash_demo.o
    0x0002062d   0x0002062d   0x0000017f   Data   RO          328    .constdata          ex_flash_demo.o
    0x000207ac   0x000207ac   0x0000023f   Data   RO          329    .constdata          ex_flash_demo.o
    0x000209eb   0x000209eb   0x0000023d   Data   RO          330    .constdata          ex_flash_demo.o
    0x00020c28   0x00020c28   0x0000027f   Data   RO          331    .constdata          ex_flash_demo.o
    0x00020ea7   0x00020ea7   0x00000299   Data   RO          332    .constdata          ex_flash_demo.o
    0x00021140   0x00021140   0x00000283   Data   RO          333    .constdata          ex_flash_demo.o
    0x000213c3   0x000213c3   0x0000027b   Data   RO          334    .constdata          ex_flash_demo.o
    0x0002163e   0x0002163e   0x00000281   Data   RO          335    .constdata          ex_flash_demo.o
    0x000218bf   0x000218bf   0x00000267   Data   RO          336    .constdata          ex_flash_demo.o
    0x00021b26   0x00021b26   0x00000183   Data   RO          337    .constdata          ex_flash_demo.o
    0x00021ca9   0x00021ca9   0x000000d5   Data   RO          338    .constdata          ex_flash_demo.o
    0x00021d7e   0x00021d7e   0x00000165   Data   RO          339    .constdata          ex_flash_demo.o
    0x00021ee3   0x00021ee3   0x00000127   Data   RO          340    .constdata          ex_flash_demo.o
    0x0002200a   0x0002200a   0x0000017f   Data   RO          341    .constdata          ex_flash_demo.o
    0x00022189   0x00022189   0x00000195   Data   RO          342    .constdata          ex_flash_demo.o
    0x0002231e   0x0002231e   0x000001d9   Data   RO          343    .constdata          ex_flash_demo.o
    0x000224f7   0x000224f7   0x000001db   Data   RO          344    .constdata          ex_flash_demo.o
    0x000226d2   0x000226d2   0x00000207   Data   RO          345    .constdata          ex_flash_demo.o
    0x000228d9   0x000228d9   0x000001fb   Data   RO          346    .constdata          ex_flash_demo.o
    0x00022ad4   0x00022ad4   0x00000205   Data   RO          347    .constdata          ex_flash_demo.o
    0x00022cd9   0x00022cd9   0x000001fd   Data   RO          348    .constdata          ex_flash_demo.o
    0x00022ed6   0x00022ed6   0x000001a9   Data   RO          349    .constdata          ex_flash_demo.o
    0x0002307f   0x0002307f   0x000000ef   Data   RO          350    .constdata          ex_flash_demo.o
    0x0002316e   0x0002316e   0x000000f5   Data   RO          351    .constdata          ex_flash_demo.o
    0x00023263   0x00023263   0x00000131   Data   RO          352    .constdata          ex_flash_demo.o
    0x00023394   0x00023394   0x00000241   Data   RO          353    .constdata          ex_flash_demo.o
    0x000235d5   0x000235d5   0x00000287   Data   RO          354    .constdata          ex_flash_demo.o
    0x0002385c   0x0002385c   0x000002cb   Data   RO          355    .constdata          ex_flash_demo.o
    0x00023b27   0x00023b27   0x000002bd   Data   RO          356    .constdata          ex_flash_demo.o
    0x00023de4   0x00023de4   0x000002b5   Data   RO          357    .constdata          ex_flash_demo.o
    0x00024099   0x00024099   0x000002a7   Data   RO          358    .constdata          ex_flash_demo.o
    0x00024340   0x00024340   0x00000291   Data   RO          359    .constdata          ex_flash_demo.o
    0x000245d1   0x000245d1   0x0000027b   Data   RO          360    .constdata          ex_flash_demo.o
    0x0002484c   0x0002484c   0x000001c3   Data   RO          361    .constdata          ex_flash_demo.o
    0x00024a0f   0x00024a0f   0x00000145   Data   RO          362    .constdata          ex_flash_demo.o
    0x00024b54   0x00024b54   0x00000147   Data   RO          363    .constdata          ex_flash_demo.o
    0x00024c9b   0x00024c9b   0x0000015f   Data   RO          364    .constdata          ex_flash_demo.o
    0x00024dfa   0x00024dfa   0x00000221   Data   RO          365    .constdata          ex_flash_demo.o
    0x0002501b   0x0002501b   0x0000020d   Data   RO          366    .constdata          ex_flash_demo.o
    0x00025228   0x00025228   0x00000267   Data   RO          367    .constdata          ex_flash_demo.o
    0x0002548f   0x0002548f   0x0000025d   Data   RO          368    .constdata          ex_flash_demo.o
    0x000256ec   0x000256ec   0x00000277   Data   RO          369    .constdata          ex_flash_demo.o
    0x00025963   0x00025963   0x00000299   Data   RO          370    .constdata          ex_flash_demo.o
    0x00025bfc   0x00025bfc   0x000002a9   Data   RO          371    .constdata          ex_flash_demo.o
    0x00025ea5   0x00025ea5   0x000002d7   Data   RO          372    .constdata          ex_flash_demo.o
    0x0002617c   0x0002617c   0x000002ef   Data   RO          373    .constdata          ex_flash_demo.o
    0x0002646b   0x0002646b   0x0000016d   Data   RO          374    .constdata          ex_flash_demo.o
    0x000265d8   0x000265d8   0x00000011   Data   RO          375    .constdata          ex_flash_demo.o
    0x000265e9   0x000265e9   0x00000011   Data   RO          376    .constdata          ex_flash_demo.o
    0x000265fa   0x000265fa   0x00000053   Data   RO          377    .constdata          ex_flash_demo.o
    0x0002664d   0x0002664d   0x000001d3   Data   RO          378    .constdata          ex_flash_demo.o
    0x00026820   0x00026820   0x00000247   Data   RO          379    .constdata          ex_flash_demo.o
    0x00026a67   0x00026a67   0x00000241   Data   RO          380    .constdata          ex_flash_demo.o
    0x00026ca8   0x00026ca8   0x0000022b   Data   RO          381    .constdata          ex_flash_demo.o
    0x00026ed3   0x00026ed3   0x00000237   Data   RO          382    .constdata          ex_flash_demo.o
    0x0002710a   0x0002710a   0x0000022b   Data   RO          383    .constdata          ex_flash_demo.o
    0x00027335   0x00027335   0x00000227   Data   RO          384    .constdata          ex_flash_demo.o
    0x0002755c   0x0002755c   0x0000021f   Data   RO          385    .constdata          ex_flash_demo.o
    0x0002777b   0x0002777b   0x000001b7   Data   RO          386    .constdata          ex_flash_demo.o
    0x00027932   0x00027932   0x000001b1   Data   RO          387    .constdata          ex_flash_demo.o
    0x00027ae3   0x00027ae3   0x000001bf   Data   RO          388    .constdata          ex_flash_demo.o
    0x00027ca2   0x00027ca2   0x0000019f   Data   RO          389    .constdata          ex_flash_demo.o
    0x00027e41   0x00027e41   0x000001c7   Data   RO          390    .constdata          ex_flash_demo.o
    0x00028008   0x00028008   0x00000277   Data   RO          391    .constdata          ex_flash_demo.o
    0x0002827f   0x0002827f   0x0000026d   Data   RO          392    .constdata          ex_flash_demo.o
    0x000284ec   0x000284ec   0x0000025b   Data   RO          393    .constdata          ex_flash_demo.o
    0x00028747   0x00028747   0x0000024d   Data   RO          394    .constdata          ex_flash_demo.o
    0x00028994   0x00028994   0x00000267   Data   RO          395    .constdata          ex_flash_demo.o
    0x00028bfb   0x00028bfb   0x00000265   Data   RO          396    .constdata          ex_flash_demo.o
    0x00028e60   0x00028e60   0x0000021b   Data   RO          397    .constdata          ex_flash_demo.o
    0x0002907b   0x0002907b   0x00000197   Data   RO          398    .constdata          ex_flash_demo.o
    0x00029212   0x00029212   0x0000012b   Data   RO          399    .constdata          ex_flash_demo.o
    0x0002933d   0x0002933d   0x00000127   Data   RO          400    .constdata          ex_flash_demo.o
    0x00029464   0x00029464   0x00000203   Data   RO          401    .constdata          ex_flash_demo.o
    0x00029667   0x00029667   0x00000215   Data   RO          402    .constdata          ex_flash_demo.o
    0x0002987c   0x0002987c   0x00000237   Data   RO          403    .constdata          ex_flash_demo.o
    0x00029ab3   0x00029ab3   0x00000235   Data   RO          404    .constdata          ex_flash_demo.o
    0x00029ce8   0x00029ce8   0x0000023f   Data   RO          405    .constdata          ex_flash_demo.o
    0x00029f27   0x00029f27   0x00000261   Data   RO          406    .constdata          ex_flash_demo.o
    0x0002a188   0x0002a188   0x00000255   Data   RO          407    .constdata          ex_flash_demo.o
    0x0002a3dd   0x0002a3dd   0x00000267   Data   RO          408    .constdata          ex_flash_demo.o
    0x0002a644   0x0002a644   0x0000022f   Data   RO          409    .constdata          ex_flash_demo.o
    0x0002a873   0x0002a873   0x0000019f   Data   RO          410    .constdata          ex_flash_demo.o
    0x0002aa12   0x0002aa12   0x00000187   Data   RO          411    .constdata          ex_flash_demo.o
    0x0002ab99   0x0002ab99   0x00000199   Data   RO          412    .constdata          ex_flash_demo.o
    0x0002ad32   0x0002ad32   0x00000223   Data   RO          413    .constdata          ex_flash_demo.o
    0x0002af55   0x0002af55   0x00000259   Data   RO          414    .constdata          ex_flash_demo.o
    0x0002b1ae   0x0002b1ae   0x00000243   Data   RO          415    .constdata          ex_flash_demo.o
    0x0002b3f1   0x0002b3f1   0x00000263   Data   RO          416    .constdata          ex_flash_demo.o
    0x0002b654   0x0002b654   0x00000245   Data   RO          417    .constdata          ex_flash_demo.o
    0x0002b899   0x0002b899   0x0000022d   Data   RO          418    .constdata          ex_flash_demo.o
    0x0002bac6   0x0002bac6   0x00000229   Data   RO          419    .constdata          ex_flash_demo.o
    0x0002bcef   0x0002bcef   0x00000217   Data   RO          420    .constdata          ex_flash_demo.o
    0x0002bf06   0x0002bf06   0x000001c5   Data   RO          421    .constdata          ex_flash_demo.o
    0x0002c0cb   0x0002c0cb   0x0000011d   Data   RO          422    .constdata          ex_flash_demo.o
    0x0002c1e8   0x0002c1e8   0x000000e1   Data   RO          423    .constdata          ex_flash_demo.o
    0x0002c2c9   0x0002c2c9   0x000000e1   Data   RO          424    .constdata          ex_flash_demo.o
    0x0002c3aa   0x0002c3aa   0x00000259   Data   RO          425    .constdata          ex_flash_demo.o
    0x0002c603   0x0002c603   0x00000239   Data   RO          426    .constdata          ex_flash_demo.o
    0x0002c83c   0x0002c83c   0x00000253   Data   RO          427    .constdata          ex_flash_demo.o
    0x0002ca8f   0x0002ca8f   0x00000259   Data   RO          428    .constdata          ex_flash_demo.o
    0x0002cce8   0x0002cce8   0x00000257   Data   RO          429    .constdata          ex_flash_demo.o
    0x0002cf3f   0x0002cf3f   0x0000024d   Data   RO          430    .constdata          ex_flash_demo.o
    0x0002d18c   0x0002d18c   0x0000024f   Data   RO          431    .constdata          ex_flash_demo.o
    0x0002d3db   0x0002d3db   0x00000261   Data   RO          432    .constdata          ex_flash_demo.o
    0x0002d63c   0x0002d63c   0x000001eb   Data   RO          433    .constdata          ex_flash_demo.o
    0x0002d827   0x0002d827   0x0000012d   Data   RO          434    .constdata          ex_flash_demo.o
    0x0002d954   0x0002d954   0x0000015d   Data   RO          435    .constdata          ex_flash_demo.o
    0x0002dab1   0x0002dab1   0x00000119   Data   RO          436    .constdata          ex_flash_demo.o
    0x0002dbca   0x0002dbca   0x00000217   Data   RO          437    .constdata          ex_flash_demo.o
    0x0002dde1   0x0002dde1   0x0000021b   Data   RO          438    .constdata          ex_flash_demo.o
    0x0002dffc   0x0002dffc   0x0000021b   Data   RO          439    .constdata          ex_flash_demo.o
    0x0002e217   0x0002e217   0x0000021d   Data   RO          440    .constdata          ex_flash_demo.o
    0x0002e434   0x0002e434   0x00000231   Data   RO          441    .constdata          ex_flash_demo.o
    0x0002e665   0x0002e665   0x00000233   Data   RO          442    .constdata          ex_flash_demo.o
    0x0002e898   0x0002e898   0x0000022b   Data   RO          443    .constdata          ex_flash_demo.o
    0x0002eac3   0x0002eac3   0x00000219   Data   RO          444    .constdata          ex_flash_demo.o
    0x0002ecdc   0x0002ecdc   0x000001c7   Data   RO          445    .constdata          ex_flash_demo.o
    0x0002eea3   0x0002eea3   0x00000119   Data   RO          446    .constdata          ex_flash_demo.o
    0x0002efbc   0x0002efbc   0x00000113   Data   RO          447    .constdata          ex_flash_demo.o
    0x0002f0cf   0x0002f0cf   0x0000011b   Data   RO          448    .constdata          ex_flash_demo.o
    0x0002f1ea   0x0002f1ea   0x0000021f   Data   RO          449    .constdata          ex_flash_demo.o
    0x0002f409   0x0002f409   0x00000237   Data   RO          450    .constdata          ex_flash_demo.o
    0x0002f640   0x0002f640   0x00000227   Data   RO          451    .constdata          ex_flash_demo.o
    0x0002f867   0x0002f867   0x00000223   Data   RO          452    .constdata          ex_flash_demo.o
    0x0002fa8a   0x0002fa8a   0x00000239   Data   RO          453    .constdata          ex_flash_demo.o
    0x0002fcc3   0x0002fcc3   0x0000023d   Data   RO          454    .constdata          ex_flash_demo.o
    0x0002ff00   0x0002ff00   0x0000023d   Data   RO          455    .constdata          ex_flash_demo.o
    0x0003013d   0x0003013d   0x0000022b   Data   RO          456    .constdata          ex_flash_demo.o
    0x00030368   0x00030368   0x0000022b   Data   RO          457    .constdata          ex_flash_demo.o
    0x00030593   0x00030593   0x00000233   Data   RO          458    .constdata          ex_flash_demo.o
    0x000307c6   0x000307c6   0x000001e5   Data   RO          459    .constdata          ex_flash_demo.o
    0x000309ab   0x000309ab   0x000001d5   Data   RO          460    .constdata          ex_flash_demo.o
    0x00030b80   0x00030b80   0x00000261   Data   RO          461    .constdata          ex_flash_demo.o
    0x00030de1   0x00030de1   0x0000024d   Data   RO          462    .constdata          ex_flash_demo.o
    0x0003102e   0x0003102e   0x00000295   Data   RO          463    .constdata          ex_flash_demo.o
    0x000312c3   0x000312c3   0x000002ad   Data   RO          464    .constdata          ex_flash_demo.o
    0x00031570   0x00031570   0x000002c5   Data   RO          465    .constdata          ex_flash_demo.o
    0x00031835   0x00031835   0x000002fd   Data   RO          466    .constdata          ex_flash_demo.o
    0x00031b32   0x00031b32   0x00000209   Data   RO          467    .constdata          ex_flash_demo.o
    0x00031d3b   0x00031d3b   0x00000093   Data   RO          468    .constdata          ex_flash_demo.o
    0x00031dce   0x00031dce   0x00000011   Data   RO          469    .constdata          ex_flash_demo.o
    0x00031ddf   0x00031ddf   0x00000011   Data   RO          470    .constdata          ex_flash_demo.o
    0x00031df0   0x00031df0   0x000000ab   Data   RO          471    .constdata          ex_flash_demo.o
    0x00031e9b   0x00031e9b   0x000001a9   Data   RO          472    .constdata          ex_flash_demo.o
    0x00032044   0x00032044   0x000001fb   Data   RO          473    .constdata          ex_flash_demo.o
    0x0003223f   0x0003223f   0x00000243   Data   RO          474    .constdata          ex_flash_demo.o
    0x00032482   0x00032482   0x00000255   Data   RO          475    .constdata          ex_flash_demo.o
    0x000326d7   0x000326d7   0x00000255   Data   RO          476    .constdata          ex_flash_demo.o
    0x0003292c   0x0003292c   0x00000213   Data   RO          477    .constdata          ex_flash_demo.o
    0x00032b3f   0x00032b3f   0x00000217   Data   RO          478    .constdata          ex_flash_demo.o
    0x00032d56   0x00032d56   0x00000155   Data   RO          479    .constdata          ex_flash_demo.o
    0x00032eab   0x00032eab   0x0000017f   Data   RO          480    .constdata          ex_flash_demo.o
    0x0003302a   0x0003302a   0x00000175   Data   RO          481    .constdata          ex_flash_demo.o
    0x0003319f   0x0003319f   0x000001e9   Data   RO          482    .constdata          ex_flash_demo.o
    0x00033388   0x00033388   0x00000201   Data   RO          483    .constdata          ex_flash_demo.o
    0x00033589   0x00033589   0x00000229   Data   RO          484    .constdata          ex_flash_demo.o
    0x000337b2   0x000337b2   0x00000299   Data   RO          485    .constdata          ex_flash_demo.o
    0x00033a4b   0x00033a4b   0x000002d9   Data   RO          486    .constdata          ex_flash_demo.o
    0x00033d24   0x00033d24   0x00000323   Data   RO          487    .constdata          ex_flash_demo.o
    0x00034047   0x00034047   0x00000317   Data   RO          488    .constdata          ex_flash_demo.o
    0x0003435e   0x0003435e   0x00000329   Data   RO          489    .constdata          ex_flash_demo.o
    0x00034687   0x00034687   0x00000337   Data   RO          490    .constdata          ex_flash_demo.o
    0x000349be   0x000349be   0x000001b1   Data   RO          491    .constdata          ex_flash_demo.o
    0x00034b6f   0x00034b6f   0x0000017b   Data   RO          492    .constdata          ex_flash_demo.o
    0x00034cea   0x00034cea   0x00000161   Data   RO          493    .constdata          ex_flash_demo.o
    0x00034e4b   0x00034e4b   0x0000019b   Data   RO          494    .constdata          ex_flash_demo.o
    0x00034fe6   0x00034fe6   0x000001db   Data   RO          495    .constdata          ex_flash_demo.o
    0x000351c1   0x000351c1   0x000001f1   Data   RO          496    .constdata          ex_flash_demo.o
    0x000353b2   0x000353b2   0x000001f5   Data   RO          497    .constdata          ex_flash_demo.o
    0x000355a7   0x000355a7   0x00000203   Data   RO          498    .constdata          ex_flash_demo.o
    0x000357aa   0x000357aa   0x00000205   Data   RO          499    .constdata          ex_flash_demo.o
    0x000359af   0x000359af   0x0000021b   Data   RO          500    .constdata          ex_flash_demo.o
    0x00035bca   0x00035bca   0x00000215   Data   RO          501    .constdata          ex_flash_demo.o
    0x00035ddf   0x00035ddf   0x00000207   Data   RO          502    .constdata          ex_flash_demo.o
    0x00035fe6   0x00035fe6   0x00000145   Data   RO          503    .constdata          ex_flash_demo.o
    0x0003612b   0x0003612b   0x0000010f   Data   RO          504    .constdata          ex_flash_demo.o
    0x0003623a   0x0003623a   0x0000010b   Data   RO          505    .constdata          ex_flash_demo.o
    0x00036345   0x00036345   0x00000181   Data   RO          506    .constdata          ex_flash_demo.o
    0x000364c6   0x000364c6   0x000001eb   Data   RO          507    .constdata          ex_flash_demo.o
    0x000366b1   0x000366b1   0x00000207   Data   RO          508    .constdata          ex_flash_demo.o
    0x000368b8   0x000368b8   0x00000207   Data   RO          509    .constdata          ex_flash_demo.o
    0x00036abf   0x00036abf   0x00000221   Data   RO          510    .constdata          ex_flash_demo.o
    0x00036ce0   0x00036ce0   0x0000022f   Data   RO          511    .constdata          ex_flash_demo.o
    0x00036f0f   0x00036f0f   0x0000023f   Data   RO          512    .constdata          ex_flash_demo.o
    0x0003714e   0x0003714e   0x00000233   Data   RO          513    .constdata          ex_flash_demo.o
    0x00037381   0x00037381   0x00000227   Data   RO          514    .constdata          ex_flash_demo.o
    0x000375a8   0x000375a8   0x000000f7   Data   RO          515    .constdata          ex_flash_demo.o
    0x0003769f   0x0003769f   0x000000f7   Data   RO          516    .constdata          ex_flash_demo.o
    0x00037796   0x00037796   0x0000012d   Data   RO          517    .constdata          ex_flash_demo.o
    0x000378c3   0x000378c3   0x000001d1   Data   RO          518    .constdata          ex_flash_demo.o
    0x00037a94   0x00037a94   0x00000273   Data   RO          519    .constdata          ex_flash_demo.o
    0x00037d07   0x00037d07   0x000002a9   Data   RO          520    .constdata          ex_flash_demo.o
    0x00037fb0   0x00037fb0   0x0000029f   Data   RO          521    .constdata          ex_flash_demo.o
    0x0003824f   0x0003824f   0x0000029f   Data   RO          522    .constdata          ex_flash_demo.o
    0x000384ee   0x000384ee   0x00000283   Data   RO          523    .constdata          ex_flash_demo.o
    0x00038771   0x00038771   0x00000289   Data   RO          524    .constdata          ex_flash_demo.o
    0x000389fa   0x000389fa   0x00000287   Data   RO          525    .constdata          ex_flash_demo.o
    0x00038c81   0x00038c81   0x00000269   Data   RO          526    .constdata          ex_flash_demo.o
    0x00038eea   0x00038eea   0x0000014f   Data   RO          527    .constdata          ex_flash_demo.o
    0x00039039   0x00039039   0x00000149   Data   RO          528    .constdata          ex_flash_demo.o
    0x00039182   0x00039182   0x00000153   Data   RO          529    .constdata          ex_flash_demo.o
    0x000392d5   0x000392d5   0x000001b5   Data   RO          530    .constdata          ex_flash_demo.o
    0x0003948a   0x0003948a   0x000001ed   Data   RO          531    .constdata          ex_flash_demo.o
    0x00039677   0x00039677   0x000001fb   Data   RO          532    .constdata          ex_flash_demo.o
    0x00039872   0x00039872   0x000001eb   Data   RO          533    .constdata          ex_flash_demo.o
    0x00039a5d   0x00039a5d   0x000001d5   Data   RO          534    .constdata          ex_flash_demo.o
    0x00039c32   0x00039c32   0x000001b7   Data   RO          535    .constdata          ex_flash_demo.o
    0x00039de9   0x00039de9   0x000001b9   Data   RO          536    .constdata          ex_flash_demo.o
    0x00039fa2   0x00039fa2   0x000001b5   Data   RO          537    .constdata          ex_flash_demo.o
    0x0003a157   0x0003a157   0x000001a7   Data   RO          538    .constdata          ex_flash_demo.o
    0x0003a2fe   0x0003a2fe   0x000000fd   Data   RO          539    .constdata          ex_flash_demo.o
    0x0003a3fb   0x0003a3fb   0x00000109   Data   RO          540    .constdata          ex_flash_demo.o
    0x0003a504   0x0003a504   0x00000145   Data   RO          541    .constdata          ex_flash_demo.o
    0x0003a649   0x0003a649   0x000001e5   Data   RO          542    .constdata          ex_flash_demo.o
    0x0003a82e   0x0003a82e   0x00000287   Data   RO          543    .constdata          ex_flash_demo.o
    0x0003aab5   0x0003aab5   0x0000027f   Data   RO          544    .constdata          ex_flash_demo.o
    0x0003ad34   0x0003ad34   0x000002a5   Data   RO          545    .constdata          ex_flash_demo.o
    0x0003afd9   0x0003afd9   0x000002c7   Data   RO          546    .constdata          ex_flash_demo.o
    0x0003b2a0   0x0003b2a0   0x0000029d   Data   RO          547    .constdata          ex_flash_demo.o
    0x0003b53d   0x0003b53d   0x00000287   Data   RO          548    .constdata          ex_flash_demo.o
    0x0003b7c4   0x0003b7c4   0x000001e9   Data   RO          549    .constdata          ex_flash_demo.o
    0x0003b9ad   0x0003b9ad   0x000001cf   Data   RO          550    .constdata          ex_flash_demo.o
    0x0003bb7c   0x0003bb7c   0x00000117   Data   RO          551    .constdata          ex_flash_demo.o
    0x0003bc93   0x0003bc93   0x000000e9   Data   RO          552    .constdata          ex_flash_demo.o
    0x0003bd7c   0x0003bd7c   0x00000203   Data   RO          553    .constdata          ex_flash_demo.o
    0x0003bf7f   0x0003bf7f   0x00000233   Data   RO          554    .constdata          ex_flash_demo.o
    0x0003c1b2   0x0003c1b2   0x000002b7   Data   RO          555    .constdata          ex_flash_demo.o
    0x0003c469   0x0003c469   0x00000335   Data   RO          556    .constdata          ex_flash_demo.o
    0x0003c79e   0x0003c79e   0x00000395   Data   RO          557    .constdata          ex_flash_demo.o
    0x0003cb33   0x0003cb33   0x00000385   Data   RO          558    .constdata          ex_flash_demo.o
    0x0003ceb8   0x0003ceb8   0x00000335   Data   RO          559    .constdata          ex_flash_demo.o
    0x0003d1ed   0x0003d1ed   0x00000349   Data   RO          560    .constdata          ex_flash_demo.o
    0x0003d536   0x0003d536   0x000002ff   Data   RO          561    .constdata          ex_flash_demo.o
    0x0003d835   0x0003d835   0x000000d7   Data   RO          562    .constdata          ex_flash_demo.o
    0x0003d90c   0x0003d90c   0x00000011   Data   RO          563    .constdata          ex_flash_demo.o
    0x0003d91d   0x0003d91d   0x00000011   Data   RO          564    .constdata          ex_flash_demo.o
    0x0003d92e   0x0003d92e   0x00000011   Data   RO          565    .constdata          ex_flash_demo.o
    0x0003d93f   0x0003d93f   0x00000011   Data   RO          566    .constdata          ex_flash_demo.o
    0x0003d950   0x0003d950   0x00000161   Data   RO          567    .constdata          ex_flash_demo.o
    0x0003dab1   0x0003dab1   0x000001ab   Data   RO          568    .constdata          ex_flash_demo.o
    0x0003dc5c   0x0003dc5c   0x0000020f   Data   RO          569    .constdata          ex_flash_demo.o
    0x0003de6b   0x0003de6b   0x00000221   Data   RO          570    .constdata          ex_flash_demo.o
    0x0003e08c   0x0003e08c   0x0000021d   Data   RO          571    .constdata          ex_flash_demo.o
    0x0003e2a9   0x0003e2a9   0x0000020f   Data   RO          572    .constdata          ex_flash_demo.o
    0x0003e4b8   0x0003e4b8   0x00000213   Data   RO          573    .constdata          ex_flash_demo.o
    0x0003e6cb   0x0003e6cb   0x0000023d   Data   RO          574    .constdata          ex_flash_demo.o
    0x0003e908   0x0003e908   0x000001a1   Data   RO          575    .constdata          ex_flash_demo.o
    0x0003eaa9   0x0003eaa9   0x0000015f   Data   RO          576    .constdata          ex_flash_demo.o
    0x0003ec08   0x0003ec08   0x0000015d   Data   RO          577    .constdata          ex_flash_demo.o
    0x0003ed65   0x0003ed65   0x0000022b   Data   RO          578    .constdata          ex_flash_demo.o
    0x0003ef90   0x0003ef90   0x00000255   Data   RO          579    .constdata          ex_flash_demo.o
    0x0003f1e5   0x0003f1e5   0x000002ab   Data   RO          580    .constdata          ex_flash_demo.o
    0x0003f490   0x0003f490   0x000002fd   Data   RO          581    .constdata          ex_flash_demo.o
    0x0003f78d   0x0003f78d   0x0000030f   Data   RO          582    .constdata          ex_flash_demo.o
    0x0003fa9c   0x0003fa9c   0x00000303   Data   RO          583    .constdata          ex_flash_demo.o
    0x0003fd9f   0x0003fd9f   0x000002f1   Data   RO          584    .constdata          ex_flash_demo.o
    0x00040090   0x00040090   0x000002f7   Data   RO          585    .constdata          ex_flash_demo.o
    0x00040387   0x00040387   0x000002fb   Data   RO          586    .constdata          ex_flash_demo.o
    0x00040682   0x00040682   0x0000017d   Data   RO          587    .constdata          ex_flash_demo.o
    0x000407ff   0x000407ff   0x00000197   Data   RO          588    .constdata          ex_flash_demo.o
    0x00040996   0x00040996   0x00000143   Data   RO          589    .constdata          ex_flash_demo.o
    0x00040ad9   0x00040ad9   0x0000019d   Data   RO          590    .constdata          ex_flash_demo.o
    0x00040c76   0x00040c76   0x000001fd   Data   RO          591    .constdata          ex_flash_demo.o
    0x00040e73   0x00040e73   0x0000022b   Data   RO          592    .constdata          ex_flash_demo.o
    0x0004109e   0x0004109e   0x0000024d   Data   RO          593    .constdata          ex_flash_demo.o
    0x000412eb   0x000412eb   0x0000025b   Data   RO          594    .constdata          ex_flash_demo.o
    0x00041546   0x00041546   0x00000269   Data   RO          595    .constdata          ex_flash_demo.o
    0x000417af   0x000417af   0x0000027d   Data   RO          596    .constdata          ex_flash_demo.o
    0x00041a2c   0x00041a2c   0x00000265   Data   RO          597    .constdata          ex_flash_demo.o
    0x00041c91   0x00041c91   0x00000267   Data   RO          598    .constdata          ex_flash_demo.o
    0x00041ef8   0x00041ef8   0x0000012d   Data   RO          599    .constdata          ex_flash_demo.o
    0x00042025   0x00042025   0x00000107   Data   RO          600    .constdata          ex_flash_demo.o
    0x0004212c   0x0004212c   0x000000bf   Data   RO          601    .constdata          ex_flash_demo.o
    0x000421eb   0x000421eb   0x00000189   Data   RO          602    .constdata          ex_flash_demo.o
    0x00042374   0x00042374   0x0000025d   Data   RO          603    .constdata          ex_flash_demo.o
    0x000425d1   0x000425d1   0x000002ad   Data   RO          604    .constdata          ex_flash_demo.o
    0x0004287e   0x0004287e   0x000002c1   Data   RO          605    .constdata          ex_flash_demo.o
    0x00042b3f   0x00042b3f   0x000002b1   Data   RO          606    .constdata          ex_flash_demo.o
    0x00042df0   0x00042df0   0x000002b5   Data   RO          607    .constdata          ex_flash_demo.o
    0x000430a5   0x000430a5   0x000002b3   Data   RO          608    .constdata          ex_flash_demo.o
    0x00043358   0x00043358   0x000002bf   Data   RO          609    .constdata          ex_flash_demo.o
    0x00043617   0x00043617   0x0000029b   Data   RO          610    .constdata          ex_flash_demo.o
    0x000438b2   0x000438b2   0x0000015d   Data   RO          611    .constdata          ex_flash_demo.o
    0x00043a0f   0x00043a0f   0x00000159   Data   RO          612    .constdata          ex_flash_demo.o
    0x00043b68   0x00043b68   0x0000017f   Data   RO          613    .constdata          ex_flash_demo.o
    0x00043ce7   0x00043ce7   0x000001d5   Data   RO          614    .constdata          ex_flash_demo.o
    0x00043ebc   0x00043ebc   0x00000215   Data   RO          615    .constdata          ex_flash_demo.o
    0x000440d1   0x000440d1   0x0000026f   Data   RO          616    .constdata          ex_flash_demo.o
    0x00044340   0x00044340   0x00000289   Data   RO          617    .constdata          ex_flash_demo.o
    0x000445c9   0x000445c9   0x0000028f   Data   RO          618    .constdata          ex_flash_demo.o
    0x00044858   0x00044858   0x00000269   Data   RO          619    .constdata          ex_flash_demo.o
    0x00044ac1   0x00044ac1   0x00000263   Data   RO          620    .constdata          ex_flash_demo.o
    0x00044d24   0x00044d24   0x00000271   Data   RO          621    .constdata          ex_flash_demo.o
    0x00044f95   0x00044f95   0x0000026b   Data   RO          622    .constdata          ex_flash_demo.o
    0x00045200   0x00045200   0x000000e1   Data   RO          623    .constdata          ex_flash_demo.o
    0x000452e1   0x000452e1   0x000000fb   Data   RO          624    .constdata          ex_flash_demo.o
    0x000453dc   0x000453dc   0x00000135   Data   RO          625    .constdata          ex_flash_demo.o
    0x00045511   0x00045511   0x00000143   Data   RO          626    .constdata          ex_flash_demo.o
    0x00045654   0x00045654   0x00000179   Data   RO          627    .constdata          ex_flash_demo.o
    0x000457cd   0x000457cd   0x000001b9   Data   RO          628    .constdata          ex_flash_demo.o
    0x00045986   0x00045986   0x000001d9   Data   RO          629    .constdata          ex_flash_demo.o
    0x00045b5f   0x00045b5f   0x000001f9   Data   RO          630    .constdata          ex_flash_demo.o
    0x00045d58   0x00045d58   0x000001fd   Data   RO          631    .constdata          ex_flash_demo.o
    0x00045f55   0x00045f55   0x000001f9   Data   RO          632    .constdata          ex_flash_demo.o
    0x0004614e   0x0004614e   0x000001f5   Data   RO          633    .constdata          ex_flash_demo.o
    0x00046343   0x00046343   0x000001e3   Data   RO          634    .constdata          ex_flash_demo.o
    0x00046526   0x00046526   0x00000109   Data   RO          635    .constdata          ex_flash_demo.o
    0x0004662f   0x0004662f   0x000000eb   Data   RO          636    .constdata          ex_flash_demo.o
    0x0004671a   0x0004671a   0x00000111   Data   RO          637    .constdata          ex_flash_demo.o
    0x0004682b   0x0004682b   0x000001df   Data   RO          638    .constdata          ex_flash_demo.o
    0x00046a0a   0x00046a0a   0x00000267   Data   RO          639    .constdata          ex_flash_demo.o
    0x00046c71   0x00046c71   0x000002b3   Data   RO          640    .constdata          ex_flash_demo.o
    0x00046f24   0x00046f24   0x000002c3   Data   RO          641    .constdata          ex_flash_demo.o
    0x000471e7   0x000471e7   0x000002c3   Data   RO          642    .constdata          ex_flash_demo.o
    0x000474aa   0x000474aa   0x0000029d   Data   RO          643    .constdata          ex_flash_demo.o
    0x00047747   0x00047747   0x000002a3   Data   RO          644    .constdata          ex_flash_demo.o
    0x000479ea   0x000479ea   0x000002a3   Data   RO          645    .constdata          ex_flash_demo.o
    0x00047c8d   0x00047c8d   0x0000027f   Data   RO          646    .constdata          ex_flash_demo.o
    0x00047f0c   0x00047f0c   0x00000189   Data   RO          647    .constdata          ex_flash_demo.o
    0x00048095   0x00048095   0x0000012f   Data   RO          648    .constdata          ex_flash_demo.o
    0x000481c4   0x000481c4   0x00000151   Data   RO          649    .constdata          ex_flash_demo.o
    0x00048315   0x00048315   0x000001bf   Data   RO          650    .constdata          ex_flash_demo.o
    0x000484d4   0x000484d4   0x0000022d   Data   RO          651    .constdata          ex_flash_demo.o
    0x00048701   0x00048701   0x0000024f   Data   RO          652    .constdata          ex_flash_demo.o
    0x00048950   0x00048950   0x00000263   Data   RO          653    .constdata          ex_flash_demo.o
    0x00048bb3   0x00048bb3   0x00000265   Data   RO          654    .constdata          ex_flash_demo.o
    0x00048e18   0x00048e18   0x00000291   Data   RO          655    .constdata          ex_flash_demo.o
    0x000490a9   0x000490a9   0x00000291   Data   RO          656    .constdata          ex_flash_demo.o
    0x0004933a   0x0004933a   0x000002c9   Data   RO          657    .constdata          ex_flash_demo.o
    0x00049603   0x00049603   0x000002d3   Data   RO          658    .constdata          ex_flash_demo.o
    0x000498d6   0x000498d6   0x000002f9   Data   RO          659    .constdata          ex_flash_demo.o
    0x00049bcf   0x00049bcf   0x000002fb   Data   RO          660    .constdata          ex_flash_demo.o
    0x00049eca   0x00049eca   0x00000011   Data   RO          661    .constdata          ex_flash_demo.o
    0x00049edb   0x00049edb   0x00000019   Data   RO          662    .constdata          ex_flash_demo.o
    0x00049ef4   0x00049ef4   0x000000dd   Data   RO          663    .constdata          ex_flash_demo.o
    0x00049fd1   0x00049fd1   0x0000008f   Data   RO          664    .constdata          ex_flash_demo.o
    0x0004a060   0x0004a060   0x00000087   Data   RO          665    .constdata          ex_flash_demo.o
    0x0004a0e7   0x0004a0e7   0x0000007d   Data   RO          666    .constdata          ex_flash_demo.o
    0x0004a164   0x0004a164   0x00000071   Data   RO          667    .constdata          ex_flash_demo.o
    0x0004a1d5   0x0004a1d5   0x00000077   Data   RO          668    .constdata          ex_flash_demo.o
    0x0004a24c   0x0004a24c   0x00000073   Data   RO          669    .constdata          ex_flash_demo.o
    0x0004a2bf   0x0004a2bf   0x00000077   Data   RO          670    .constdata          ex_flash_demo.o
    0x0004a336   0x0004a336   0x00000075   Data   RO          671    .constdata          ex_flash_demo.o
    0x0004a3ab   0x0004a3ab   0x00000081   Data   RO          672    .constdata          ex_flash_demo.o
    0x0004a42c   0x0004a42c   0x00000087   Data   RO          673    .constdata          ex_flash_demo.o
    0x0004a4b3   0x0004a4b3   0x0000009b   Data   RO          674    .constdata          ex_flash_demo.o
    0x0004a54e   0x0004a54e   0x000000bf   Data   RO          675    .constdata          ex_flash_demo.o
    0x0004a60d   0x0004a60d   0x000000e1   Data   RO          676    .constdata          ex_flash_demo.o
    0x0004a6ee   0x0004a6ee   0x000000f1   Data   RO          677    .constdata          ex_flash_demo.o
    0x0004a7df   0x0004a7df   0x000000f3   Data   RO          678    .constdata          ex_flash_demo.o
    0x0004a8d2   0x0004a8d2   0x000000f5   Data   RO          679    .constdata          ex_flash_demo.o
    0x0004a9c7   0x0004a9c7   0x000000ff   Data   RO          680    .constdata          ex_flash_demo.o
    0x0004aac6   0x0004aac6   0x000000fd   Data   RO          681    .constdata          ex_flash_demo.o
    0x0004abc3   0x0004abc3   0x000000ff   Data   RO          682    .constdata          ex_flash_demo.o
    0x0004acc2   0x0004acc2   0x000000db   Data   RO          683    .constdata          ex_flash_demo.o
    0x0004ad9d   0x0004ad9d   0x000000cd   Data   RO          684    .constdata          ex_flash_demo.o
    0x0004ae6a   0x0004ae6a   0x000000ab   Data   RO          685    .constdata          ex_flash_demo.o
    0x0004af15   0x0004af15   0x0000009d   Data   RO          686    .constdata          ex_flash_demo.o
    0x0004afb2   0x0004afb2   0x0000009b   Data   RO          687    .constdata          ex_flash_demo.o
    0x0004b04d   0x0004b04d   0x00000099   Data   RO          688    .constdata          ex_flash_demo.o
    0x0004b0e6   0x0004b0e6   0x000000cb   Data   RO          689    .constdata          ex_flash_demo.o
    0x0004b1b1   0x0004b1b1   0x000000d7   Data   RO          690    .constdata          ex_flash_demo.o
    0x0004b288   0x0004b288   0x000000ed   Data   RO          691    .constdata          ex_flash_demo.o
    0x0004b375   0x0004b375   0x000000ed   Data   RO          692    .constdata          ex_flash_demo.o
    0x0004b462   0x0004b462   0x000000f3   Data   RO          693    .constdata          ex_flash_demo.o
    0x0004b555   0x0004b555   0x000000f1   Data   RO          694    .constdata          ex_flash_demo.o
    0x0004b646   0x0004b646   0x0000009d   Data   RO          695    .constdata          ex_flash_demo.o
    0x0004b6e3   0x0004b6e3   0x00000095   Data   RO          696    .constdata          ex_flash_demo.o
    0x0004b778   0x0004b778   0x0000009d   Data   RO          697    .constdata          ex_flash_demo.o
    0x0004b815   0x0004b815   0x000000db   Data   RO          698    .constdata          ex_flash_demo.o
    0x0004b8f0   0x0004b8f0   0x00000121   Data   RO          699    .constdata          ex_flash_demo.o
    0x0004ba11   0x0004ba11   0x00000123   Data   RO          700    .constdata          ex_flash_demo.o
    0x0004bb34   0x0004bb34   0x00000139   Data   RO          701    .constdata          ex_flash_demo.o
    0x0004bc6d   0x0004bc6d   0x00000131   Data   RO          702    .constdata          ex_flash_demo.o
    0x0004bd9e   0x0004bd9e   0x00000123   Data   RO          703    .constdata          ex_flash_demo.o
    0x0004bec1   0x0004bec1   0x0000011d   Data   RO          704    .constdata          ex_flash_demo.o
    0x0004bfde   0x0004bfde   0x000000bf   Data   RO          705    .constdata          ex_flash_demo.o
    0x0004c09d   0x0004c09d   0x000000e3   Data   RO          706    .constdata          ex_flash_demo.o
    0x0004c180   0x0004c180   0x00000087   Data   RO          707    .constdata          ex_flash_demo.o
    0x0004c207   0x0004c207   0x000000df   Data   RO          708    .constdata          ex_flash_demo.o
    0x0004c2e6   0x0004c2e6   0x00000165   Data   RO          709    .constdata          ex_flash_demo.o
    0x0004c44b   0x0004c44b   0x000001b5   Data   RO          710    .constdata          ex_flash_demo.o
    0x0004c600   0x0004c600   0x000001eb   Data   RO          711    .constdata          ex_flash_demo.o
    0x0004c7eb   0x0004c7eb   0x000001f1   Data   RO          712    .constdata          ex_flash_demo.o
    0x0004c9dc   0x0004c9dc   0x00000201   Data   RO          713    .constdata          ex_flash_demo.o
    0x0004cbdd   0x0004cbdd   0x0000021f   Data   RO          714    .constdata          ex_flash_demo.o
    0x0004cdfc   0x0004cdfc   0x00000227   Data   RO          715    .constdata          ex_flash_demo.o
    0x0004d023   0x0004d023   0x0000022d   Data   RO          716    .constdata          ex_flash_demo.o
    0x0004d250   0x0004d250   0x000002ad   Data   RO          717    .constdata          ex_flash_demo.o
    0x0004d4fd   0x0004d4fd   0x000002c5   Data   RO          718    .constdata          ex_flash_demo.o
    0x0004d7c2   0x0004d7c2   0x00000205   Data   RO          719    .constdata          ex_flash_demo.o
    0x0004d9c7   0x0004d9c7   0x00000229   Data   RO          720    .constdata          ex_flash_demo.o
    0x0004dbf0   0x0004dbf0   0x000001e3   Data   RO          721    .constdata          ex_flash_demo.o
    0x0004ddd3   0x0004ddd3   0x000001e3   Data   RO          722    .constdata          ex_flash_demo.o
    0x0004dfb6   0x0004dfb6   0x00000159   Data   RO          723    .constdata          ex_flash_demo.o
    0x0004e10f   0x0004e10f   0x0000017d   Data   RO          724    .constdata          ex_flash_demo.o
    0x0004e28c   0x0004e28c   0x0000015f   Data   RO          725    .constdata          ex_flash_demo.o
    0x0004e3eb   0x0004e3eb   0x0000014d   Data   RO          726    .constdata          ex_flash_demo.o
    0x0004e538   0x0004e538   0x0000012b   Data   RO          727    .constdata          ex_flash_demo.o
    0x0004e663   0x0004e663   0x00000115   Data   RO          728    .constdata          ex_flash_demo.o
    0x0004e778   0x0004e778   0x0000012d   Data   RO          729    .constdata          ex_flash_demo.o
    0x0004e8a5   0x0004e8a5   0x00000115   Data   RO          730    .constdata          ex_flash_demo.o
    0x0004e9ba   0x0004e9ba   0x000001d7   Data   RO          731    .constdata          ex_flash_demo.o
    0x0004eb91   0x0004eb91   0x00000393   Data   RO          732    .constdata          ex_flash_demo.o
    0x0004ef24   0x0004ef24   0x00000461   Data   RO          733    .constdata          ex_flash_demo.o
    0x0004f385   0x0004f385   0x0000047b   Data   RO          734    .constdata          ex_flash_demo.o
    0x0004f800   0x0004f800   0x00000495   Data   RO          735    .constdata          ex_flash_demo.o
    0x0004fc95   0x0004fc95   0x0000049b   Data   RO          736    .constdata          ex_flash_demo.o
    0x00050130   0x00050130   0x000004af   Data   RO          737    .constdata          ex_flash_demo.o
    0x000505df   0x000505df   0x000004c3   Data   RO          738    .constdata          ex_flash_demo.o
    0x00050aa2   0x00050aa2   0x000004c7   Data   RO          739    .constdata          ex_flash_demo.o
    0x00050f69   0x00050f69   0x000004bd   Data   RO          740    .constdata          ex_flash_demo.o
    0x00051426   0x00051426   0x000002c5   Data   RO          741    .constdata          ex_flash_demo.o
    0x000516eb   0x000516eb   0x0000032f   Data   RO          742    .constdata          ex_flash_demo.o
    0x00051a1a   0x00051a1a   0x000003bb   Data   RO          743    .constdata          ex_flash_demo.o
    0x00051dd5   0x00051dd5   0x0000047f   Data   RO          744    .constdata          ex_flash_demo.o
    0x00052254   0x00052254   0x00000505   Data   RO          745    .constdata          ex_flash_demo.o
    0x00052759   0x00052759   0x0000052b   Data   RO          746    .constdata          ex_flash_demo.o
    0x00052c84   0x00052c84   0x0000052f   Data   RO          747    .constdata          ex_flash_demo.o
    0x000531b3   0x000531b3   0x00000525   Data   RO          748    .constdata          ex_flash_demo.o
    0x000536d8   0x000536d8   0x00000523   Data   RO          749    .constdata          ex_flash_demo.o
    0x00053bfb   0x00053bfb   0x00000523   Data   RO          750    .constdata          ex_flash_demo.o
    0x0005411e   0x0005411e   0x0000015d   Data   RO          751    .constdata          ex_flash_demo.o
    0x0005427b   0x0005427b   0x00000145   Data   RO          752    .constdata          ex_flash_demo.o
    0x000543c0   0x000543c0   0x0000012b   Data   RO          753    .constdata          ex_flash_demo.o
    0x000544eb   0x000544eb   0x00000129   Data   RO          754    .constdata          ex_flash_demo.o
    0x00054614   0x00054614   0x0000014b   Data   RO          755    .constdata          ex_flash_demo.o
    0x0005475f   0x0005475f   0x0000019f   Data   RO          756    .constdata          ex_flash_demo.o
    0x000548fe   0x000548fe   0x000001b5   Data   RO          757    .constdata          ex_flash_demo.o
    0x00054ab3   0x00054ab3   0x000001b7   Data   RO          758    .constdata          ex_flash_demo.o
    0x00054c6a   0x00054c6a   0x00000177   Data   RO          759    .constdata          ex_flash_demo.o
    0x00054de1   0x00054de1   0x0000019d   Data   RO          760    .constdata          ex_flash_demo.o
    0x00054f7e   0x00054f7e   0x0000018f   Data   RO          761    .constdata          ex_flash_demo.o
    0x0005510d   0x0005510d   0x00000179   Data   RO          762    .constdata          ex_flash_demo.o
    0x00055286   0x00055286   0x00000145   Data   RO          763    .constdata          ex_flash_demo.o
    0x000553cb   0x000553cb   0x0000012b   Data   RO          764    .constdata          ex_flash_demo.o
    0x000554f6   0x000554f6   0x00000129   Data   RO          765    .constdata          ex_flash_demo.o
    0x0005561f   0x0005561f   0x0000012f   Data   RO          766    .constdata          ex_flash_demo.o
    0x0005574e   0x0005574e   0x000001a1   Data   RO          767    .constdata          ex_flash_demo.o
    0x000558ef   0x000558ef   0x000001b7   Data   RO          768    .constdata          ex_flash_demo.o
    0x00055aa6   0x00055aa6   0x000001b7   Data   RO          769    .constdata          ex_flash_demo.o
    0x00055c5d   0x00055c5d   0x0000017f   Data   RO          770    .constdata          ex_flash_demo.o
    0x00055ddc   0x00055ddc   0x00000199   Data   RO          771    .constdata          ex_flash_demo.o
    0x00055f75   0x00055f75   0x00000191   Data   RO          772    .constdata          ex_flash_demo.o
    0x00056106   0x00056106   0x00000179   Data   RO          773    .constdata          ex_flash_demo.o
    0x0005627f   0x0005627f   0x00000147   Data   RO          774    .constdata          ex_flash_demo.o
    0x000563c6   0x000563c6   0x0000012d   Data   RO          775    .constdata          ex_flash_demo.o
    0x000564f3   0x000564f3   0x0000012f   Data   RO          776    .constdata          ex_flash_demo.o
    0x00056622   0x00056622   0x00000131   Data   RO          777    .constdata          ex_flash_demo.o
    0x00056753   0x00056753   0x00000175   Data   RO          778    .constdata          ex_flash_demo.o
    0x000568c8   0x000568c8   0x000001b5   Data   RO          779    .constdata          ex_flash_demo.o
    0x00056a7d   0x00056a7d   0x000001b3   Data   RO          780    .constdata          ex_flash_demo.o
    0x00056c30   0x00056c30   0x0000017b   Data   RO          781    .constdata          ex_flash_demo.o
    0x00056dab   0x00056dab   0x00000181   Data   RO          782    .constdata          ex_flash_demo.o
    0x00056f2c   0x00056f2c   0x0000018d   Data   RO          783    .constdata          ex_flash_demo.o
    0x000570b9   0x000570b9   0x0000018f   Data   RO          784    .constdata          ex_flash_demo.o
    0x00057248   0x00057248   0x00000145   Data   RO          785    .constdata          ex_flash_demo.o
    0x0005738d   0x0005738d   0x0000012b   Data   RO          786    .constdata          ex_flash_demo.o
    0x000574b8   0x000574b8   0x0000012d   Data   RO          787    .constdata          ex_flash_demo.o
    0x000575e5   0x000575e5   0x00000133   Data   RO          788    .constdata          ex_flash_demo.o
    0x00057718   0x00057718   0x0000016f   Data   RO          789    .constdata          ex_flash_demo.o
    0x00057887   0x00057887   0x000001b3   Data   RO          790    .constdata          ex_flash_demo.o
    0x00057a3a   0x00057a3a   0x000001b1   Data   RO          791    .constdata          ex_flash_demo.o
    0x00057beb   0x00057beb   0x000001b7   Data   RO          792    .constdata          ex_flash_demo.o
    0x00057da2   0x00057da2   0x00000181   Data   RO          793    .constdata          ex_flash_demo.o
    0x00057f23   0x00057f23   0x0000018f   Data   RO          794    .constdata          ex_flash_demo.o
    0x000580b2   0x000580b2   0x0000018f   Data   RO          795    .constdata          ex_flash_demo.o
    0x00058241   0x00058241   0x0000015d   Data   RO          796    .constdata          ex_flash_demo.o


==============================================================================

Image component sizes


      Code (inc. data)   RO Data    RW Data    ZI Data      Debug   Object Name

         0          0     361374          0          0          0   ex_flash_demo.o

    ----------------------------------------------------------------------
         0          0     361376          0          0          0   Object Totals
         0          0          0          0          0          0   (incl. Generated)
         0          0          2          0          0          0   (incl. Padding)

    ----------------------------------------------------------------------
         0          0          0          0          0          0   Library Totals
         0          0          0          0          0          0   (incl. Padding)

    ----------------------------------------------------------------------

==============================================================================


      Code (inc. data)   RO Data    RW Data    ZI Data      Debug   

         0          0     361376          0          0          0   Grand Totals
         0          0     361376          0          0          0   ELF Image Totals
         0          0     361376          0          0          0   ROM Totals

==============================================================================

    Total RO  Size (Code + RO Data)               361376 ( 352.91kB)
    Total RW  Size (RW Data + ZI Data)                 0 (   0.00kB)
    Total ROM Size (Code + RO Data + RW Data)     361376 ( 352.91kB)

==============================================================================

