Component: ARM Compiler 5.06 update 7 (build 960) Tool: armlink [4d3601]

==============================================================================

Section Cross References



==============================================================================

Image Symbol Table

    Local Symbols

    Symbol Name                              Value     Ov Type        Size  Object(Section)

    .constdata                               0x00000000   Section      221  ex_flash_demo.o(.constdata)
    ex_flash_demo.c                          0x00000000   Number         0  ex_flash_demo.o ABSOLUTE
    .constdata                               0x000000dd   Section      217  ex_flash_demo.o(.constdata)
    .constdata                               0x000001b6   Section      201  ex_flash_demo.o(.constdata)
    .constdata                               0x0000027f   Section      187  ex_flash_demo.o(.constdata)
    .constdata                               0x0000033a   Section      201  ex_flash_demo.o(.constdata)
    .constdata                               0x00000403   Section      193  ex_flash_demo.o(.constdata)
    .constdata                               0x000004c4   Section      185  ex_flash_demo.o(.constdata)
    .constdata                               0x0000057d   Section      187  ex_flash_demo.o(.constdata)
    .constdata                               0x00000638   Section      189  ex_flash_demo.o(.constdata)
    .constdata                               0x000006f5   Section      171  ex_flash_demo.o(.constdata)
    .constdata                               0x000007a0   Section      177  ex_flash_demo.o(.constdata)
    .constdata                               0x00000851   Section      151  ex_flash_demo.o(.constdata)
    .constdata                               0x000008e8   Section      161  ex_flash_demo.o(.constdata)
    .constdata                               0x00000989   Section      161  ex_flash_demo.o(.constdata)
    .constdata                               0x00000a2a   Section      179  ex_flash_demo.o(.constdata)
    .constdata                               0x00000add   Section      143  ex_flash_demo.o(.constdata)
    .constdata                               0x00000b6c   Section      163  ex_flash_demo.o(.constdata)
    .constdata                               0x00000c0f   Section      157  ex_flash_demo.o(.constdata)
    .constdata                               0x00000cac   Section      161  ex_flash_demo.o(.constdata)
    .constdata                               0x00000d4d   Section      175  ex_flash_demo.o(.constdata)
    .constdata                               0x00000dfc   Section      165  ex_flash_demo.o(.constdata)
    .constdata                               0x00000ea1   Section      167  ex_flash_demo.o(.constdata)
    .constdata                               0x00000f48   Section      163  ex_flash_demo.o(.constdata)
    .constdata                               0x00000feb   Section      171  ex_flash_demo.o(.constdata)
    .constdata                               0x00001096   Section      163  ex_flash_demo.o(.constdata)
    .constdata                               0x00001139   Section      169  ex_flash_demo.o(.constdata)
    .constdata                               0x000011e2   Section      197  ex_flash_demo.o(.constdata)
    .constdata                               0x000012a7   Section      217  ex_flash_demo.o(.constdata)
    .constdata                               0x00001380   Section      239  ex_flash_demo.o(.constdata)
    .constdata                               0x0000146f   Section      269  ex_flash_demo.o(.constdata)
    .constdata                               0x0000157c   Section      269  ex_flash_demo.o(.constdata)
    .constdata                               0x00001689   Section      249  ex_flash_demo.o(.constdata)
    .constdata                               0x00001782   Section      199  ex_flash_demo.o(.constdata)
    .constdata                               0x00001849   Section      141  ex_flash_demo.o(.constdata)
    .constdata                               0x000018d6   Section       97  ex_flash_demo.o(.constdata)
    .constdata                               0x00001937   Section       85  ex_flash_demo.o(.constdata)
    .constdata                               0x0000198c   Section       51  ex_flash_demo.o(.constdata)
    .constdata                               0x000019bf   Section       41  ex_flash_demo.o(.constdata)
    .constdata                               0x000019e8   Section       35  ex_flash_demo.o(.constdata)
    .constdata                               0x00001a0b   Section       37  ex_flash_demo.o(.constdata)
    .constdata                               0x00001a30   Section       33  ex_flash_demo.o(.constdata)
    .constdata                               0x00001a51   Section       33  ex_flash_demo.o(.constdata)
    .constdata                               0x00001a72   Section       39  ex_flash_demo.o(.constdata)
[...]
    img_RGB707_128x64                        0x0004d90b   Data         255  ex_flash_demo.o(.constdata)
    img_RGB708_128x64                        0x0004da0a   Data         353  ex_flash_demo.o(.constdata)
    img_RGB709_128x64                        0x0004db6b   Data         443  ex_flash_demo.o(.constdata)
    img_RGB710_128x64                        0x0004dd26   Data         497  ex_flash_demo.o(.constdata)
    img_RGB711_128x64                        0x0004df17   Data         503  ex_flash_demo.o(.constdata)
    img_RGB712_128x64                        0x0004e10e   Data         521  ex_flash_demo.o(.constdata)
    img_RGB713_128x64                        0x0004e317   Data         553  ex_flash_demo.o(.constdata)
    img_RGB714_128x64                        0x0004e540   Data         553  ex_flash_demo.o(.constdata)
    img_RGB715_128x64                        0x0004e769   Data         557  ex_flash_demo.o(.constdata)
    img_RGB716_128x64                        0x0004e996   Data         705  ex_flash_demo.o(.constdata)
    img_RGB717_128x64                        0x0004ec57   Data         685  ex_flash_demo.o(.constdata)
    img_RGB718_128x64                        0x0004ef04   Data         579  ex_flash_demo.o(.constdata)
    img_RGB719_128x64                        0x0004f147   Data         549  ex_flash_demo.o(.constdata)
    img_RGB720_128x64                        0x0004f36c   Data         465  ex_flash_demo.o(.constdata)
    img_RGB721_128x64                        0x0004f53d   Data         465  ex_flash_demo.o(.constdata)
    img_RGB722_128x64                        0x0004f70e   Data         385  ex_flash_demo.o(.constdata)
    img_RGB723_128x64                        0x0004f88f   Data         371  ex_flash_demo.o(.constdata)
    img_RGB724_128x64                        0x0004fa02   Data         341  ex_flash_demo.o(.constdata)
    img_RGB725_128x64                        0x0004fb57   Data         335  ex_flash_demo.o(.constdata)
    img_RGB726_128x64                        0x0004fca6   Data         295  ex_flash_demo.o(.constdata)
    img_RGB727_128x64                        0x0004fdcd   Data         289  ex_flash_demo.o(.constdata)
    img_RGB728_128x64                        0x0004feee   Data         307  ex_flash_demo.o(.constdata)
    img_RGB729_128x64                        0x00050021   Data         297  ex_flash_demo.o(.constdata)
    img_RGB730_128x64                        0x0005014a   Data         691  ex_flash_demo.o(.constdata)
    img_RGB731_128x64                        0x000503fd   Data        1027  ex_flash_demo.o(.constdata)
    img_RGB732_128x64                        0x00050800   Data        1101  ex_flash_demo.o(.constdata)
    img_RGB733_128x64                        0x00050c4d   Data        1101  ex_flash_demo.o(.constdata)
    img_RGB734_128x64                        0x0005109a   Data        1135  ex_flash_demo.o(.constdata)
    img_RGB735_128x64                        0x00051509   Data        1159  ex_flash_demo.o(.constdata)
    img_RGB736_128x64                        0x00051990   Data        1185  ex_flash_demo.o(.constdata)
    img_RGB737_128x64                        0x00051e31   Data        1207  ex_flash_demo.o(.constdata)
    img_RGB738_128x64                        0x000522e8   Data        1211  ex_flash_demo.o(.constdata)
    img_RGB739_128x64                        0x000527a3   Data        1209  ex_flash_demo.o(.constdata)
    img_RGB740_128x64                        0x00052c5c   Data         817  ex_flash_demo.o(.constdata)
    img_RGB741_128x64                        0x00052f8d   Data         907  ex_flash_demo.o(.constdata)
    img_RGB742_128x64                        0x00053318   Data        1043  ex_flash_demo.o(.constdata)
    img_RGB743_128x64                        0x0005372b   Data        1217  ex_flash_demo.o(.constdata)
    img_RGB744_128x64                        0x00053bec   Data        1281  ex_flash_demo.o(.constdata)
    img_RGB745_128x64                        0x000540ed   Data        1323  ex_flash_demo.o(.constdata)
    img_RGB746_128x64                        0x00054618   Data        1317  ex_flash_demo.o(.constdata)
    img_RGB747_128x64                        0x00054b3d   Data        1309  ex_flash_demo.o(.constdata)
    img_RGB748_128x64                        0x0005505a   Data        1293  ex_flash_demo.o(.constdata)
    img_RGB749_128x64                        0x00055567   Data        1293  ex_flash_demo.o(.constdata)
    img_RGB750_128x64                        0x00055a74   Data         349  ex_flash_demo.o(.constdata)
    img_RGB751_128x64                        0x00055bd1   Data         327  ex_flash_demo.o(.constdata)
    img_RGB752_128x64                        0x00055d18   Data         295  ex_flash_demo.o(.constdata)
    img_RGB753_128x64                        0x00055e3f   Data         295  ex_flash_demo.o(.constdata)
    img_RGB754_128x64                        0x00055f66   Data         337  ex_flash_demo.o(.constdata)
    img_RGB755_128x64                        0x000560b7   Data         447  ex_flash_demo.o(.constdata)
    img_RGB756_128x64                        0x00056276   Data         441  ex_flash_demo.o(.constdata)
    img_RGB757_128x64                        0x0005642f   Data         439  ex_flash_demo.o(.constdata)
    img_RGB758_128x64                        0x000565e6   Data         399  ex_flash_demo.o(.constdata)
    img_RGB759_128x64                        0x00056775   Data         415  ex_flash_demo.o(.constdata)
    img_RGB760_128x64                        0x00056914   Data         401  ex_flash_demo.o(.constdata)
    img_RGB761_128x64                        0x00056aa5   Data         419  ex_flash_demo.o(.constdata)
    img_RGB762_128x64                        0x00056c48   Data         327  ex_flash_demo.o(.constdata)
    img_RGB763_128x64                        0x00056d8f   Data         293  ex_flash_demo.o(.constdata)
    img_RGB764_128x64                        0x00056eb4   Data         293  ex_flash_demo.o(.constdata)
    img_RGB765_128x64                        0x00056fd9   Data         297  ex_flash_demo.o(.constdata)
    img_RGB766_128x64                        0x00057102   Data         459  ex_flash_demo.o(.constdata)
    img_RGB767_128x64                        0x000572cd   Data         439  ex_flash_demo.o(.constdata)
    img_RGB768_128x64                        0x00057484   Data         443  ex_flash_demo.o(.constdata)
    img_RGB769_128x64                        0x0005763f   Data         401  ex_flash_demo.o(.constdata)
    img_RGB770_128x64                        0x000577d0   Data         407  ex_flash_demo.o(.constdata)
    img_RGB771_128x64                        0x00057967   Data         401  ex_flash_demo.o(.constdata)
    img_RGB772_128x64                        0x00057af8   Data         409  ex_flash_demo.o(.constdata)
    img_RGB773_128x64                        0x00057c91   Data         337  ex_flash_demo.o(.constdata)
    img_RGB774_128x64                        0x00057de2   Data         293  ex_flash_demo.o(.constdata)
    img_RGB775_128x64                        0x00057f07   Data         293  ex_flash_demo.o(.constdata)
    img_RGB776_128x64                        0x0005802c   Data         299  ex_flash_demo.o(.constdata)
    img_RGB777_128x64                        0x00058157   Data         427  ex_flash_demo.o(.constdata)
    img_RGB778_128x64                        0x00058302   Data         449  ex_flash_demo.o(.constdata)
    img_RGB779_128x64                        0x000584c3   Data         449  ex_flash_demo.o(.constdata)
    img_RGB780_128x64                        0x00058684   Data         401  ex_flash_demo.o(.constdata)
    img_RGB781_128x64                        0x00058815   Data         401  ex_flash_demo.o(.constdata)
    img_RGB782_128x64                        0x000589a6   Data         399  ex_flash_demo.o(.constdata)
    img_RGB783_128x64                        0x00058b35   Data         401  ex_flash_demo.o(.constdata)
    img_RGB784_128x64                        0x00058cc6   Data         331  ex_flash_demo.o(.constdata)
    img_RGB785_128x64                        0x00058e11   Data         297  ex_flash_demo.o(.constdata)
    img_RGB786_128x64                        0x00058f3a   Data         293  ex_flash_demo.o(.constdata)
    img_RGB787_128x64                        0x0005905f   Data         293  ex_flash_demo.o(.constdata)
    img_RGB788_128x64                        0x00059184   Data         423  ex_flash_demo.o(.constdata)
    img_RGB789_128x64                        0x0005932b   Data         445  ex_flash_demo.o(.constdata)
    img_RGB790_128x64                        0x000594e8   Data         443  ex_flash_demo.o(.constdata)
    img_RGB791_128x64                        0x000596a3   Data         439  ex_flash_demo.o(.constdata)
    img_RGB792_128x64                        0x0005985a   Data         407  ex_flash_demo.o(.constdata)
    img_RGB793_128x64                        0x000599f1   Data         399  ex_flash_demo.o(.constdata)
    img_RGB794_128x64                        0x00059b80   Data         401  ex_flash_demo.o(.constdata)
    img_RGB795_128x64                        0x00059d11   Data         357  ex_flash_demo.o(.constdata)



==============================================================================

Memory Map of the image

  Image entry point : Not specified.

  Load Region LR_ROM1 (Base: 0x00000000, Size: 0x00059e78, Max: 0x01100000, ABSOLUTE)

    Execution Region ER_ROM1 (Exec base: 0x00000000, Load base: 0x00000000, Size: 0x00059e78, Max: 0x01100000, ABSOLUTE)

    Exec Addr    Load Addr    Size         Type   Attr      Idx    E Section Name        Object

    0x00000000   0x00000000   0x000000dd   Data   RO            1    .constdata          ex_flash_demo.o
    0x000000dd   0x000000dd   0x000000d9   Data   RO            2    .constdata          ex_flash_demo.o
    0x000001b6   0x000001b6   0x000000c9   Data   RO            3    .constdata          ex_flash_demo.o
    0x0000027f   0x0000027f   0x000000bb   Data   RO            4    .constdata          ex_flash_demo.o
    0x0000033a   0x0000033a   0x000000c9   Data   RO            5    .constdata          ex_flash_demo.o
    0x00000403   0x00000403   0x000000c1   Data   RO            6    .constdata          ex_flash_demo.o
    0x000004c4   0x000004c4   0x000000b9   Data   RO            7    .constdata          ex_flash_demo.o
    0x0000057d   0x0000057d   0x000000bb   Data   RO            8    .constdata          ex_flash_demo.o
    0x00000638   0x00000638   0x000000bd   Data   RO            9    .constdata          ex_flash_demo.o
    0x000006f5   0x000006f5   0x000000ab   Data   RO           10    .constdata          ex_flash_demo.o
    0x000007a0   0x000007a0   0x000000b1   Data   RO           11    .constdata          ex_flash_demo.o
    0x00000851   0x00000851   0x00000097   Data   RO           12    .constdata          ex_flash_demo.o
    0x000008e8   0x000008e8   0x000000a1   Data   RO           13    .constdata          ex_flash_demo.o
    0x00000989   0x00000989   0x000000a1   Data   RO           14    .constdata          ex_flash_demo.o
    0x00000a2a   0x00000a2a   0x000000b3   Data   RO           15    .constdata          ex_flash_demo.o
    0x00000add   0x00000add   0x0000008f   Data   RO           16    .constdata          ex_flash_demo.o
    0x00000b6c   0x00000b6c   0x000000a3   Data   RO           17    .constdata          ex_flash_demo.o
    0x00000c0f   0x00000c0f   0x0000009d   Data   RO           18    .constdata          ex_flash_demo.o
    0x00000cac   0x00000cac   0x000000a1   Data   RO           19    .constdata          ex_flash_demo.o
    0x00000d4d   0x00000d4d   0x000000af   Data   RO           20    .constdata          ex_flash_demo.o
    0x00000dfc   0x00000dfc   0x000000a5   Data   RO           21    .constdata          ex_flash_demo.o
    0x00000ea1   0x00000ea1   0x000000a7   Data   RO           22    .constdata          ex_flash_demo.o
    0x00000f48   0x00000f48   0x000000a3   Data   RO           23    .constdata          ex_flash_demo.o
    0x00000feb   0x00000feb   0x000000ab   Data   RO           24    .constdata          ex_flash_demo.o
    0x00001096   0x00001096   0x000000a3   Data   RO           25    .constdata          ex_flash_demo.o
    0x00001139   0x00001139   0x000000a9   Data   RO           26    .constdata          ex_flash_demo.o
    0x000011e2   0x000011e2   0x000000c5   Data   RO           27    .constdata          ex_flash_demo.o
    0x000012a7   0x000012a7   0x000000d9   Data   RO           28    .constdata          ex_flash_demo.o
    0x00001380   0x00001380   0x000000ef   Data   RO           29    .constdata          ex_flash_demo.o
    0x0000146f   0x0000146f   0x0000010d   Data   RO           30    .constdata          ex_flash_demo.o
    0x0000157c   0x0000157c   0x0000010d   Data   RO           31    .constdata          ex_flash_demo.o
    0x00001689   0x00001689   0x000000f9   Data   RO           32    .constdata          ex_flash_demo.o
    0x00001782   0x00001782   0x000000c7   Data   RO           33    .constdata          ex_flash_demo.o
    0x00001849   0x00001849   0x0000008d   Data   RO           34    .constdata          ex_flash_demo.o
    0x000018d6   0x000018d6   0x00000061   Data   RO           35    .constdata          ex_flash_demo.o
    0x00001937   0x00001937   0x00000055   Data   RO           36    .constdata          ex_flash_demo.o
    0x0000198c   0x0000198c   0x00000033   Data   RO           37    .constdata          ex_flash_demo.o
    0x000019bf   0x000019bf   0x00000029   Data   RO           38    .constdata          ex_flash_demo.o
    0x000019e8   0x000019e8   0x00000023   Data   RO           39    .constdata          ex_flash_demo.o
    0x00001a0b   0x00001a0b   0x00000025   Data   RO           40    .constdata          ex_flash_demo.o
    0x00001a30   0x00001a30   0x00000021   Data   RO           41    .constdata          ex_flash_demo.o
    0x00001a51   0x00001a51   0x00000021   Data   RO           42    .constdata          ex_flash_demo.o
    0x00001a72   0x00001a72   0x00000027   Data   RO           43    .constdata          ex_flash_demo.o
    0x00001a99   0x00001a99   0x0000002d   Data   RO           44    .constdata          ex_flash_demo.o
    0x00001ac6   0x00001ac6   0x0000003d   Data   RO           45    .constdata          ex_flash_demo.o
    0x00001b03   0x00001b03   0x00000037   Data   RO           46    .constdata          ex_flash_demo.o
    0x00001b3a   0x00001b3a   0x00000105   Data   RO           47    .constdata          ex_flash_demo.o
    0x00001c3f   0x00001c3f   0x000000f9   Data   RO           48    .constdata          ex_flash_demo.o
    0x00001d38   0x00001d38   0x000000ad   Data   RO           49    .constdata          ex_flash_demo.o
    0x00001de5   0x00001de5   0x00000097   Data   RO           50    .constdata          ex_flash_demo.o
    0x00001e7c   0x00001e7c   0x00000095   Data   RO           51    .constdata          ex_flash_demo.o
    0x00001f11   0x00001f11   0x00000095   Data   RO           52    .constdata          ex_flash_demo.o
    0x00001fa6   0x00001fa6   0x00000089   Data   RO           53    .constdata          ex_flash_demo.o
    0x0000202f   0x0000202f   0x000000a5   Data   RO           54    .constdata          ex_flash_demo.o
    0x000020d4   0x000020d4   0x000000c9   Data   RO           55    .constdata          ex_flash_demo.o
    0x0000219d   0x0000219d   0x00000047   Data   RO           56    .constdata          ex_flash_demo.o
    0x000021e4   0x000021e4   0x0000003d   Data   RO           57    .constdata          ex_flash_demo.o
    0x00002221   0x00002221   0x00000033   Data   RO           58    .constdata          ex_flash_demo.o
    0x00002254   0x00002254   0x0000002d   Data   RO           59    .constdata          ex_flash_demo.o
    0x00002281   0x00002281   0x00000027   Data   RO           60    .constdata          ex_flash_demo.o
    0x000022a8   0x000022a8   0x00000023   Data   RO           61    .constdata          ex_flash_demo.o
    0x000022cb   0x000022cb   0x00000023   Data   RO           62    .constdata          ex_flash_demo.o
    0x000022ee   0x000022ee   0x00000027   Data   RO           63    .constdata          ex_flash_demo.o
    0x00002315   0x00002315   0x00000029   Data   RO           64    .constdata          ex_flash_demo.o
    0x0000233e   0x0000233e   0x00000035   Data   RO           65    .constdata          ex_flash_demo.o
    0x00002373   0x00002373   0x00000041   Data   RO           66    .constdata          ex_flash_demo.o
    0x000023b4   0x000023b4   0x000000eb   Data   RO           67    .constdata          ex_flash_demo.o
    0x0000249f   0x0000249f   0x000000c5   Data   RO           68    .constdata          ex_flash_demo.o
    0x00002564   0x00002564   0x00000097   Data   RO           69    .constdata          ex_flash_demo.o
    0x000025fb   0x000025fb   0x0000008b   Data   RO           70    .constdata          ex_flash_demo.o
    0x00002686   0x00002686   0x00000089   Data   RO           71    .constdata          ex_flash_demo.o
    0x0000270f   0x0000270f   0x0000008d   Data   RO           72    .constdata          ex_flash_demo.o
    0x0000279c   0x0000279c   0x000000af   Data   RO           73    .constdata          ex_flash_demo.o
    0x0000284b   0x0000284b   0x00000033   Data   RO           74    .constdata          ex_flash_demo.o
    0x0000287e   0x0000287e   0x00000035   Data   RO           75    .constdata          ex_flash_demo.o
    0x000028b3   0x000028b3   0x0000003b   Data   RO           76    .constdata          ex_flash_demo.o
    0x000028ee   0x000028ee   0x000000cf   Data   RO           77    .constdata          ex_flash_demo.o
    0x000029bd   0x000029bd   0x000000c1   Data   RO           78    .constdata          ex_flash_demo.o
    0x00002a7e   0x00002a7e   0x0000007d   Data   RO           79    .constdata          ex_flash_demo.o
    0x00002afb   0x00002afb   0x00000081   Data   RO           80    .constdata          ex_flash_demo.o
    0x00002b7c   0x00002b7c   0x00000097   Data   RO           81    .constdata          ex_flash_demo.o
    0x00002c13   0x00002c13   0x000000a1   Data   RO           82    .constdata          ex_flash_demo.o
    0x00002cb4   0x00002cb4   0x000000cb   Data   RO           83    .constdata          ex_flash_demo.o
    0x00002d7f   0x00002d7f   0x0000002d   Data   RO           84    .constdata          ex_flash_demo.o
    0x00002dac   0x00002dac   0x0000002d   Data   RO           85    .constdata          ex_flash_demo.o
    0x00002dd9   0x00002dd9   0x00000027   Data   RO           86    .constdata          ex_flash_demo.o
    0x00002e00   0x00002e00   0x00000031   Data   RO           87    .constdata          ex_flash_demo.o
    0x00002e31   0x00002e31   0x0000006b   Data   RO           88    .constdata          ex_flash_demo.o
    0x00002e9c   0x00002e9c   0x0000001f   Data   RO           89    .constdata          ex_flash_demo.o
    0x00002ebb   0x00002ebb   0x00000011   Data   RO           90    .constdata          ex_flash_demo.o
    0x00002ecc   0x00002ecc   0x00000035   Data   RO           91    .constdata          ex_flash_demo.o
    0x00002f01   0x00002f01   0x000000fb   Data   RO           92    .constdata          ex_flash_demo.o
    0x00002ffc   0x00002ffc   0x00000239   Data   RO           93    .constdata          ex_flash_demo.o
    0x00003235   0x00003235   0x00000239   Data   RO           94    .constdata          ex_flash_demo.o
    0x0000346e   0x0000346e   0x0000022b   Data   RO           95    .constdata          ex_flash_demo.o
    0x00003699   0x00003699   0x00000221   Data   RO           96    .constdata          ex_flash_demo.o
    0x000038ba   0x000038ba   0x00000229   Data   RO           97    .constdata          ex_flash_demo.o
    0x00003ae3   0x00003ae3   0x0000023b   Data   RO           98    .constdata          ex_flash_demo.o
    0x00003d1e   0x00003d1e   0x00000239   Data   RO           99    .constdata          ex_flash_demo.o
    0x00003f57   0x00003f57   0x00000227   Data   RO          100    .constdata          ex_flash_demo.o
    0x0000417e   0x0000417e   0x000001b9   Data   RO          101    .constdata          ex_flash_demo.o
    0x00004337   0x00004337   0x000001cf   Data   RO          102    .constdata          ex_flash_demo.o
    0x00004506   0x00004506   0x000001a9   Data   RO          103    .constdata          ex_flash_demo.o
    0x000046af   0x000046af   0x000001d3   Data   RO          104    .constdata          ex_flash_demo.o
    0x00004882   0x00004882   0x00000259   Data   RO          105    .constdata          ex_flash_demo.o
    0x00004adb   0x00004adb   0x00000269   Data   RO          106    .constdata          ex_flash_demo.o
    0x00004d44   0x00004d44   0x00000231   Data   RO          107    .constdata          ex_flash_demo.o
    0x00004f75   0x00004f75   0x00000243   Data   RO          108    .constdata          ex_flash_demo.o
    0x000051b8   0x000051b8   0x00000253   Data   RO          109    .constdata          ex_flash_demo.o
    0x0000540b   0x0000540b   0x00000271   Data   RO          110    .constdata          ex_flash_demo.o
    0x0000567c   0x0000567c   0x0000025f   Data   RO          111    .constdata          ex_flash_demo.o
    0x000058db   0x000058db   0x000001f5   Data   RO          112    .constdata          ex_flash_demo.o
    0x00005ad0   0x00005ad0   0x00000157   Data   RO          113    .constdata          ex_flash_demo.o
    0x00005c27   0x00005c27   0x00000153   Data   RO          114    .constdata          ex_flash_demo.o
    0x00005d7a   0x00005d7a   0x000001eb   Data   RO          115    .constdata          ex_flash_demo.o
    0x00005f65   0x00005f65   0x000001fd   Data   RO          116    .constdata          ex_flash_demo.o
    0x00006162   0x00006162   0x0000022f   Data   RO          117    .constdata          ex_flash_demo.o
    0x00006391   0x00006391   0x00000235   Data   RO          118    .constdata          ex_flash_demo.o
    0x000065c6   0x000065c6   0x0000024b   Data   RO          119    .constdata          ex_flash_demo.o
    0x00006811   0x00006811   0x0000024b   Data   RO          120    .constdata          ex_flash_demo.o
    0x00006a5c   0x00006a5c   0x00000249   Data   RO          121    .constdata          ex_flash_demo.o
    0x00006ca5   0x00006ca5   0x00000251   Data   RO          122    .constdata          ex_flash_demo.o
    0x00006ef6   0x00006ef6   0x00000255   Data   RO          123    .constdata          ex_flash_demo.o
    0x0000714b   0x0000714b   0x000001db   Data   RO          124    .constdata          ex_flash_demo.o
    0x00007326   0x00007326   0x0000015d   Data   RO          125    .constdata          ex_flash_demo.o
    0x00007483   0x00007483   0x000001b5   Data   RO          126    .constdata          ex_flash_demo.o
    0x00007638   0x00007638   0x000001f5   Data   RO          127    .constdata          ex_flash_demo.o
    0x0000782d   0x0000782d   0x00000239   Data   RO          128    .constdata          ex_flash_demo.o
    0x00007a66   0x00007a66   0x00000267   Data   RO          129    .constdata          ex_flash_demo.o
    0x00007ccd   0x00007ccd   0x00000271   Data   RO          130    .constdata          ex_flash_demo.o
    0x00007f3e   0x00007f3e   0x00000245   Data   RO          131    .constdata          ex_flash_demo.o
    0x00008183   0x00008183   0x0000023f   Data   RO          132    .constdata          ex_flash_demo.o
    0x000083c2   0x000083c2   0x00000235   Data   RO          133    .constdata          ex_flash_demo.o
    0x000085f7   0x000085f7   0x00000211   Data   RO          134    .constdata          ex_flash_demo.o
    0x00008808   0x00008808   0x0000020f   Data   RO          135    .constdata          ex_flash_demo.o
    0x00008a17   0x00008a17   0x0000015f   Data   RO          136    .constdata          ex_flash_demo.o
    0x00008b76   0x00008b76   0x00000111   Data   RO          137    .constdata          ex_flash_demo.o
    0x00008c87   0x00008c87   0x00000107   Data   RO          138    .constdata          ex_flash_demo.o
    0x00008d8e   0x00008d8e   0x0000025f   Data   RO          139    .constdata          ex_flash_demo.o
    0x00008fed   0x00008fed   0x0000024b   Data   RO          140    .constdata          ex_flash_demo.o
    0x00009238   0x00009238   0x00000259   Data   RO          141    .constdata          ex_flash_demo.o
    0x00009491   0x00009491   0x00000251   Data   RO          142    .constdata          ex_flash_demo.o
    0x000096e2   0x000096e2   0x0000024d   Data   RO          143    .constdata          ex_flash_demo.o
    0x0000992f   0x0000992f   0x00000253   Data   RO          144    .constdata          ex_flash_demo.o
    0x00009b82   0x00009b82   0x00000255   Data   RO          145    .constdata          ex_flash_demo.o
    0x00009dd7   0x00009dd7   0x0000024d   Data   RO          146    .constdata          ex_flash_demo.o
    0x0000a024   0x0000a024   0x0000024d   Data   RO          147    .constdata          ex_flash_demo.o
    0x0000a271   0x0000a271   0x000001ab   Data   RO          148    .constdata          ex_flash_demo.o
    0x0000a41c   0x0000a41c   0x00000179   Data   RO          149    .constdata          ex_flash_demo.o
    0x0000a595   0x0000a595   0x00000147   Data   RO          150    .constdata          ex_flash_demo.o
    0x0000a6dc   0x0000a6dc   0x0000021d   Data   RO          151    .constdata          ex_flash_demo.o
    0x0000a8f9   0x0000a8f9   0x0000020b   Data   RO          152    .constdata          ex_flash_demo.o
    0x0000ab04   0x0000ab04   0x0000021d   Data   RO          153    .constdata          ex_flash_demo.o
    0x0000ad21   0x0000ad21   0x00000227   Data   RO          154    .constdata          ex_flash_demo.o
    0x0000af48   0x0000af48   0x00000225   Data   RO          155    .constdata          ex_flash_demo.o
    0x0000b16d   0x0000b16d   0x0000021f   Data   RO          156    .constdata          ex_flash_demo.o
    0x0000b38c   0x0000b38c   0x0000021b   Data   RO          157    .constdata          ex_flash_demo.o
    0x0000b5a7   0x0000b5a7   0x00000215   Data   RO          158    .constdata          ex_flash_demo.o
    0x0000b7bc   0x0000b7bc   0x00000221   Data   RO          159    .constdata          ex_flash_demo.o
    0x0000b9dd   0x0000b9dd   0x00000169   Data   RO          160    .constdata          ex_flash_demo.o
    0x0000bb46   0x0000bb46   0x00000129   Data   RO          161    .constdata          ex_flash_demo.o
    0x0000bc6f   0x0000bc6f   0x0000012f   Data   RO          162    .constdata          ex_flash_demo.o
    0x0000bd9e   0x0000bd9e   0x00000213   Data   RO          163    .constdata          ex_flash_demo.o
    0x0000bfb1   0x0000bfb1   0x0000021d   Data   RO          164    .constdata          ex_flash_demo.o
    0x0000c1ce   0x0000c1ce   0x00000239   Data   RO          165    .constdata          ex_flash_demo.o
    0x0000c407   0x0000c407   0x00000229   Data   RO          166    .constdata          ex_flash_demo.o
    0x0000c630   0x0000c630   0x0000021d   Data   RO          167    .constdata          ex_flash_demo.o
    0x0000c84d   0x0000c84d   0x0000023b   Data   RO          168    .constdata          ex_flash_demo.o
    0x0000ca88   0x0000ca88   0x00000237   Data   RO          169    .constdata          ex_flash_demo.o
    0x0000ccbf   0x0000ccbf   0x00000231   Data   RO          170    .constdata          ex_flash_demo.o
    0x0000cef0   0x0000cef0   0x0000022b   Data   RO          171    .constdata          ex_flash_demo.o
    0x0000d11b   0x0000d11b   0x0000022b   Data   RO          172    .constdata          ex_flash_demo.o
    0x0000d346   0x0000d346   0x000001f1   Data   RO          173    .constdata          ex_flash_demo.o
    0x0000d537   0x0000d537   0x00000211   Data   RO          174    .constdata          ex_flash_demo.o
    0x0000d748   0x0000d748   0x00000265   Data   RO          175    .constdata          ex_flash_demo.o
    0x0000d9ad   0x0000d9ad   0x00000259   Data   RO          176    .constdata          ex_flash_demo.o
    0x0000dc06   0x0000dc06   0x00000287   Data   RO          177    .constdata          ex_flash_demo.o
    0x0000de8d   0x0000de8d   0x000002a9   Data   RO          178    .constdata          ex_flash_demo.o
    0x0000e136   0x0000e136   0x000002bb   Data   RO          179    .constdata          ex_flash_demo.o
    0x0000e3f1   0x0000e3f1   0x000002d3   Data   RO          180    .constdata          ex_flash_demo.o
    0x0000e6c4   0x0000e6c4   0x000002a1   Data   RO          181    .constdata          ex_flash_demo.o
    0x0000e965   0x0000e965   0x00000117   Data   RO          182    .constdata          ex_flash_demo.o
    0x0000ea7c   0x0000ea7c   0x00000011   Data   RO          183    .constdata          ex_flash_demo.o
    0x0000ea8d   0x0000ea8d   0x00000011   Data   RO          184    .constdata          ex_flash_demo.o
    0x0000ea9e   0x0000ea9e   0x00000053   Data   RO          185    .constdata          ex_flash_demo.o
    0x0000eaf1   0x0000eaf1   0x00000127   Data   RO          186    .constdata          ex_flash_demo.o
    0x0000ec18   0x0000ec18   0x000001bb   Data   RO          187    .constdata          ex_flash_demo.o
    0x0000edd3   0x0000edd3   0x000001ed   Data   RO          188    .constdata          ex_flash_demo.o
    0x0000efc0   0x0000efc0   0x00000251   Data   RO          189    .constdata          ex_flash_demo.o
    0x0000f211   0x0000f211   0x00000249   Data   RO          190    .constdata          ex_flash_demo.o
    0x0000f45a   0x0000f45a   0x000001f7   Data   RO          191    .constdata          ex_flash_demo.o
    0x0000f651   0x0000f651   0x00000217   Data   RO          192    .constdata          ex_flash_demo.o
    0x0000f868   0x0000f868   0x00000217   Data   RO          193    .constdata          ex_flash_demo.o
    0x0000fa7f   0x0000fa7f   0x0000019b   Data   RO          194    .constdata          ex_flash_demo.o
    0x0000fc1a   0x0000fc1a   0x0000015d   Data   RO          195    .constdata          ex_flash_demo.o
    0x0000fd77   0x0000fd77   0x000001a9   Data   RO          196    .constdata          ex_flash_demo.o
    0x0000ff20   0x0000ff20   0x00000231   Data   RO          197    .constdata          ex_flash_demo.o
    0x00010151   0x00010151   0x0000020b   Data   RO          198    .constdata          ex_flash_demo.o
    0x0001035c   0x0001035c   0x0000028f   Data   RO          199    .constdata          ex_flash_demo.o
    0x000105eb   0x000105eb   0x000002c1   Data   RO          200    .constdata          ex_flash_demo.o
    0x000108ac   0x000108ac   0x0000030f   Data   RO          201    .constdata          ex_flash_demo.o
    0x00010bbb   0x00010bbb   0x00000305   Data   RO          202    .constdata          ex_flash_demo.o
    0x00010ec0   0x00010ec0   0x0000032f   Data   RO          203    .constdata          ex_flash_demo.o
    0x000111ef   0x000111ef   0x0000033d   Data   RO          204    .constdata          ex_flash_demo.o
    0x0001152c   0x0001152c   0x0000028d   Data   RO          205    .constdata          ex_flash_demo.o
    0x000117b9   0x000117b9   0x000001ed   Data   RO          206    .constdata          ex_flash_demo.o
    0x000119a6   0x000119a6   0x00000195   Data   RO          207    .constdata          ex_flash_demo.o
    0x00011b3b   0x00011b3b   0x00000173   Data   RO          208    .constdata          ex_flash_demo.o
    0x00011cae   0x00011cae   0x000001c3   Data   RO          209    .constdata          ex_flash_demo.o
    0x00011e71   0x00011e71   0x000001d9   Data   RO          210    .constdata          ex_flash_demo.o
    0x0001204a   0x0001204a   0x000001ed   Data   RO          211    .constdata          ex_flash_demo.o
    0x00012237   0x00012237   0x000001f1   Data   RO          212    .constdata          ex_flash_demo.o
    0x00012428   0x00012428   0x000001fb   Data   RO          213    .constdata          ex_flash_demo.o
    0x00012623   0x00012623   0x00000207   Data   RO          214    .constdata          ex_flash_demo.o
    0x0001282a   0x0001282a   0x0000020d   Data   RO          215    .constdata          ex_flash_demo.o
    0x00012a37   0x00012a37   0x00000213   Data   RO          216    .constdata          ex_flash_demo.o
    0x00012c4a   0x00012c4a   0x000001e3   Data   RO          217    .constdata          ex_flash_demo.o
    0x00012e2d   0x00012e2d   0x0000013d   Data   RO          218    .constdata          ex_flash_demo.o
    0x00012f6a   0x00012f6a   0x00000119   Data   RO          219    .constdata          ex_flash_demo.o
    0x00013083   0x00013083   0x00000119   Data   RO          220    .constdata          ex_flash_demo.o
    0x0001319c   0x0001319c   0x000001e3   Data   RO          221    .constdata          ex_flash_demo.o
    0x0001337f   0x0001337f   0x000001f9   Data   RO          222    .constdata          ex_flash_demo.o
    0x00013578   0x00013578   0x000001fd   Data   RO          223    .constdata          ex_flash_demo.o
    0x00013775   0x00013775   0x00000203   Data   RO          224    .constdata          ex_flash_demo.o
    0x00013978   0x00013978   0x0000022f   Data   RO          225    .constdata          ex_flash_demo.o
    0x00013ba7   0x00013ba7   0x00000233   Data   RO          226    .constdata          ex_flash_demo.o
    0x00013dda   0x00013dda   0x0000023b   Data   RO          227    .constdata          ex_flash_demo.o
    0x00014015   0x00014015   0x00000231   Data   RO          228    .constdata          ex_flash_demo.o
    0x00014246   0x00014246   0x00000189   Data   RO          229    .constdata          ex_flash_demo.o
    0x000143cf   0x000143cf   0x00000105   Data   RO          230    .constdata          ex_flash_demo.o
    0x000144d4   0x000144d4   0x0000015d   Data   RO          231    .constdata          ex_flash_demo.o
    0x00014631   0x00014631   0x00000185   Data   RO          232    .constdata          ex_flash_demo.o
    0x000147b6   0x000147b6   0x0000028b   Data   RO          233    .constdata          ex_flash_demo.o
    0x00014a41   0x00014a41   0x00000293   Data   RO          234    .constdata          ex_flash_demo.o
    0x00014cd4   0x00014cd4   0x00000295   Data   RO          235    .constdata          ex_flash_demo.o
    0x00014f69   0x00014f69   0x00000299   Data   RO          236    .constdata          ex_flash_demo.o
    0x00015202   0x00015202   0x00000287   Data   RO          237    .constdata          ex_flash_demo.o
    0x00015489   0x00015489   0x00000299   Data   RO          238    .constdata          ex_flash_demo.o
    0x00015722   0x00015722   0x00000289   Data   RO          239    .constdata          ex_flash_demo.o
    0x000159ab   0x000159ab   0x0000027b   Data   RO          240    .constdata          ex_flash_demo.o
    0x00015c26   0x00015c26   0x00000211   Data   RO          241    .constdata          ex_flash_demo.o
    0x00015e37   0x00015e37   0x00000163   Data   RO          242    .constdata          ex_flash_demo.o
    0x00015f9a   0x00015f9a   0x00000157   Data   RO          243    .constdata          ex_flash_demo.o
    0x000160f1   0x000160f1   0x00000163   Data   RO          244    .constdata          ex_flash_demo.o
    0x00016254   0x00016254   0x000001f1   Data   RO          245    .constdata          ex_flash_demo.o
    0x00016445   0x00016445   0x000001ef   Data   RO          246    .constdata          ex_flash_demo.o
    0x00016634   0x00016634   0x000001e7   Data   RO          247    .constdata          ex_flash_demo.o
    0x0001681b   0x0001681b   0x000001dd   Data   RO          248    .constdata          ex_flash_demo.o
    0x000169f8   0x000169f8   0x000001bd   Data   RO          249    .constdata          ex_flash_demo.o
    0x00016bb5   0x00016bb5   0x000001b5   Data   RO          250    .constdata          ex_flash_demo.o
    0x00016d6a   0x00016d6a   0x000001bb   Data   RO          251    .constdata          ex_flash_demo.o
    0x00016f25   0x00016f25   0x000001ab   Data   RO          252    .constdata          ex_flash_demo.o
    0x000170d0   0x000170d0   0x0000017d   Data   RO          253    .constdata          ex_flash_demo.o
    0x0001724d   0x0001724d   0x0000012b   Data   RO          254    .constdata          ex_flash_demo.o
    0x00017378   0x00017378   0x0000015f   Data   RO          255    .constdata          ex_flash_demo.o
    0x000174d7   0x000174d7   0x00000185   Data   RO          256    .constdata          ex_flash_demo.o
    0x0001765c   0x0001765c   0x0000028b   Data   RO          257    .constdata          ex_flash_demo.o
    0x000178e7   0x000178e7   0x00000289   Data   RO          258    .constdata          ex_flash_demo.o
    0x00017b70   0x00017b70   0x000002a9   Data   RO          259    .constdata          ex_flash_demo.o
    0x00017e19   0x00017e19   0x000002b5   Data   RO          260    .constdata          ex_flash_demo.o
    0x000180ce   0x000180ce   0x000002b7   Data   RO          261    .constdata          ex_flash_demo.o
    0x00018385   0x00018385   0x000002a3   Data   RO          262    .constdata          ex_flash_demo.o
    0x00018628   0x00018628   0x00000227   Data   RO          263    .constdata          ex_flash_demo.o
    0x0001884f   0x0001884f   0x000001ff   Data   RO          264    .constdata          ex_flash_demo.o
    0x00018a4e   0x00018a4e   0x000001b7   Data   RO          265    .constdata          ex_flash_demo.o
    0x00018c05   0x00018c05   0x0000012d   Data   RO          266    .constdata          ex_flash_demo.o
    0x00018d32   0x00018d32   0x0000023f   Data   RO          267    .constdata          ex_flash_demo.o
    0x00018f71   0x00018f71   0x000001c1   Data   RO          268    .constdata          ex_flash_demo.o
    0x00019132   0x00019132   0x0000029d   Data   RO          269    .constdata          ex_flash_demo.o
    0x000193cf   0x000193cf   0x000002bd   Data   RO          270    .constdata          ex_flash_demo.o
    0x0001968c   0x0001968c   0x000003a1   Data   RO          271    .constdata          ex_flash_demo.o
    0x00019a2d   0x00019a2d   0x00000379   Data   RO          272    .constdata          ex_flash_demo.o
    0x00019da6   0x00019da6   0x00000373   Data   RO          273    .constdata          ex_flash_demo.o
    0x0001a119   0x0001a119   0x00000361   Data   RO          274    .constdata          ex_flash_demo.o
    0x0001a47a   0x0001a47a   0x0000034b   Data   RO          275    .constdata          ex_flash_demo.o
    0x0001a7c5   0x0001a7c5   0x000001fd   Data   RO          276    .constdata          ex_flash_demo.o
    0x0001a9c2   0x0001a9c2   0x00000021   Data   RO          277    .constdata          ex_flash_demo.o
    0x0001a9e3   0x0001a9e3   0x00000011   Data   RO          278    .constdata          ex_flash_demo.o
    0x0001a9f4   0x0001a9f4   0x00000011   Data   RO          279    .constdata          ex_flash_demo.o
    0x0001aa05   0x0001aa05   0x00000011   Data   RO          280    .constdata          ex_flash_demo.o
    0x0001aa16   0x0001aa16   0x000000f1   Data   RO          281    .constdata          ex_flash_demo.o
    0x0001ab07   0x0001ab07   0x00000161   Data   RO          282    .constdata          ex_flash_demo.o
    0x0001ac68   0x0001ac68   0x00000219   Data   RO          283    .constdata          ex_flash_demo.o
    0x0001ae81   0x0001ae81   0x00000207   Data   RO          284    .constdata          ex_flash_demo.o
    0x0001b088   0x0001b088   0x00000211   Data   RO          285    .constdata          ex_flash_demo.o
    0x0001b299   0x0001b299   0x00000215   Data   RO          286    .constdata          ex_flash_demo.o
    0x0001b4ae   0x0001b4ae   0x0000021d   Data   RO          287    .constdata          ex_flash_demo.o
    0x0001b6cb   0x0001b6cb   0x00000221   Data   RO          288    .constdata          ex_flash_demo.o
    0x0001b8ec   0x0001b8ec   0x000001ff   Data   RO          289    .constdata          ex_flash_demo.o
    0x0001baeb   0x0001baeb   0x00000175   Data   RO          290    .constdata          ex_flash_demo.o
    0x0001bc60   0x0001bc60   0x00000189   Data   RO          291    .constdata          ex_flash_demo.o
    0x0001bde9   0x0001bde9   0x000001a7   Data   RO          292    .constdata          ex_flash_demo.o
    0x0001bf90   0x0001bf90   0x00000247   Data   RO          293    .constdata          ex_flash_demo.o
    0x0001c1d7   0x0001c1d7   0x0000027f   Data   RO          294    .constdata          ex_flash_demo.o
    0x0001c456   0x0001c456   0x000002ef   Data   RO          295    .constdata          ex_flash_demo.o
    0x0001c745   0x0001c745   0x000002ff   Data   RO          296    .constdata          ex_flash_demo.o
    0x0001ca44   0x0001ca44   0x000002ff   Data   RO          297    .constdata          ex_flash_demo.o
    0x0001cd43   0x0001cd43   0x000002fb   Data   RO          298    .constdata          ex_flash_demo.o
    0x0001d03e   0x0001d03e   0x000002f7   Data   RO          299    .constdata          ex_flash_demo.o
    0x0001d335   0x0001d335   0x00000305   Data   RO          300    .constdata          ex_flash_demo.o
    0x0001d63a   0x0001d63a   0x00000281   Data   RO          301    .constdata          ex_flash_demo.o
    0x0001d8bb   0x0001d8bb   0x000001a5   Data   RO          302    .constdata          ex_flash_demo.o
    0x0001da60   0x0001da60   0x0000019b   Data   RO          303    .constdata          ex_flash_demo.o
    0x0001dbfb   0x0001dbfb   0x00000171   Data   RO          304    .constdata          ex_flash_demo.o
    0x0001dd6c   0x0001dd6c   0x00000215   Data   RO          305    .constdata          ex_flash_demo.o
    0x0001df81   0x0001df81   0x00000221   Data   RO          306    .constdata          ex_flash_demo.o
    0x0001e1a2   0x0001e1a2   0x0000024f   Data   RO          307    .constdata          ex_flash_demo.o
    0x0001e3f1   0x0001e3f1   0x00000247   Data   RO          308    .constdata          ex_flash_demo.o
    0x0001e638   0x0001e638   0x00000255   Data   RO          309    .constdata          ex_flash_demo.o
    0x0001e88d   0x0001e88d   0x00000269   Data   RO          310    .constdata          ex_flash_demo.o
    0x0001eaf6   0x0001eaf6   0x00000265   Data   RO          311    .constdata          ex_flash_demo.o
    0x0001ed5b   0x0001ed5b   0x00000263   Data   RO          312    .constdata          ex_flash_demo.o
    0x0001efbe   0x0001efbe   0x000001e7   Data   RO          313    .constdata          ex_flash_demo.o
    0x0001f1a5   0x0001f1a5   0x0000012d   Data   RO          314    .constdata          ex_flash_demo.o
    0x0001f2d2   0x0001f2d2   0x000000ff   Data   RO          315    .constdata          ex_flash_demo.o
    0x0001f3d1   0x0001f3d1   0x00000103   Data   RO          316    .constdata          ex_flash_demo.o
    0x0001f4d4   0x0001f4d4   0x00000267   Data   RO          317    .constdata          ex_flash_demo.o
    0x0001f73b   0x0001f73b   0x00000291   Data   RO          318    .constdata          ex_flash_demo.o
    0x0001f9cc   0x0001f9cc   0x000002bd   Data   RO          319    .constdata          ex_flash_demo.o
    0x0001fc89   0x0001fc89   0x000002a1   Data   RO          320    .constdata          ex_flash_demo.o
    0x0001ff2a   0x0001ff2a   0x000002b7   Data   RO          321    .constdata          ex_flash_demo.o
    0x000201e1   0x000201e1   0x000002bb   Data   RO          322    .constdata          ex_flash_demo.o
    0x0002049c   0x0002049c   0x000002b7   Data   RO          323    .constdata          ex_flash_demo.o
    0x00020753   0x00020753   0x000002af   Data   RO          324    .constdata          ex_flash_demo.o
    0x00020a02   0x00020a02   0x00000247   Data   RO          325    .constdata          ex_flash_demo.o
    0x00020c49   0x00020c49   0x0000017d   Data   RO          326    .constdata          ex_flash_demo.o
    0x00020dc6   0x00020dc6   0x0000019b   Data   RO          327    .constdata          ex_flash_demo.o
    0x00020f61   0x00020f61   0x0000019b   Data   RO          328    .constdata          ex_flash_demo.o
    0x000210fc   0x000210fc   0x00000243   Data   RO          329    .constdata          ex_flash_demo.o
    0x0002133f   0x0002133f   0x00000253   Data   RO          330    .constdata          ex_flash_demo.o
    0x00021592   0x00021592   0x0000028f   Data   RO          331    .constdata          ex_flash_demo.o
    0x00021821   0x00021821   0x00000293   Data   RO          332    .constdata          ex_flash_demo.o
    0x00021ab4   0x00021ab4   0x00000283   Data   RO          333    .constdata          ex_flash_demo.o
    0x00021d37   0x00021d37   0x00000273   Data   RO          334    .constdata          ex_flash_demo.o
    0x00021faa   0x00021faa   0x00000283   Data   RO          335    .constdata          ex_flash_demo.o
    0x0002222d   0x0002222d   0x00000257   Data   RO          336    .constdata          ex_flash_demo.o
    0x00022484   0x00022484   0x000001f9   Data   RO          337    .constdata          ex_flash_demo.o
    0x0002267d   0x0002267d   0x00000127   Data   RO          338    .constdata          ex_flash_demo.o
    0x000227a4   0x000227a4   0x0000017d   Data   RO          339    .constdata          ex_flash_demo.o
    0x00022921   0x00022921   0x00000129   Data   RO          340    .constdata          ex_flash_demo.o
    0x00022a4a   0x00022a4a   0x00000189   Data   RO          341    .constdata          ex_flash_demo.o
    0x00022bd3   0x00022bd3   0x00000193   Data   RO          342    .constdata          ex_flash_demo.o
    0x00022d66   0x00022d66   0x000001e9   Data   RO          343    .constdata          ex_flash_demo.o
    0x00022f4f   0x00022f4f   0x000001f9   Data   RO          344    .constdata          ex_flash_demo.o
    0x00023148   0x00023148   0x0000020d   Data   RO          345    .constdata          ex_flash_demo.o
    0x00023355   0x00023355   0x00000201   Data   RO          346    .constdata          ex_flash_demo.o
    0x00023556   0x00023556   0x000001f7   Data   RO          347    .constdata          ex_flash_demo.o
    0x0002374d   0x0002374d   0x000001f1   Data   RO          348    .constdata          ex_flash_demo.o
    0x0002393e   0x0002393e   0x000001ab   Data   RO          349    .constdata          ex_flash_demo.o
    0x00023ae9   0x00023ae9   0x00000129   Data   RO          350    .constdata          ex_flash_demo.o
    0x00023c12   0x00023c12   0x000000f3   Data   RO          351    .constdata          ex_flash_demo.o
    0x00023d05   0x00023d05   0x0000014f   Data   RO          352    .constdata          ex_flash_demo.o
    0x00023e54   0x00023e54   0x00000245   Data   RO          353    .constdata          ex_flash_demo.o
    0x00024099   0x00024099   0x00000281   Data   RO          354    .constdata          ex_flash_demo.o
    0x0002431a   0x0002431a   0x000002c9   Data   RO          355    .constdata          ex_flash_demo.o
    0x000245e3   0x000245e3   0x000002bd   Data   RO          356    .constdata          ex_flash_demo.o
    0x000248a0   0x000248a0   0x000002c5   Data   RO          357    .constdata          ex_flash_demo.o
    0x00024b65   0x00024b65   0x000002a9   Data   RO          358    .constdata          ex_flash_demo.o
    0x00024e0e   0x00024e0e   0x00000289   Data   RO          359    .constdata          ex_flash_demo.o
    0x00025097   0x00025097   0x00000287   Data   RO          360    .constdata          ex_flash_demo.o
    0x0002531e   0x0002531e   0x00000233   Data   RO          361    .constdata          ex_flash_demo.o
    0x00025551   0x00025551   0x0000017b   Data   RO          362    .constdata          ex_flash_demo.o
    0x000256cc   0x000256cc   0x00000165   Data   RO          363    .constdata          ex_flash_demo.o
    0x00025831   0x00025831   0x00000177   Data   RO          364    .constdata          ex_flash_demo.o
    0x000259a8   0x000259a8   0x00000223   Data   RO          365    .constdata          ex_flash_demo.o
    0x00025bcb   0x00025bcb   0x000001ff   Data   RO          366    .constdata          ex_flash_demo.o
    0x00025dca   0x00025dca   0x0000026b   Data   RO          367    .constdata          ex_flash_demo.o
    0x00026035   0x00026035   0x00000269   Data   RO          368    .constdata          ex_flash_demo.o
    0x0002629e   0x0002629e   0x00000281   Data   RO          369    .constdata          ex_flash_demo.o
    0x0002651f   0x0002651f   0x0000028b   Data   RO          370    .constdata          ex_flash_demo.o
    0x000267aa   0x000267aa   0x000002b9   Data   RO          371    .constdata          ex_flash_demo.o
    0x00026a63   0x00026a63   0x000002c5   Data   RO          372    .constdata          ex_flash_demo.o
    0x00026d28   0x00026d28   0x000002e5   Data   RO          373    .constdata          ex_flash_demo.o
    0x0002700d   0x0002700d   0x0000016d   Data   RO          374    .constdata          ex_flash_demo.o
    0x0002717a   0x0002717a   0x00000011   Data   RO          375    .constdata          ex_flash_demo.o
    0x0002718b   0x0002718b   0x00000011   Data   RO          376    .constdata          ex_flash_demo.o
    0x0002719c   0x0002719c   0x00000053   Data   RO          377    .constdata          ex_flash_demo.o
    0x000271ef   0x000271ef   0x000001cb   Data   RO          378    .constdata          ex_flash_demo.o
    0x000273ba   0x000273ba   0x0000023f   Data   RO          379    .constdata          ex_flash_demo.o
    0x000275f9   0x000275f9   0x00000239   Data   RO          380    .constdata          ex_flash_demo.o
    0x00027832   0x00027832   0x00000221   Data   RO          381    .constdata          ex_flash_demo.o
    0x00027a53   0x00027a53   0x00000237   Data   RO          382    .constdata          ex_flash_demo.o
    0x00027c8a   0x00027c8a   0x00000235   Data   RO          383    .constdata          ex_flash_demo.o
    0x00027ebf   0x00027ebf   0x00000229   Data   RO          384    .constdata          ex_flash_demo.o
    0x000280e8   0x000280e8   0x00000229   Data   RO          385    .constdata          ex_flash_demo.o
    0x00028311   0x00028311   0x0000020b   Data   RO          386    .constdata          ex_flash_demo.o
    0x0002851c   0x0002851c   0x000001c9   Data   RO          387    .constdata          ex_flash_demo.o
    0x000286e5   0x000286e5   0x000001d9   Data   RO          388    .constdata          ex_flash_demo.o
    0x000288be   0x000288be   0x000001af   Data   RO          389    .constdata          ex_flash_demo.o
    0x00028a6d   0x00028a6d   0x000001d7   Data   RO          390    .constdata          ex_flash_demo.o
    0x00028c44   0x00028c44   0x00000263   Data   RO          391    .constdata          ex_flash_demo.o
    0x00028ea7   0x00028ea7   0x0000027f   Data   RO          392    .constdata          ex_flash_demo.o
    0x00029126   0x00029126   0x00000245   Data   RO          393    .constdata          ex_flash_demo.o
    0x0002936b   0x0002936b   0x00000233   Data   RO          394    .constdata          ex_flash_demo.o
    0x0002959e   0x0002959e   0x0000024f   Data   RO          395    .constdata          ex_flash_demo.o
    0x000297ed   0x000297ed   0x00000265   Data   RO          396    .constdata          ex_flash_demo.o
    0x00029a52   0x00029a52   0x00000229   Data   RO          397    .constdata          ex_flash_demo.o
    0x00029c7b   0x00029c7b   0x000001b3   Data   RO          398    .constdata          ex_flash_demo.o
    0x00029e2e   0x00029e2e   0x0000015f   Data   RO          399    .constdata          ex_flash_demo.o
    0x00029f8d   0x00029f8d   0x00000169   Data   RO          400    .constdata          ex_flash_demo.o
    0x0002a0f6   0x0002a0f6   0x00000203   Data   RO          401    .constdata          ex_flash_demo.o
    0x0002a2f9   0x0002a2f9   0x00000203   Data   RO          402    .constdata          ex_flash_demo.o
    0x0002a4fc   0x0002a4fc   0x0000022d   Data   RO          403    .constdata          ex_flash_demo.o
    0x0002a729   0x0002a729   0x00000247   Data   RO          404    .constdata          ex_flash_demo.o
    0x0002a970   0x0002a970   0x0000023b   Data   RO          405    .constdata          ex_flash_demo.o
    0x0002abab   0x0002abab   0x00000249   Data   RO          406    .constdata          ex_flash_demo.o
    0x0002adf4   0x0002adf4   0x00000247   Data   RO          407    .constdata          ex_flash_demo.o
    0x0002b03b   0x0002b03b   0x0000025d   Data   RO          408    .constdata          ex_flash_demo.o
    0x0002b298   0x0002b298   0x0000023f   Data   RO          409    .constdata          ex_flash_demo.o
    0x0002b4d7   0x0002b4d7   0x0000019f   Data   RO          410    .constdata          ex_flash_demo.o
    0x0002b676   0x0002b676   0x000001b9   Data   RO          411    .constdata          ex_flash_demo.o
    0x0002b82f   0x0002b82f   0x000001b3   Data   RO          412    .constdata          ex_flash_demo.o
    0x0002b9e2   0x0002b9e2   0x00000229   Data   RO          413    .constdata          ex_flash_demo.o
    0x0002bc0b   0x0002bc0b   0x00000267   Data   RO          414    .constdata          ex_flash_demo.o
    0x0002be72   0x0002be72   0x0000024b   Data   RO          415    .constdata          ex_flash_demo.o
    0x0002c0bd   0x0002c0bd   0x00000279   Data   RO          416    .constdata          ex_flash_demo.o
    0x0002c336   0x0002c336   0x00000247   Data   RO          417    .constdata          ex_flash_demo.o
    0x0002c57d   0x0002c57d   0x0000022f   Data   RO          418    .constdata          ex_flash_demo.o
    0x0002c7ac   0x0002c7ac   0x0000020b   Data   RO          419    .constdata          ex_flash_demo.o
    0x0002c9b7   0x0002c9b7   0x0000020d   Data   RO          420    .constdata          ex_flash_demo.o
    0x0002cbc4   0x0002cbc4   0x000001db   Data   RO          421    .constdata          ex_flash_demo.o
    0x0002cd9f   0x0002cd9f   0x00000143   Data   RO          422    .constdata          ex_flash_demo.o
    0x0002cee2   0x0002cee2   0x000000f9   Data   RO          423    .constdata          ex_flash_demo.o
    0x0002cfdb   0x0002cfdb   0x0000010f   Data   RO          424    .constdata          ex_flash_demo.o
    0x0002d0ea   0x0002d0ea   0x00000257   Data   RO          425    .constdata          ex_flash_demo.o
    0x0002d341   0x0002d341   0x0000023b   Data   RO          426    .constdata          ex_flash_demo.o
    0x0002d57c   0x0002d57c   0x00000257   Data   RO          427    .constdata          ex_flash_demo.o
    0x0002d7d3   0x0002d7d3   0x0000024f   Data   RO          428    .constdata          ex_flash_demo.o
    0x0002da22   0x0002da22   0x00000249   Data   RO          429    .constdata          ex_flash_demo.o
    0x0002dc6b   0x0002dc6b   0x0000024d   Data   RO          430    .constdata          ex_flash_demo.o
    0x0002deb8   0x0002deb8   0x0000024f   Data   RO          431    .constdata          ex_flash_demo.o
    0x0002e107   0x0002e107   0x0000024f   Data   RO          432    .constdata          ex_flash_demo.o
    0x0002e356   0x0002e356   0x00000209   Data   RO          433    .constdata          ex_flash_demo.o
    0x0002e55f   0x0002e55f   0x00000161   Data   RO          434    .constdata          ex_flash_demo.o
    0x0002e6c0   0x0002e6c0   0x00000191   Data   RO          435    .constdata          ex_flash_demo.o
    0x0002e851   0x0002e851   0x00000149   Data   RO          436    .constdata          ex_flash_demo.o
    0x0002e99a   0x0002e99a   0x00000215   Data   RO          437    .constdata          ex_flash_demo.o
    0x0002ebaf   0x0002ebaf   0x0000020d   Data   RO          438    .constdata          ex_flash_demo.o
    0x0002edbc   0x0002edbc   0x0000021b   Data   RO          439    .constdata          ex_flash_demo.o
    0x0002efd7   0x0002efd7   0x00000219   Data   RO          440    .constdata          ex_flash_demo.o
    0x0002f1f0   0x0002f1f0   0x0000022d   Data   RO          441    .constdata          ex_flash_demo.o
    0x0002f41d   0x0002f41d   0x0000022f   Data   RO          442    .constdata          ex_flash_demo.o
    0x0002f64c   0x0002f64c   0x00000223   Data   RO          443    .constdata          ex_flash_demo.o
    0x0002f86f   0x0002f86f   0x00000209   Data   RO          444    .constdata          ex_flash_demo.o
    0x0002fa78   0x0002fa78   0x000001e5   Data   RO          445    .constdata          ex_flash_demo.o
    0x0002fc5d   0x0002fc5d   0x0000013b   Data   RO          446    .constdata          ex_flash_demo.o
    0x0002fd98   0x0002fd98   0x00000125   Data   RO          447    .constdata          ex_flash_demo.o
    0x0002febd   0x0002febd   0x00000137   Data   RO          448    .constdata          ex_flash_demo.o
    0x0002fff4   0x0002fff4   0x0000021d   Data   RO          449    .constdata          ex_flash_demo.o
    0x00030211   0x00030211   0x00000243   Data   RO          450    .constdata          ex_flash_demo.o
    0x00030454   0x00030454   0x00000231   Data   RO          451    .constdata          ex_flash_demo.o
    0x00030685   0x00030685   0x0000022f   Data   RO          452    .constdata          ex_flash_demo.o
    0x000308b4   0x000308b4   0x00000239   Data   RO          453    .constdata          ex_flash_demo.o
    0x00030aed   0x00030aed   0x00000231   Data   RO          454    .constdata          ex_flash_demo.o
    0x00030d1e   0x00030d1e   0x0000022d   Data   RO          455    .constdata          ex_flash_demo.o
    0x00030f4b   0x00030f4b   0x00000223   Data   RO          456    .constdata          ex_flash_demo.o
    0x0003116e   0x0003116e   0x00000229   Data   RO          457    .constdata          ex_flash_demo.o
    0x00031397   0x00031397   0x0000022f   Data   RO          458    .constdata          ex_flash_demo.o
    0x000315c6   0x000315c6   0x000001fd   Data   RO          459    .constdata          ex_flash_demo.o
    0x000317c3   0x000317c3   0x000001fb   Data   RO          460    .constdata          ex_flash_demo.o
    0x000319be   0x000319be   0x0000025f   Data   RO          461    .constdata          ex_flash_demo.o
    0x00031c1d   0x00031c1d   0x0000024f   Data   RO          462    .constdata          ex_flash_demo.o
    0x00031e6c   0x00031e6c   0x0000029d   Data   RO          463    .constdata          ex_flash_demo.o
    0x00032109   0x00032109   0x000002a7   Data   RO          464    .constdata          ex_flash_demo.o
    0x000323b0   0x000323b0   0x000002c9   Data   RO          465    .constdata          ex_flash_demo.o
    0x00032679   0x00032679   0x000002f9   Data   RO          466    .constdata          ex_flash_demo.o
    0x00032972   0x00032972   0x00000207   Data   RO          467    .constdata          ex_flash_demo.o
    0x00032b79   0x00032b79   0x00000087   Data   RO          468    .constdata          ex_flash_demo.o
    0x00032c00   0x00032c00   0x00000011   Data   RO          469    .constdata          ex_flash_demo.o
    0x00032c11   0x00032c11   0x00000011   Data   RO          470    .constdata          ex_flash_demo.o
    0x00032c22   0x00032c22   0x000000a1   Data   RO          471    .constdata          ex_flash_demo.o
    0x00032cc3   0x00032cc3   0x00000197   Data   RO          472    .constdata          ex_flash_demo.o
    0x00032e5a   0x00032e5a   0x000001cf   Data   RO          473    .constdata          ex_flash_demo.o
    0x00033029   0x00033029   0x0000021f   Data   RO          474    .constdata          ex_flash_demo.o
    0x00033248   0x00033248   0x00000259   Data   RO          475    .constdata          ex_flash_demo.o
    0x000334a1   0x000334a1   0x0000024d   Data   RO          476    .constdata          ex_flash_demo.o
    0x000336ee   0x000336ee   0x00000223   Data   RO          477    .constdata          ex_flash_demo.o
    0x00033911   0x00033911   0x00000225   Data   RO          478    .constdata          ex_flash_demo.o
    0x00033b36   0x00033b36   0x00000185   Data   RO          479    .constdata          ex_flash_demo.o
    0x00033cbb   0x00033cbb   0x00000191   Data   RO          480    .constdata          ex_flash_demo.o
    0x00033e4c   0x00033e4c   0x00000189   Data   RO          481    .constdata          ex_flash_demo.o
    0x00033fd5   0x00033fd5   0x0000020b   Data   RO          482    .constdata          ex_flash_demo.o
    0x000341e0   0x000341e0   0x0000021f   Data   RO          483    .constdata          ex_flash_demo.o
    0x000343ff   0x000343ff   0x00000241   Data   RO          484    .constdata          ex_flash_demo.o
    0x00034640   0x00034640   0x000002b5   Data   RO          485    .constdata          ex_flash_demo.o
    0x000348f5   0x000348f5   0x000002e9   Data   RO          486    .constdata          ex_flash_demo.o
    0x00034bde   0x00034bde   0x000002ff   Data   RO          487    .constdata          ex_flash_demo.o
    0x00034edd   0x00034edd   0x00000313   Data   RO          488    .constdata          ex_flash_demo.o
    0x000351f0   0x000351f0   0x00000341   Data   RO          489    .constdata          ex_flash_demo.o
    0x00035531   0x00035531   0x00000345   Data   RO          490    .constdata          ex_flash_demo.o
    0x00035876   0x00035876   0x00000219   Data   RO          491    .constdata          ex_flash_demo.o
    0x00035a8f   0x00035a8f   0x000001ad   Data   RO          492    .constdata          ex_flash_demo.o
    0x00035c3c   0x00035c3c   0x00000185   Data   RO          493    .constdata          ex_flash_demo.o
    0x00035dc1   0x00035dc1   0x000001df   Data   RO          494    .constdata          ex_flash_demo.o
    0x00035fa0   0x00035fa0   0x000001db   Data   RO          495    .constdata          ex_flash_demo.o
    0x0003617b   0x0003617b   0x000001ed   Data   RO          496    .constdata          ex_flash_demo.o
    0x00036368   0x00036368   0x000001e9   Data   RO          497    .constdata          ex_flash_demo.o
    0x00036551   0x00036551   0x000001fb   Data   RO          498    .constdata          ex_flash_demo.o
    0x0003674c   0x0003674c   0x000001fd   Data   RO          499    .constdata          ex_flash_demo.o
    0x00036949   0x00036949   0x0000020f   Data   RO          500    .constdata          ex_flash_demo.o
    0x00036b58   0x00036b58   0x00000211   Data   RO          501    .constdata          ex_flash_demo.o
    0x00036d69   0x00036d69   0x00000213   Data   RO          502    .constdata          ex_flash_demo.o
    0x00036f7c   0x00036f7c   0x00000163   Data   RO          503    .constdata          ex_flash_demo.o
    0x000370df   0x000370df   0x0000012d   Data   RO          504    .constdata          ex_flash_demo.o
    0x0003720c   0x0003720c   0x00000113   Data   RO          505    .constdata          ex_flash_demo.o
    0x0003731f   0x0003731f   0x00000175   Data   RO          506    .constdata          ex_flash_demo.o
    0x00037494   0x00037494   0x000001e9   Data   RO          507    .constdata          ex_flash_demo.o
    0x0003767d   0x0003767d   0x000001f5   Data   RO          508    .constdata          ex_flash_demo.o
    0x00037872   0x00037872   0x0000020d   Data   RO          509    .constdata          ex_flash_demo.o
    0x00037a7f   0x00037a7f   0x00000213   Data   RO          510    .constdata          ex_flash_demo.o
    0x00037c92   0x00037c92   0x0000022f   Data   RO          511    .constdata          ex_flash_demo.o
    0x00037ec1   0x00037ec1   0x0000022f   Data   RO          512    .constdata          ex_flash_demo.o
    0x000380f0   0x000380f0   0x00000225   Data   RO          513    .constdata          ex_flash_demo.o
    0x00038315   0x00038315   0x00000219   Data   RO          514    .constdata          ex_flash_demo.o
    0x0003852e   0x0003852e   0x00000119   Data   RO          515    .constdata          ex_flash_demo.o
    0x00038647   0x00038647   0x00000113   Data   RO          516    .constdata          ex_flash_demo.o
    0x0003875a   0x0003875a   0x0000014d   Data   RO          517    .constdata          ex_flash_demo.o
    0x000388a7   0x000388a7   0x000001fd   Data   RO          518    .constdata          ex_flash_demo.o
    0x00038aa4   0x00038aa4   0x0000027f   Data   RO          519    .constdata          ex_flash_demo.o
    0x00038d23   0x00038d23   0x000002bb   Data   RO          520    .constdata          ex_flash_demo.o
    0x00038fde   0x00038fde   0x000002a7   Data   RO          521    .constdata          ex_flash_demo.o
    0x00039285   0x00039285   0x000002bb   Data   RO          522    .constdata          ex_flash_demo.o
    0x00039540   0x00039540   0x0000027d   Data   RO          523    .constdata          ex_flash_demo.o
    0x000397bd   0x000397bd   0x0000028d   Data   RO          524    .constdata          ex_flash_demo.o
    0x00039a4a   0x00039a4a   0x0000028f   Data   RO          525    .constdata          ex_flash_demo.o
    0x00039cd9   0x00039cd9   0x00000269   Data   RO          526    .constdata          ex_flash_demo.o
    0x00039f42   0x00039f42   0x00000171   Data   RO          527    .constdata          ex_flash_demo.o
    0x0003a0b3   0x0003a0b3   0x0000015b   Data   RO          528    .constdata          ex_flash_demo.o
    0x0003a20e   0x0003a20e   0x0000015b   Data   RO          529    .constdata          ex_flash_demo.o
    0x0003a369   0x0003a369   0x000001bd   Data   RO          530    .constdata          ex_flash_demo.o
    0x0003a526   0x0003a526   0x000001df   Data   RO          531    .constdata          ex_flash_demo.o
    0x0003a705   0x0003a705   0x000001f3   Data   RO          532    .constdata          ex_flash_demo.o
    0x0003a8f8   0x0003a8f8   0x000001d9   Data   RO          533    .constdata          ex_flash_demo.o
    0x0003aad1   0x0003aad1   0x000001d1   Data   RO          534    .constdata          ex_flash_demo.o
    0x0003aca2   0x0003aca2   0x000001bd   Data   RO          535    .constdata          ex_flash_demo.o
    0x0003ae5f   0x0003ae5f   0x000001ab   Data   RO          536    .constdata          ex_flash_demo.o
    0x0003b00a   0x0003b00a   0x000001b7   Data   RO          537    .constdata          ex_flash_demo.o
    0x0003b1c1   0x0003b1c1   0x000001bb   Data   RO          538    .constdata          ex_flash_demo.o
    0x0003b37c   0x0003b37c   0x0000010b   Data   RO          539    .constdata          ex_flash_demo.o
    0x0003b487   0x0003b487   0x00000131   Data   RO          540    .constdata          ex_flash_demo.o
    0x0003b5b8   0x0003b5b8   0x00000179   Data   RO          541    .constdata          ex_flash_demo.o
    0x0003b731   0x0003b731   0x00000203   Data   RO          542    .constdata          ex_flash_demo.o
    0x0003b934   0x0003b934   0x0000027f   Data   RO          543    .constdata          ex_flash_demo.o
    0x0003bbb3   0x0003bbb3   0x000002a5   Data   RO          544    .constdata          ex_flash_demo.o
    0x0003be58   0x0003be58   0x0000029f   Data   RO          545    .constdata          ex_flash_demo.o
    0x0003c0f7   0x0003c0f7   0x000002ad   Data   RO          546    .constdata          ex_flash_demo.o
    0x0003c3a4   0x0003c3a4   0x000002ab   Data   RO          547    .constdata          ex_flash_demo.o
    0x0003c64f   0x0003c64f   0x0000029f   Data   RO          548    .constdata          ex_flash_demo.o
    0x0003c8ee   0x0003c8ee   0x000001f7   Data   RO          549    .constdata          ex_flash_demo.o
    0x0003cae5   0x0003cae5   0x000001ed   Data   RO          550    .constdata          ex_flash_demo.o
    0x0003ccd2   0x0003ccd2   0x0000013f   Data   RO          551    .constdata          ex_flash_demo.o
    0x0003ce11   0x0003ce11   0x00000133   Data   RO          552    .constdata          ex_flash_demo.o
    0x0003cf44   0x0003cf44   0x00000237   Data   RO          553    .constdata          ex_flash_demo.o
    0x0003d17b   0x0003d17b   0x00000251   Data   RO          554    .constdata          ex_flash_demo.o
    0x0003d3cc   0x0003d3cc   0x000002ad   Data   RO          555    .constdata          ex_flash_demo.o
    0x0003d679   0x0003d679   0x000002fd   Data   RO          556    .constdata          ex_flash_demo.o
    0x0003d976   0x0003d976   0x0000038b   Data   RO          557    .constdata          ex_flash_demo.o
    0x0003dd01   0x0003dd01   0x00000393   Data   RO          558    .constdata          ex_flash_demo.o
    0x0003e094   0x0003e094   0x00000361   Data   RO          559    .constdata          ex_flash_demo.o
    0x0003e3f5   0x0003e3f5   0x00000367   Data   RO          560    .constdata          ex_flash_demo.o
    0x0003e75c   0x0003e75c   0x000002fb   Data   RO          561    .constdata          ex_flash_demo.o
    0x0003ea57   0x0003ea57   0x000000dd   Data   RO          562    .constdata          ex_flash_demo.o
    0x0003eb34   0x0003eb34   0x00000011   Data   RO          563    .constdata          ex_flash_demo.o
    0x0003eb45   0x0003eb45   0x00000011   Data   RO          564    .constdata          ex_flash_demo.o
    0x0003eb56   0x0003eb56   0x00000011   Data   RO          565    .constdata          ex_flash_demo.o
    0x0003eb67   0x0003eb67   0x00000011   Data   RO          566    .constdata          ex_flash_demo.o
    0x0003eb78   0x0003eb78   0x0000015d   Data   RO          567    .constdata          ex_flash_demo.o
    0x0003ecd5   0x0003ecd5   0x0000018f   Data   RO          568    .constdata          ex_flash_demo.o
    0x0003ee64   0x0003ee64   0x0000021b   Data   RO          569    .constdata          ex_flash_demo.o
    0x0003f07f   0x0003f07f   0x0000021d   Data   RO          570    .constdata          ex_flash_demo.o
    0x0003f29c   0x0003f29c   0x00000213   Data   RO          571    .constdata          ex_flash_demo.o
    0x0003f4af   0x0003f4af   0x0000020b   Data   RO          572    .constdata          ex_flash_demo.o
    0x0003f6ba   0x0003f6ba   0x0000021d   Data   RO          573    .constdata          ex_flash_demo.o
    0x0003f8d7   0x0003f8d7   0x00000235   Data   RO          574    .constdata          ex_flash_demo.o
    0x0003fb0c   0x0003fb0c   0x000001a5   Data   RO          575    .constdata          ex_flash_demo.o
    0x0003fcb1   0x0003fcb1   0x00000191   Data   RO          576    .constdata          ex_flash_demo.o
    0x0003fe42   0x0003fe42   0x0000017f   Data   RO          577    .constdata          ex_flash_demo.o
    0x0003ffc1   0x0003ffc1   0x00000237   Data   RO          578    .constdata          ex_flash_demo.o
    0x000401f8   0x000401f8   0x00000267   Data   RO          579    .constdata          ex_flash_demo.o
    0x0004045f   0x0004045f   0x000002bf   Data   RO          580    .constdata          ex_flash_demo.o
    0x0004071e   0x0004071e   0x000002dd   Data   RO          581    .constdata          ex_flash_demo.o
    0x000409fb   0x000409fb   0x000002f9   Data   RO          582    .constdata          ex_flash_demo.o
    0x00040cf4   0x00040cf4   0x00000315   Data   RO          583    .constdata          ex_flash_demo.o
    0x00041009   0x00041009   0x00000315   Data   RO          584    .constdata          ex_flash_demo.o
    0x0004131e   0x0004131e   0x000002ef   Data   RO          585    .constdata          ex_flash_demo.o
    0x0004160d   0x0004160d   0x00000303   Data   RO          586    .constdata          ex_flash_demo.o
    0x00041910   0x00041910   0x000001c1   Data   RO          587    .constdata          ex_flash_demo.o
    0x00041ad1   0x00041ad1   0x000001b5   Data   RO          588    .constdata          ex_flash_demo.o
    0x00041c86   0x00041c86   0x00000151   Data   RO          589    .constdata          ex_flash_demo.o
    0x00041dd7   0x00041dd7   0x000001c3   Data   RO          590    .constdata          ex_flash_demo.o
    0x00041f9a   0x00041f9a   0x00000227   Data   RO          591    .constdata          ex_flash_demo.o
    0x000421c1   0x000421c1   0x00000257   Data   RO          592    .constdata          ex_flash_demo.o
    0x00042418   0x00042418   0x00000249   Data   RO          593    .constdata          ex_flash_demo.o
    0x00042661   0x00042661   0x0000024b   Data   RO          594    .constdata          ex_flash_demo.o
    0x000428ac   0x000428ac   0x00000267   Data   RO          595    .constdata          ex_flash_demo.o
    0x00042b13   0x00042b13   0x0000026b   Data   RO          596    .constdata          ex_flash_demo.o
    0x00042d7e   0x00042d7e   0x00000267   Data   RO          597    .constdata          ex_flash_demo.o
    0x00042fe5   0x00042fe5   0x00000261   Data   RO          598    .constdata          ex_flash_demo.o
    0x00043246   0x00043246   0x00000187   Data   RO          599    .constdata          ex_flash_demo.o
    0x000433cd   0x000433cd   0x00000125   Data   RO          600    .constdata          ex_flash_demo.o
    0x000434f2   0x000434f2   0x000000d7   Data   RO          601    .constdata          ex_flash_demo.o
    0x000435c9   0x000435c9   0x000001b5   Data   RO          602    .constdata          ex_flash_demo.o
    0x0004377e   0x0004377e   0x00000275   Data   RO          603    .constdata          ex_flash_demo.o
    0x000439f3   0x000439f3   0x00000291   Data   RO          604    .constdata          ex_flash_demo.o
    0x00043c84   0x00043c84   0x000002b1   Data   RO          605    .constdata          ex_flash_demo.o
    0x00043f35   0x00043f35   0x000002bd   Data   RO          606    .constdata          ex_flash_demo.o
    0x000441f2   0x000441f2   0x000002b7   Data   RO          607    .constdata          ex_flash_demo.o
    0x000444a9   0x000444a9   0x000002b7   Data   RO          608    .constdata          ex_flash_demo.o
    0x00044760   0x00044760   0x000002b1   Data   RO          609    .constdata          ex_flash_demo.o
    0x00044a11   0x00044a11   0x000002a3   Data   RO          610    .constdata          ex_flash_demo.o
    0x00044cb4   0x00044cb4   0x00000199   Data   RO          611    .constdata          ex_flash_demo.o
    0x00044e4d   0x00044e4d   0x0000017d   Data   RO          612    .constdata          ex_flash_demo.o
    0x00044fca   0x00044fca   0x00000199   Data   RO          613    .constdata          ex_flash_demo.o
    0x00045163   0x00045163   0x000001c9   Data   RO          614    .constdata          ex_flash_demo.o
    0x0004532c   0x0004532c   0x0000021f   Data   RO          615    .constdata          ex_flash_demo.o
    0x0004554b   0x0004554b   0x00000281   Data   RO          616    .constdata          ex_flash_demo.o
    0x000457cc   0x000457cc   0x00000285   Data   RO          617    .constdata          ex_flash_demo.o
    0x00045a51   0x00045a51   0x00000289   Data   RO          618    .constdata          ex_flash_demo.o
    0x00045cda   0x00045cda   0x00000277   Data   RO          619    .constdata          ex_flash_demo.o
    0x00045f51   0x00045f51   0x00000273   Data   RO          620    .constdata          ex_flash_demo.o
    0x000461c4   0x000461c4   0x00000271   Data   RO          621    .constdata          ex_flash_demo.o
    0x00046435   0x00046435   0x00000273   Data   RO          622    .constdata          ex_flash_demo.o
    0x000466a8   0x000466a8   0x00000145   Data   RO          623    .constdata          ex_flash_demo.o
    0x000467ed   0x000467ed   0x00000147   Data   RO          624    .constdata          ex_flash_demo.o
    0x00046934   0x00046934   0x00000163   Data   RO          625    .constdata          ex_flash_demo.o
    0x00046a97   0x00046a97   0x00000141   Data   RO          626    .constdata          ex_flash_demo.o
    0x00046bd8   0x00046bd8   0x00000193   Data   RO          627    .constdata          ex_flash_demo.o
    0x00046d6b   0x00046d6b   0x000001b1   Data   RO          628    .constdata          ex_flash_demo.o
    0x00046f1c   0x00046f1c   0x000001e5   Data   RO          629    .constdata          ex_flash_demo.o
    0x00047101   0x00047101   0x000001ef   Data   RO          630    .constdata          ex_flash_demo.o
    0x000472f0   0x000472f0   0x00000205   Data   RO          631    .constdata          ex_flash_demo.o
    0x000474f5   0x000474f5   0x000001f5   Data   RO          632    .constdata          ex_flash_demo.o
    0x000476ea   0x000476ea   0x0000020b   Data   RO          633    .constdata          ex_flash_demo.o
    0x000478f5   0x000478f5   0x00000205   Data   RO          634    .constdata          ex_flash_demo.o
    0x00047afa   0x00047afa   0x00000137   Data   RO          635    .constdata          ex_flash_demo.o
    0x00047c31   0x00047c31   0x000000ff   Data   RO          636    .constdata          ex_flash_demo.o
    0x00047d30   0x00047d30   0x0000012b   Data   RO          637    .constdata          ex_flash_demo.o
    0x00047e5b   0x00047e5b   0x000001eb   Data   RO          638    .constdata          ex_flash_demo.o
    0x00048046   0x00048046   0x0000026f   Data   RO          639    .constdata          ex_flash_demo.o
    0x000482b5   0x000482b5   0x000002bb   Data   RO          640    .constdata          ex_flash_demo.o
    0x00048570   0x00048570   0x000002cf   Data   RO          641    .constdata          ex_flash_demo.o
    0x0004883f   0x0004883f   0x000002bf   Data   RO          642    .constdata          ex_flash_demo.o
    0x00048afe   0x00048afe   0x000002b5   Data   RO          643    .constdata          ex_flash_demo.o
    0x00048db3   0x00048db3   0x000002b3   Data   RO          644    .constdata          ex_flash_demo.o
    0x00049066   0x00049066   0x0000028b   Data   RO          645    .constdata          ex_flash_demo.o
    0x000492f1   0x000492f1   0x00000279   Data   RO          646    .constdata          ex_flash_demo.o
    0x0004956a   0x0004956a   0x000001c1   Data   RO          647    .constdata          ex_flash_demo.o
    0x0004972b   0x0004972b   0x00000165   Data   RO          648    .constdata          ex_flash_demo.o
    0x00049890   0x00049890   0x00000161   Data   RO          649    .constdata          ex_flash_demo.o
    0x000499f1   0x000499f1   0x000001d3   Data   RO          650    .constdata          ex_flash_demo.o
    0x00049bc4   0x00049bc4   0x00000237   Data   RO          651    .constdata          ex_flash_demo.o
    0x00049dfb   0x00049dfb   0x00000243   Data   RO          652    .constdata          ex_flash_demo.o
    0x0004a03e   0x0004a03e   0x0000025f   Data   RO          653    .constdata          ex_flash_demo.o
    0x0004a29d   0x0004a29d   0x00000255   Data   RO          654    .constdata          ex_flash_demo.o
    0x0004a4f2   0x0004a4f2   0x00000293   Data   RO          655    .constdata          ex_flash_demo.o
    0x0004a785   0x0004a785   0x00000289   Data   RO          656    .constdata          ex_flash_demo.o
    0x0004aa0e   0x0004aa0e   0x000002c1   Data   RO          657    .constdata          ex_flash_demo.o
    0x0004accf   0x0004accf   0x000002d5   Data   RO          658    .constdata          ex_flash_demo.o
    0x0004afa4   0x0004afa4   0x000002f1   Data   RO          659    .constdata          ex_flash_demo.o
    0x0004b295   0x0004b295   0x000002f1   Data   RO          660    .constdata          ex_flash_demo.o
    0x0004b586   0x0004b586   0x00000011   Data   RO          661    .constdata          ex_flash_demo.o
    0x0004b597   0x0004b597   0x0000002b   Data   RO          662    .constdata          ex_flash_demo.o
    0x0004b5c2   0x0004b5c2   0x000000b9   Data   RO          663    .constdata          ex_flash_demo.o
    0x0004b67b   0x0004b67b   0x0000008f   Data   RO          664    .constdata          ex_flash_demo.o
    0x0004b70a   0x0004b70a   0x0000007d   Data   RO          665    .constdata          ex_flash_demo.o
    0x0004b787   0x0004b787   0x0000007b   Data   RO          666    .constdata          ex_flash_demo.o
    0x0004b802   0x0004b802   0x00000073   Data   RO          667    .constdata          ex_flash_demo.o
    0x0004b875   0x0004b875   0x00000073   Data   RO          668    .constdata          ex_flash_demo.o
    0x0004b8e8   0x0004b8e8   0x00000073   Data   RO          669    .constdata          ex_flash_demo.o
    0x0004b95b   0x0004b95b   0x0000007b   Data   RO          670    .constdata          ex_flash_demo.o
    0x0004b9d6   0x0004b9d6   0x0000007b   Data   RO          671    .constdata          ex_flash_demo.o
    0x0004ba51   0x0004ba51   0x00000085   Data   RO          672    .constdata          ex_flash_demo.o
    0x0004bad6   0x0004bad6   0x00000083   Data   RO          673    .constdata          ex_flash_demo.o
    0x0004bb59   0x0004bb59   0x00000095   Data   RO          674    .constdata          ex_flash_demo.o
    0x0004bbee   0x0004bbee   0x000000b7   Data   RO          675    .constdata          ex_flash_demo.o
    0x0004bca5   0x0004bca5   0x000000e3   Data   RO          676    .constdata          ex_flash_demo.o
    0x0004bd88   0x0004bd88   0x000000f9   Data   RO          677    .constdata          ex_flash_demo.o
    0x0004be81   0x0004be81   0x000000f9   Data   RO          678    .constdata          ex_flash_demo.o
    0x0004bf7a   0x0004bf7a   0x000000ff   Data   RO          679    .constdata          ex_flash_demo.o
    0x0004c079   0x0004c079   0x000000ff   Data   RO          680    .constdata          ex_flash_demo.o
    0x0004c178   0x0004c178   0x000000ff   Data   RO          681    .constdata          ex_flash_demo.o
    0x0004c277   0x0004c277   0x000000ff   Data   RO          682    .constdata          ex_flash_demo.o
    0x0004c376   0x0004c376   0x000000cd   Data   RO          683    .constdata          ex_flash_demo.o
    0x0004c443   0x0004c443   0x000000cb   Data   RO          684    .constdata          ex_flash_demo.o
    0x0004c50e   0x0004c50e   0x000000ab   Data   RO          685    .constdata          ex_flash_demo.o
    0x0004c5b9   0x0004c5b9   0x00000099   Data   RO          686    .constdata          ex_flash_demo.o
    0x0004c652   0x0004c652   0x0000009d   Data   RO          687    .constdata          ex_flash_demo.o
    0x0004c6ef   0x0004c6ef   0x00000095   Data   RO          688    .constdata          ex_flash_demo.o
    0x0004c784   0x0004c784   0x000000bd   Data   RO          689    .constdata          ex_flash_demo.o
    0x0004c841   0x0004c841   0x000000c9   Data   RO          690    .constdata          ex_flash_demo.o
    0x0004c90a   0x0004c90a   0x000000e5   Data   RO          691    .constdata          ex_flash_demo.o
    0x0004c9ef   0x0004c9ef   0x000000e9   Data   RO          692    .constdata          ex_flash_demo.o
    0x0004cad8   0x0004cad8   0x000000e9   Data   RO          693    .constdata          ex_flash_demo.o
    0x0004cbc1   0x0004cbc1   0x000000ed   Data   RO          694    .constdata          ex_flash_demo.o
    0x0004ccae   0x0004ccae   0x000000a3   Data   RO          695    .constdata          ex_flash_demo.o
    0x0004cd51   0x0004cd51   0x0000009b   Data   RO          696    .constdata          ex_flash_demo.o
    0x0004cdec   0x0004cdec   0x00000093   Data   RO          697    .constdata          ex_flash_demo.o
    0x0004ce7f   0x0004ce7f   0x000000f3   Data   RO          698    .constdata          ex_flash_demo.o
    0x0004cf72   0x0004cf72   0x00000121   Data   RO          699    .constdata          ex_flash_demo.o
    0x0004d093   0x0004d093   0x0000014b   Data   RO          700    .constdata          ex_flash_demo.o
    0x0004d1de   0x0004d1de   0x0000014b   Data   RO          701    .constdata          ex_flash_demo.o
    0x0004d329   0x0004d329   0x00000135   Data   RO          702    .constdata          ex_flash_demo.o
    0x0004d45e   0x0004d45e   0x0000011b   Data   RO          703    .constdata          ex_flash_demo.o
    0x0004d579   0x0004d579   0x0000011f   Data   RO          704    .constdata          ex_flash_demo.o
    0x0004d698   0x0004d698   0x000000e1   Data   RO          705    .constdata          ex_flash_demo.o
    0x0004d779   0x0004d779   0x000000ef   Data   RO          706    .constdata          ex_flash_demo.o
    0x0004d868   0x0004d868   0x000000a3   Data   RO          707    .constdata          ex_flash_demo.o
    0x0004d90b   0x0004d90b   0x000000ff   Data   RO          708    .constdata          ex_flash_demo.o
    0x0004da0a   0x0004da0a   0x00000161   Data   RO          709    .constdata          ex_flash_demo.o
    0x0004db6b   0x0004db6b   0x000001bb   Data   RO          710    .constdata          ex_flash_demo.o
    0x0004dd26   0x0004dd26   0x000001f1   Data   RO          711    .constdata          ex_flash_demo.o
    0x0004df17   0x0004df17   0x000001f7   Data   RO          712    .constdata          ex_flash_demo.o
    0x0004e10e   0x0004e10e   0x00000209   Data   RO          713    .constdata          ex_flash_demo.o
    0x0004e317   0x0004e317   0x00000229   Data   RO          714    .constdata          ex_flash_demo.o
    0x0004e540   0x0004e540   0x00000229   Data   RO          715    .constdata          ex_flash_demo.o
    0x0004e769   0x0004e769   0x0000022d   Data   RO          716    .constdata          ex_flash_demo.o
    0x0004e996   0x0004e996   0x000002c1   Data   RO          717    .constdata          ex_flash_demo.o
    0x0004ec57   0x0004ec57   0x000002ad   Data   RO          718    .constdata          ex_flash_demo.o
    0x0004ef04   0x0004ef04   0x00000243   Data   RO          719    .constdata          ex_flash_demo.o
    0x0004f147   0x0004f147   0x00000225   Data   RO          720    .constdata          ex_flash_demo.o
    0x0004f36c   0x0004f36c   0x000001d1   Data   RO          721    .constdata          ex_flash_demo.o
    0x0004f53d   0x0004f53d   0x000001d1   Data   RO          722    .constdata          ex_flash_demo.o
    0x0004f70e   0x0004f70e   0x00000181   Data   RO          723    .constdata          ex_flash_demo.o
    0x0004f88f   0x0004f88f   0x00000173   Data   RO          724    .constdata          ex_flash_demo.o
    0x0004fa02   0x0004fa02   0x00000155   Data   RO          725    .constdata          ex_flash_demo.o
    0x0004fb57   0x0004fb57   0x0000014f   Data   RO          726    .constdata          ex_flash_demo.o
    0x0004fca6   0x0004fca6   0x00000127   Data   RO          727    .constdata          ex_flash_demo.o
    0x0004fdcd   0x0004fdcd   0x00000121   Data   RO          728    .constdata          ex_flash_demo.o
    0x0004feee   0x0004feee   0x00000133   Data   RO          729    .constdata          ex_flash_demo.o
    0x00050021   0x00050021   0x00000129   Data   RO          730    .constdata          ex_flash_demo.o
    0x0005014a   0x0005014a   0x000002b3   Data   RO          731    .constdata          ex_flash_demo.o
    0x000503fd   0x000503fd   0x00000403   Data   RO          732    .constdata          ex_flash_demo.o
    0x00050800   0x00050800   0x0000044d   Data   RO          733    .constdata          ex_flash_demo.o
    0x00050c4d   0x00050c4d   0x0000044d   Data   RO          734    .constdata          ex_flash_demo.o
    0x0005109a   0x0005109a   0x0000046f   Data   RO          735    .constdata          ex_flash_demo.o
    0x00051509   0x00051509   0x00000487   Data   RO          736    .constdata          ex_flash_demo.o
    0x00051990   0x00051990   0x000004a1   Data   RO          737    .constdata          ex_flash_demo.o
    0x00051e31   0x00051e31   0x000004b7   Data   RO          738    .constdata          ex_flash_demo.o
    0x000522e8   0x000522e8   0x000004bb   Data   RO          739    .constdata          ex_flash_demo.o
    0x000527a3   0x000527a3   0x000004b9   Data   RO          740    .constdata          ex_flash_demo.o
    0x00052c5c   0x00052c5c   0x00000331   Data   RO          741    .constdata          ex_flash_demo.o
    0x00052f8d   0x00052f8d   0x0000038b   Data   RO          742    .constdata          ex_flash_demo.o
    0x00053318   0x00053318   0x00000413   Data   RO          743    .constdata          ex_flash_demo.o
    0x0005372b   0x0005372b   0x000004c1   Data   RO          744    .constdata          ex_flash_demo.o
    0x00053bec   0x00053bec   0x00000501   Data   RO          745    .constdata          ex_flash_demo.o
    0x000540ed   0x000540ed   0x0000052b   Data   RO          746    .constdata          ex_flash_demo.o
    0x00054618   0x00054618   0x00000525   Data   RO          747    .constdata          ex_flash_demo.o
    0x00054b3d   0x00054b3d   0x0000051d   Data   RO          748    .constdata          ex_flash_demo.o
    0x0005505a   0x0005505a   0x0000050d   Data   RO          749    .constdata          ex_flash_demo.o
    0x00055567   0x00055567   0x0000050d   Data   RO          750    .constdata          ex_flash_demo.o
    0x00055a74   0x00055a74   0x0000015d   Data   RO          751    .constdata          ex_flash_demo.o
    0x00055bd1   0x00055bd1   0x00000147   Data   RO          752    .constdata          ex_flash_demo.o
    0x00055d18   0x00055d18   0x00000127   Data   RO          753    .constdata          ex_flash_demo.o
    0x00055e3f   0x00055e3f   0x00000127   Data   RO          754    .constdata          ex_flash_demo.o
    0x00055f66   0x00055f66   0x00000151   Data   RO          755    .constdata          ex_flash_demo.o
    0x000560b7   0x000560b7   0x000001bf   Data   RO          756    .constdata          ex_flash_demo.o
    0x00056276   0x00056276   0x000001b9   Data   RO          757    .constdata          ex_flash_demo.o
    0x0005642f   0x0005642f   0x000001b7   Data   RO          758    .constdata          ex_flash_demo.o
    0x000565e6   0x000565e6   0x0000018f   Data   RO          759    .constdata          ex_flash_demo.o
    0x00056775   0x00056775   0x0000019f   Data   RO          760    .constdata          ex_flash_demo.o
    0x00056914   0x00056914   0x00000191   Data   RO          761    .constdata          ex_flash_demo.o
    0x00056aa5   0x00056aa5   0x000001a3   Data   RO          762    .constdata          ex_flash_demo.o
    0x00056c48   0x00056c48   0x00000147   Data   RO          763    .constdata          ex_flash_demo.o
    0x00056d8f   0x00056d8f   0x00000125   Data   RO          764    .constdata          ex_flash_demo.o
    0x00056eb4   0x00056eb4   0x00000125   Data   RO          765    .constdata          ex_flash_demo.o
    0x00056fd9   0x00056fd9   0x00000129   Data   RO          766    .constdata          ex_flash_demo.o
    0x00057102   0x00057102   0x000001cb   Data   RO          767    .constdata          ex_flash_demo.o
    0x000572cd   0x000572cd   0x000001b7   Data   RO          768    .constdata          ex_flash_demo.o
    0x00057484   0x00057484   0x000001bb   Data   RO          769    .constdata          ex_flash_demo.o
    0x0005763f   0x0005763f   0x00000191   Data   RO          770    .constdata          ex_flash_demo.o
    0x000577d0   0x000577d0   0x00000197   Data   RO          771    .constdata          ex_flash_demo.o
    0x00057967   0x00057967   0x00000191   Data   RO          772    .constdata          ex_flash_demo.o
    0x00057af8   0x00057af8   0x00000199   Data   RO          773    .constdata          ex_flash_demo.o
    0x00057c91   0x00057c91   0x00000151   Data   RO          774    .constdata          ex_flash_demo.o
    0x00057de2   0x00057de2   0x00000125   Data   RO          775    .constdata          ex_flash_demo.o
    0x00057f07   0x00057f07   0x00000125   Data   RO          776    .constdata          ex_flash_demo.o
    0x0005802c   0x0005802c   0x0000012b   Data   RO          777    .constdata          ex_flash_demo.o
    0x00058157   0x00058157   0x000001ab   Data   RO          778    .constdata          ex_flash_demo.o
    0x00058302   0x00058302   0x000001c1   Data   RO          779    .constdata          ex_flash_demo.o
    0x000584c3   0x000584c3   0x000001c1   Data   RO          780    .constdata          ex_flash_demo.o
    0x00058684   0x00058684   0x00000191   Data   RO          781    .constdata          ex_flash_demo.o
    0x00058815   0x00058815   0x00000191   Data   RO          782    .constdata          ex_flash_demo.o
    0x000589a6   0x000589a6   0x0000018f   Data   RO          783    .constdata          ex_flash_demo.o
    0x00058b35   0x00058b35   0x00000191   Data   RO          784    .constdata          ex_flash_demo.o
    0x00058cc6   0x00058cc6   0x0000014b   Data   RO          785    .constdata          ex_flash_demo.o
    0x00058e11   0x00058e11   0x00000129   Data   RO          786    .constdata          ex_flash_demo.o
    0x00058f3a   0x00058f3a   0x00000125   Data   RO          787    .constdata          ex_flash_demo.o
    0x0005905f   0x0005905f   0x00000125   Data   RO          788    .constdata          ex_flash_demo.o
    0x00059184   0x00059184   0x000001a7   Data   RO          789    .constdata          ex_flash_demo.o
    0x0005932b   0x0005932b   0x000001bd   Data   RO          790    .constdata          ex_flash_demo.o
    0x000594e8   0x000594e8   0x000001bb   Data   RO          791    .constdata          ex_flash_demo.o
    0x000596a3   0x000596a3   0x000001b7   Data   RO          792    .constdata          ex_flash_demo.o
    0x0005985a   0x0005985a   0x00000197   Data   RO          793    .constdata          ex_flash_demo.o
    0x000599f1   0x000599f1   0x0000018f   Data   RO          794    .constdata          ex_flash_demo.o
    0x00059b80   0x00059b80   0x00000191   Data   RO          795    .constdata          ex_flash_demo.o
    0x00059d11   0x00059d11   0x00000165   Data   RO          796    .constdata          ex_flash_demo.o


==============================================================================

Image component sizes


      Code (inc. data)   RO Data    RW Data    ZI Data      Debug   Object Name

         0          0     368246          0          0          0   ex_flash_demo.o

    ----------------------------------------------------------------------
         0          0     368248          0          0          0   Object Totals
         0          0          0          0          0          0   (incl. Generated)
         0          0          2          0          0          0   (incl. Padding)

    ----------------------------------------------------------------------
         0          0          0          0          0          0   Library Totals
         0          0          0          0          0          0   (incl. Padding)

    ----------------------------------------------------------------------

==============================================================================


      Code (inc. data)   RO Data    RW Data    ZI Data      Debug   

         0          0     368248          0          0          0   Grand Totals
         0          0     368248          0          0          0   ELF Image Totals
         0          0     368248          0          0          0   ROM Totals

==============================================================================

    Total RO  Size (Code + RO Data)               368248 ( 359.62kB)
    Total RW  Size (RW Data + ZI Data)                 0 (   0.00kB)
    Total ROM Size (Code + RO Data + RW Data)     368248 ( 359.62kB)

==============================================================================

