Component: Arm Compiler for Embedded 6.23 Tool: armlink [5f102400]

==============================================================================

Image Symbol Table

    Local Symbols

    Symbol Name                              Value     Ov Type        Size  Object(Section)

    ../clib/angel/boardlib.s                 0x00000000   Number         0  boardinit1.o ABSOLUTE
    ../clib/angel/boardlib.s                 0x00000000   Number         0  boardinit2.o ABSOLUTE
    ../clib/angel/boardlib.s                 0x00000000   Number         0  boardinit3.o ABSOLUTE
    ../clib/angel/boardlib.s                 0x00000000   Number         0  boardshut.o ABSOLUTE
    ../clib/angel/handlers.s                 0x00000000   Number         0  __scatter_copy.o ABSOLUTE
    ../clib/angel/handlers.s                 0x00000000   Number         0  __scatter_zi.o ABSOLUTE
    ../clib/angel/kernel.s                   0x00000000   Number         0  __rtentry.o ABSOLUTE
    ../clib/angel/kernel.s                   0x00000000   Number         0  __rtentry2.o ABSOLUTE
    ../clib/angel/kernel.s                   0x00000000   Number         0  __rtentry4.o ABSOLUTE
    ../clib/angel/kernel.s                   0x00000000   Number         0  rtexit.o ABSOLUTE
    ../clib/angel/kernel.s                   0x00000000   Number         0  rtexit2.o ABSOLUTE
    ../clib/angel/rt.s                       0x00000000   Number         0  aeabi_idiv0.o ABSOLUTE
    ../clib/angel/rt.s                       0x00000000   Number         0  aeabi_idiv0_sigfpe.o ABSOLUTE
    ../clib/angel/rt.s                       0x00000000   Number         0  aeabi_ldiv0.o ABSOLUTE
    ../clib/angel/rt.s                       0x00000000   Number         0  aeabi_ldiv0_sigfpe.o ABSOLUTE
    ../clib/angel/rt.s                       0x00000000   Number         0  rt_div0.o ABSOLUTE
    ../clib/angel/rt.s                       0x00000000   Number         0  rt_raise.o ABSOLUTE
    ../clib/angel/scatterp.s                 0x00000000   Number         0  __scatter.o ABSOLUTE
    ../clib/angel/startup.s                  0x00000000   Number         0  __main.o ABSOLUTE
    ../clib/angel/sys.s                      0x00000000   Number         0  sys_stackheap_outer.o ABSOLUTE
    ../clib/angel/sys.s                      0x00000000   Number         0  libspace.o ABSOLUTE
    ../clib/angel/sys.s                      0x00000000   Number         0  tempstk.o ABSOLUTE
    ../clib/angel/sys.s                      0x00000000   Number         0  use_no_semi.o ABSOLUTE
    ../clib/angel/sys.s                      0x00000000   Number         0  indicate_semi.o ABSOLUTE
    ../clib/angel/sysapp.c                   0x00000000   Number         0  sys_exit.o ABSOLUTE
    ../clib/angel/sysapp.c                   0x00000000   Number         0  sys_exit_hlt.o ABSOLUTE
    ../clib/angel/sysapp.c                   0x00000000   Number         0  sys_wrch.o ABSOLUTE
    ../clib/angel/sysapp.c                   0x00000000   Number         0  sys_wrch_hlt.o ABSOLUTE
    ../clib/angel/sysapp.c                   0x00000000   Number         0  sys_command.o ABSOLUTE
    ../clib/angel/sysapp.c                   0x00000000   Number         0  sys_command_hlt.o ABSOLUTE
    ../clib/armsys.c                         0x00000000   Number         0  argv_veneer.o ABSOLUTE
    ../clib/armsys.c                         0x00000000   Number         0  _get_argv_nomalloc.o ABSOLUTE
    ../clib/armsys.c                         0x00000000   Number         0  no_argv.o ABSOLUTE
    ../clib/division.c                       0x00000000   Number         0  lludiv.o ABSOLUTE
    ../clib/division.s                       0x00000000   Number         0  aeabi_sdivfast.o ABSOLUTE
    ../clib/division.s                       0x00000000   Number         0  aeabi_sdivfast_div0.o ABSOLUTE
    ../clib/heapalloc.c                      0x00000000   Number         0  hrguard.o ABSOLUTE
    ../clib/heapaux.c                        0x00000000   Number         0  heapauxi.o ABSOLUTE
    ../clib/libinit.s                        0x00000000   Number         0  libinit.o ABSOLUTE
    ../clib/libinit.s                        0x00000000   Number         0  libinit2.o ABSOLUTE
    ../clib/libinit.s                        0x00000000   Number         0  libshutdown.o ABSOLUTE
    ../clib/libinit.s                        0x00000000   Number         0  libshutdown2.o ABSOLUTE
    ../clib/memcpset.c                       0x00000000   Number         0  rt_memcpy.o ABSOLUTE
    ../clib/memcpset.c                       0x00000000   Number         0  rt_memcpy.o ABSOLUTE
    ../clib/memcpset.c                       0x00000000   Number         0  rt_memclr.o ABSOLUTE
    ../clib/signal.c                         0x00000000   Number         0  defsig_fpe_outer.o ABSOLUTE
    ../clib/signal.c                         0x00000000   Number         0  defsig_fpe_formal.o ABSOLUTE
    ../clib/signal.c                         0x00000000   Number         0  defsig_exit.o ABSOLUTE
    ../clib/signal.c                         0x00000000   Number         0  defsig_fpe_inner.o ABSOLUTE
    ../clib/signal.c                         0x00000000   Number         0  __raise.o ABSOLUTE
    ../clib/signal.c                         0x00000000   Number         0  defsig_general.o ABSOLUTE
    ../clib/signal.c                         0x00000000   Number         0  defsig_abrt_inner.o ABSOLUTE
    ../clib/signal.c                         0x00000000   Number         0  defsig_rtred_inner.o ABSOLUTE
    ../clib/signal.c                         0x00000000   Number         0  defsig_rtmem_inner.o ABSOLUTE
    ../clib/signal.c                         0x00000000   Number         0  defsig_rtmem_outer.o ABSOLUTE
    ../clib/signal.c                         0x00000000   Number         0  defsig_rtmem_formal.o ABSOLUTE
    ../clib/signal.c                         0x00000000   Number         0  defsig_stak_inner.o ABSOLUTE
    ../clib/signal.c                         0x00000000   Number         0  defsig_pvfn_inner.o ABSOLUTE
    ../clib/signal.c                         0x00000000   Number         0  defsig_cppl_inner.o ABSOLUTE
    ../clib/signal.c                         0x00000000   Number         0  defsig_segv_inner.o ABSOLUTE
    ../clib/signal.c                         0x00000000   Number         0  defsig_other.o ABSOLUTE
    ../clib/signal.s                         0x00000000   Number         0  defsig.o ABSOLUTE
    ../clib/stdlib.c                         0x00000000   Number         0  exit.o ABSOLUTE
    ../fplib/cfplib/fpinit.c                 0x00000000   Number         0  fpinit.o ABSOLUTE
    ..\..\..\..\IdeSupport\MDK\startup_cw32l012.s 0x00000000   Number         0  startup_cw32l012.o ABSOLUTE
    cw32l012_flash.c                         0x00000000   Number         0  cw32l012_flash.o ABSOLUTE
    cw32l012_gpio.c                          0x00000000   Number         0  cw32l012_gpio.o ABSOLUTE
    cw32l012_lpi2c.c                         0x00000000   Number         0  cw32l012_lpi2c.o ABSOLUTE
    cw32l012_sysctrl.c                       0x00000000   Number         0  cw32l012_sysctrl.o ABSOLUTE
    dc.s                                     0x00000000   Number         0  dc.o ABSOLUTE
    interrupts_cw32l012.c                    0x00000000   Number         0  interrupts_cw32l012.o ABSOLUTE
    main.c                                   0x00000000   Number         0  main.o ABSOLUTE
    system_cw32l012.c                        0x00000000   Number         0  system_cw32l012.o ABSOLUTE
    RESET                                    0x00000000   Section      192  startup_cw32l012.o(RESET)
    !!!main                                  0x000000c0   Section        8  __main.o(!!!main)
    !!!scatter                               0x000000c8   Section       84  __scatter.o(!!!scatter)
    !!handler_copy                           0x0000011c   Section       26  __scatter_copy.o(!!handler_copy)
    !!handler_null                           0x00000138   Section        2  __scatter.o(!!handler_null)
    !!handler_zi                             0x0000013c   Section       28  __scatter_zi.o(!!handler_zi)
    .ARM.Collect$$libinit$$00000000          0x00000158   Section        2  libinit.o(.ARM.Collect$$libinit$$00000000)
    .ARM.Collect$$libinit$$00000002          0x0000015a   Section        0  libinit2.o(.ARM.Collect$$libinit$$00000002)
    .ARM.Collect$$libinit$$00000004          0x0000015a   Section        0  libinit2.o(.ARM.Collect$$libinit$$00000004)
    .ARM.Collect$$libinit$$00000006          0x0000015a   Section        0  libinit2.o(.ARM.Collect$$libinit$$00000006)
    .ARM.Collect$$libinit$$0000000C          0x0000015a   Section        0  libinit2.o(.ARM.Collect$$libinit$$0000000C)
    .ARM.Collect$$libinit$$0000000E          0x0000015a   Section        0  libinit2.o(.ARM.Collect$$libinit$$0000000E)
    .ARM.Collect$$libinit$$00000010          0x0000015a   Section        0  libinit2.o(.ARM.Collect$$libinit$$00000010)
    .ARM.Collect$$libinit$$00000013          0x0000015a   Section        0  libinit2.o(.ARM.Collect$$libinit$$00000013)
    .ARM.Collect$$libinit$$00000015          0x0000015a   Section        0  libinit2.o(.ARM.Collect$$libinit$$00000015)
    .ARM.Collect$$libinit$$00000017          0x0000015a   Section        0  libinit2.o(.ARM.Collect$$libinit$$00000017)
    .ARM.Collect$$libinit$$00000019          0x0000015a   Section        0  libinit2.o(.ARM.Collect$$libinit$$00000019)
    .ARM.Collect$$libinit$$0000001B          0x0000015a   Section        0  libinit2.o(.ARM.Collect$$libinit$$0000001B)
    .ARM.Collect$$libinit$$0000001D          0x0000015a   Section        0  libinit2.o(.ARM.Collect$$libinit$$0000001D)
    .ARM.Collect$$libinit$$0000001F          0x0000015a   Section        0  libinit2.o(.ARM.Collect$$libinit$$0000001F)
    .ARM.Collect$$libinit$$00000021          0x0000015a   Section        0  libinit2.o(.ARM.Collect$$libinit$$00000021)
    .ARM.Collect$$libinit$$00000023          0x0000015a   Section        0  libinit2.o(.ARM.Collect$$libinit$$00000023)
    .ARM.Collect$$libinit$$00000025          0x0000015a   Section        0  libinit2.o(.ARM.Collect$$libinit$$00000025)
    .ARM.Collect$$libinit$$00000027          0x0000015a   Section        0  libinit2.o(.ARM.Collect$$libinit$$00000027)
    .ARM.Collect$$libinit$$0000002E          0x0000015a   Section        0  libinit2.o(.ARM.Collect$$libinit$$0000002E)
    .ARM.Collect$$libinit$$00000030          0x0000015a   Section        0  libinit2.o(.ARM.Collect$$libinit$$00000030)
    .ARM.Collect$$libinit$$00000032          0x0000015a   Section        0  libinit2.o(.ARM.Collect$$libinit$$00000032)
    .ARM.Collect$$libinit$$00000034          0x0000015a   Section        0  libinit2.o(.ARM.Collect$$libinit$$00000034)
    .ARM.Collect$$libinit$$00000035          0x0000015a   Section        2  libinit2.o(.ARM.Collect$$libinit$$00000035)
    .ARM.Collect$$libshutdown$$00000000      0x0000015c   Section        2  libshutdown.o(.ARM.Collect$$libshutdown$$00000000)
    .ARM.Collect$$libshutdown$$00000002      0x0000015e   Section        0  libshutdown2.o(.ARM.Collect$$libshutdown$$00000002)
    .ARM.Collect$$libshutdown$$00000004      0x0000015e   Section        0  libshutdown2.o(.ARM.Collect$$libshutdown$$00000004)
    .ARM.Collect$$libshutdown$$00000007      0x0000015e   Section        0  libshutdown2.o(.ARM.Collect$$libshutdown$$00000007)
    .ARM.Collect$$libshutdown$$0000000A      0x0000015e   Section        0  libshutdown2.o(.ARM.Collect$$libshutdown$$0000000A)
    .ARM.Collect$$libshutdown$$0000000C      0x0000015e   Section        0  libshutdown2.o(.ARM.Collect$$libshutdown$$0000000C)
    .ARM.Collect$$libshutdown$$0000000F      0x0000015e   Section        0  libshutdown2.o(.ARM.Collect$$libshutdown$$0000000F)
    .ARM.Collect$$libshutdown$$00000010      0x0000015e   Section        2  libshutdown2.o(.ARM.Collect$$libshutdown$$00000010)
    .ARM.Collect$$rtentry$$00000000          0x00000160   Section        0  __rtentry.o(.ARM.Collect$$rtentry$$00000000)
    .ARM.Collect$$rtentry$$00000002          0x00000160   Section        0  __rtentry2.o(.ARM.Collect$$rtentry$$00000002)
    .ARM.Collect$$rtentry$$00000004          0x00000160   Section        6  __rtentry4.o(.ARM.Collect$$rtentry$$00000004)
    .ARM.Collect$$rtentry$$00000009          0x00000166   Section        0  __rtentry2.o(.ARM.Collect$$rtentry$$00000009)
    .ARM.Collect$$rtentry$$0000000A          0x00000166   Section        4  __rtentry2.o(.ARM.Collect$$rtentry$$0000000A)
    .ARM.Collect$$rtentry$$0000000C          0x0000016a   Section        0  __rtentry2.o(.ARM.Collect$$rtentry$$0000000C)
    .ARM.Collect$$rtentry$$0000000D          0x0000016a   Section        8  __rtentry2.o(.ARM.Collect$$rtentry$$0000000D)
    .ARM.Collect$$rtexit$$00000000           0x00000172   Section        2  rtexit.o(.ARM.Collect$$rtexit$$00000000)
    .ARM.Collect$$rtexit$$00000002           0x00000174   Section        0  rtexit2.o(.ARM.Collect$$rtexit$$00000002)
    .ARM.Collect$$rtexit$$00000003           0x00000174   Section        4  rtexit2.o(.ARM.Collect$$rtexit$$00000003)
    .ARM.Collect$$rtexit$$00000004           0x00000178   Section        6  rtexit2.o(.ARM.Collect$$rtexit$$00000004)
    .emb_text                                0x00000180   Section       56  rt_memcpy.o(.emb_text)
    .text                                    0x000001b8   Section       68  startup_cw32l012.o(.text)
    .text                                    0x000001fc   Section        0  rt_memcpy.o(.text)
    .text                                    0x0000027e   Section        0  heapauxi.o(.text)
    .text                                    0x00000284   Section       62  sys_stackheap_outer.o(.text)
    .text                                    0x000002c2   Section        0  exit.o(.text)
    .text                                    0x000002d4   Section        8  libspace.o(.text)
    .text                                    0x000002dc   Section        0  sys_exit.o(.text)
    .text                                    0x000002e8   Section        2  use_no_semi.o(.text)
    [Anonymous Symbol]                       0x000002ea   Section        0  interrupts_cw32l012.o(.text.ADC1_IRQHandler)
    .text                                    0x000002ea   Section        0  indicate_semi.o(.text)
    [Anonymous Symbol]                       0x000002ec   Section        0  interrupts_cw32l012.o(.text.ADC2_DAC_IRQHandler)
    [Anonymous Symbol]                       0x000002ee   Section        0  interrupts_cw32l012.o(.text.ATIM_IRQHandler)
    [Anonymous Symbol]                       0x000002f0   Section        0  interrupts_cw32l012.o(.text.BTIM1_IRQHandler)
    [Anonymous Symbol]                       0x000002f2   Section        0  interrupts_cw32l012.o(.text.BTIM2_IRQHandler)
    [Anonymous Symbol]                       0x000002f4   Section        0  interrupts_cw32l012.o(.text.BTIM3_HALLTIM_IRQHandler)
    [Anonymous Symbol]                       0x000002f6   Section        0  interrupts_cw32l012.o(.text.CLKFAULT_IRQHandler)
    [Anonymous Symbol]                       0x000002f8   Section        0  interrupts_cw32l012.o(.text.CORDIC_IRQHandler)
    [Anonymous Symbol]                       0x000002fa   Section        0  interrupts_cw32l012.o(.text.DMACH12_IRQHandler)
    [Anonymous Symbol]                       0x000002fc   Section        0  interrupts_cw32l012.o(.text.DMACH34_IRQHandler)
    [Anonymous Symbol]                       0x000002fe   Section        0  interrupts_cw32l012.o(.text.FLASHRAM_IRQHandler)
    [Anonymous Symbol]                       0x00000300   Section        0  cw32l012_flash.o(.text.FLASH_SetLatency)
    __arm_cp.1_0                             0x00000330   Number         4  cw32l012_flash.o(.text.FLASH_SetLatency)
    __arm_cp.1_3                             0x00000334   Number         4  cw32l012_flash.o(.text.FLASH_SetLatency)
    [Anonymous Symbol]                       0x00000338   Section        0  system_cw32l012.o(.text.FirmwareDelay)
    [Anonymous Symbol]                       0x0000034a   Section        0  interrupts_cw32l012.o(.text.GPIOA_IRQHandler)
    [Anonymous Symbol]                       0x0000034c   Section        0  interrupts_cw32l012.o(.text.GPIOB_IRQHandler)
    [Anonymous Symbol]                       0x0000034e   Section        0  interrupts_cw32l012.o(.text.GPIOC_IRQHandler)
    [Anonymous Symbol]                       0x00000350   Section        0  interrupts_cw32l012.o(.text.GPIOF_IRQHandler)
    [Anonymous Symbol]                       0x00000354   Section        0  cw32l012_gpio.o(.text.GPIO_Init)
    __arm_cp.0_1                             0x00000410   Number         4  cw32l012_gpio.o(.text.GPIO_Init)
    [Anonymous Symbol]                       0x00000414   Section        0  interrupts_cw32l012.o(.text.GTIM1_IRQHandler)
    [Anonymous Symbol]                       0x00000416   Section        0  interrupts_cw32l012.o(.text.GTIM2_IRQHandler)
    [Anonymous Symbol]                       0x00000418   Section        0  interrupts_cw32l012.o(.text.GTIM34_IRQHandler)
    [Anonymous Symbol]                       0x0000041a   Section        0  interrupts_cw32l012.o(.text.HardFault_Handler)
    [Anonymous Symbol]                       0x0000041c   Section        0  interrupts_cw32l012.o(.text.I2C1_IRQHandler)
    [Anonymous Symbol]                       0x0000041e   Section        0  interrupts_cw32l012.o(.text.I2C2_IRQHandler)
    [Anonymous Symbol]                       0x00000420   Section        0  cw32l012_lpi2c.o(.text.I2C_MasterCmd)
    [Anonymous Symbol]                       0x00000454   Section        0  cw32l012_lpi2c.o(.text.I2C_MasterDeinit)
    __arm_cp.43_0                            0x000004a0   Number         4  cw32l012_lpi2c.o(.text.I2C_MasterDeinit)
    __arm_cp.43_4                            0x000004a4   Number         4  cw32l012_lpi2c.o(.text.I2C_MasterDeinit)
    __arm_cp.43_5                            0x000004a8   Number         4  cw32l012_lpi2c.o(.text.I2C_MasterDeinit)
    __arm_cp.43_6                            0x000004ac   Number         4  cw32l012_lpi2c.o(.text.I2C_MasterDeinit)
    __arm_cp.43_7                            0x000004b0   Number         4  cw32l012_lpi2c.o(.text.I2C_MasterDeinit)
    [Anonymous Symbol]                       0x000004b4   Section        0  cw32l012_lpi2c.o(.text.I2C_MasterInit)
    __arm_cp.0_0                             0x000006e8   Number         4  cw32l012_lpi2c.o(.text.I2C_MasterInit)
    __arm_cp.0_1                             0x000006ec   Number         4  cw32l012_lpi2c.o(.text.I2C_MasterInit)
    __arm_cp.0_3                             0x000006f0   Number         4  cw32l012_lpi2c.o(.text.I2C_MasterInit)
    __arm_cp.0_4                             0x000006f4   Number         4  cw32l012_lpi2c.o(.text.I2C_MasterInit)
    __arm_cp.0_5                             0x000006f8   Number         4  cw32l012_lpi2c.o(.text.I2C_MasterInit)
    __arm_cp.0_6                             0x000006fc   Number         4  cw32l012_lpi2c.o(.text.I2C_MasterInit)
    __arm_cp.0_8                             0x00000700   Number         4  cw32l012_lpi2c.o(.text.I2C_MasterInit)
    __arm_cp.0_9                             0x00000704   Number         4  cw32l012_lpi2c.o(.text.I2C_MasterInit)
    __arm_cp.0_10                            0x00000708   Number         4  cw32l012_lpi2c.o(.text.I2C_MasterInit)
    __arm_cp.0_11                            0x0000070c   Number         4  cw32l012_lpi2c.o(.text.I2C_MasterInit)
    [Anonymous Symbol]                       0x00000710   Section        0  cw32l012_lpi2c.o(.text.I2C_MasterInitDefault)
    __arm_cp.27_0                            0x00000730   Number         4  cw32l012_lpi2c.o(.text.I2C_MasterInitDefault)
    [Anonymous Symbol]                       0x00000734   Section        0  cw32l012_lpi2c.o(.text.I2C_MasterPollingFlag)
    __arm_cp.9_0                             0x00000784   Number         4  cw32l012_lpi2c.o(.text.I2C_MasterPollingFlag)
    __arm_cp.9_1                             0x00000788   Number         4  cw32l012_lpi2c.o(.text.I2C_MasterPollingFlag)
    __arm_cp.9_2                             0x0000078c   Number         4  cw32l012_lpi2c.o(.text.I2C_MasterPollingFlag)
    [Anonymous Symbol]                       0x00000790   Section        0  cw32l012_lpi2c.o(.text.I2C_MasterReadEepromData)
    [Anonymous Symbol]                       0x000007cc   Section        0  cw32l012_lpi2c.o(.text.I2C_MasterReceive)
    __arm_cp.17_0                            0x00000888   Number         4  cw32l012_lpi2c.o(.text.I2C_MasterReceive)
    __arm_cp.17_1                            0x0000088c   Number         4  cw32l012_lpi2c.o(.text.I2C_MasterReceive)
    [Anonymous Symbol]                       0x00000890   Section        0  cw32l012_lpi2c.o(.text.I2C_MasterReceiveDataFromSlave)
    __arm_cp.30_0                            0x00000ae8   Number         4  cw32l012_lpi2c.o(.text.I2C_MasterReceiveDataFromSlave)
    __arm_cp.30_1                            0x00000aec   Number         4  cw32l012_lpi2c.o(.text.I2C_MasterReceiveDataFromSlave)
    __arm_cp.30_2                            0x00000af0   Number         4  cw32l012_lpi2c.o(.text.I2C_MasterReceiveDataFromSlave)
    __arm_cp.30_3                            0x00000af4   Number         4  cw32l012_lpi2c.o(.text.I2C_MasterReceiveDataFromSlave)
    [Anonymous Symbol]                       0x00000af8   Section        0  cw32l012_lpi2c.o(.text.I2C_MasterSTART_Addr10b)
    __arm_cp.14_0                            0x00000bbc   Number         4  cw32l012_lpi2c.o(.text.I2C_MasterSTART_Addr10b)
    __arm_cp.14_1                            0x00000bc0   Number         4  cw32l012_lpi2c.o(.text.I2C_MasterSTART_Addr10b)
    [Anonymous Symbol]                       0x00000bc4   Section        0  cw32l012_lpi2c.o(.text.I2C_MasterSTART_Addr7b)
    [Anonymous Symbol]                       0x00000c74   Section        0  cw32l012_lpi2c.o(.text.I2C_MasterSTOP)
    __arm_cp.16_0                            0x00000ce8   Number         4  cw32l012_lpi2c.o(.text.I2C_MasterSTOP)
    __arm_cp.16_1                            0x00000cec   Number         4  cw32l012_lpi2c.o(.text.I2C_MasterSTOP)
    [Anonymous Symbol]                       0x00000cf0   Section        0  cw32l012_lpi2c.o(.text.I2C_MasterSendDataToSlave)
    __arm_cp.32_0                            0x00000ebc   Number         4  cw32l012_lpi2c.o(.text.I2C_MasterSendDataToSlave)
    __arm_cp.32_1                            0x00000ec0   Number         4  cw32l012_lpi2c.o(.text.I2C_MasterSendDataToSlave)
    [Anonymous Symbol]                       0x00000ec4   Section        0  cw32l012_lpi2c.o(.text.I2C_MasterSetBaudRate)
    __arm_cp.2_0                             0x00001074   Number         4  cw32l012_lpi2c.o(.text.I2C_MasterSetBaudRate)
    __arm_cp.2_1                             0x00001078   Number         4  cw32l012_lpi2c.o(.text.I2C_MasterSetBaudRate)
    [Anonymous Symbol]                       0x0000107c   Section        0  cw32l012_lpi2c.o(.text.I2C_MasterWriteEepromData)
    __arm_cp.31_0                            0x00001108   Number         4  cw32l012_lpi2c.o(.text.I2C_MasterWriteEepromData)
    [Anonymous Symbol]                       0x0000110c   Section        0  cw32l012_lpi2c.o(.text.LPI2C_CommonIRQHandler)
    __arm_cp.62_0                            0x00001148   Number         4  cw32l012_lpi2c.o(.text.LPI2C_CommonIRQHandler)
    __arm_cp.62_1                            0x0000114c   Number         4  cw32l012_lpi2c.o(.text.LPI2C_CommonIRQHandler)
    __arm_cp.62_2                            0x00001150   Number         4  cw32l012_lpi2c.o(.text.LPI2C_CommonIRQHandler)
    __arm_cp.62_3                            0x00001154   Number         4  cw32l012_lpi2c.o(.text.LPI2C_CommonIRQHandler)
    [Anonymous Symbol]                       0x00001158   Section        0  cw32l012_lpi2c.o(.text.LPI2C_SlaveTransferHandleIRQ)
    __arm_cp.58_0                            0x00001350   Number         4  cw32l012_lpi2c.o(.text.LPI2C_SlaveTransferHandleIRQ)
    __arm_cp.58_1                            0x00001354   Number         4  cw32l012_lpi2c.o(.text.LPI2C_SlaveTransferHandleIRQ)
    __arm_cp.58_2                            0x00001358   Number         4  cw32l012_lpi2c.o(.text.LPI2C_SlaveTransferHandleIRQ)
    [Anonymous Symbol]                       0x0000135c   Section        0  interrupts_cw32l012.o(.text.LPTIM_IRQHandler)
    [Anonymous Symbol]                       0x0000135e   Section        0  interrupts_cw32l012.o(.text.LVD_IRQHandler)
    [Anonymous Symbol]                       0x00001360   Section        0  interrupts_cw32l012.o(.text.NMI_Handler)
    [Anonymous Symbol]                       0x00001362   Section        0  interrupts_cw32l012.o(.text.PendSV_Handler)
    [Anonymous Symbol]                       0x00001364   Section        0  interrupts_cw32l012.o(.text.RTC_IRQHandler)
    [Anonymous Symbol]                       0x00001366   Section        0  interrupts_cw32l012.o(.text.SPI1_IRQHandler)
    [Anonymous Symbol]                       0x00001368   Section        0  interrupts_cw32l012.o(.text.SPI23_IRQHandler)
    [Anonymous Symbol]                       0x0000136a   Section        0  interrupts_cw32l012.o(.text.SVC_Handler)
    [Anonymous Symbol]                       0x0000136c   Section        0  cw32l012_sysctrl.o(.text.SYSCTRL_HSI_Enable)
    __arm_cp.12_4                            0x00001444   Number         4  cw32l012_sysctrl.o(.text.SYSCTRL_HSI_Enable)
    __arm_cp.12_5                            0x00001448   Number         4  cw32l012_sysctrl.o(.text.SYSCTRL_HSI_Enable)
    __arm_cp.12_6                            0x0000144c   Number         4  cw32l012_sysctrl.o(.text.SYSCTRL_HSI_Enable)
    [Anonymous Symbol]                       0x00001450   Section        0  interrupts_cw32l012.o(.text.SYSCTRL_IRQHandler)
    [Anonymous Symbol]                       0x00001454   Section        0  system_cw32l012.o(.text.SystemInit)
    __arm_cp.1_0                             0x000014ac   Number         4  system_cw32l012.o(.text.SystemInit)
    __arm_cp.1_1                             0x000014b0   Number         4  system_cw32l012.o(.text.SystemInit)
    __arm_cp.1_2                             0x000014b4   Number         4  system_cw32l012.o(.text.SystemInit)
    __arm_cp.1_3                             0x000014b8   Number         4  system_cw32l012.o(.text.SystemInit)
    __arm_cp.1_4                             0x000014bc   Number         4  system_cw32l012.o(.text.SystemInit)
    __arm_cp.1_5                             0x000014c0   Number         4  system_cw32l012.o(.text.SystemInit)
    __arm_cp.1_6                             0x000014c4   Number         4  system_cw32l012.o(.text.SystemInit)
    __arm_cp.1_7                             0x000014c8   Number         4  system_cw32l012.o(.text.SystemInit)
    __arm_cp.1_8                             0x000014cc   Number         4  system_cw32l012.o(.text.SystemInit)
    __arm_cp.1_9                             0x000014d0   Number         4  system_cw32l012.o(.text.SystemInit)
    [Anonymous Symbol]                       0x000014d4   Section        0  interrupts_cw32l012.o(.text.UART1_IRQHandler)
    [Anonymous Symbol]                       0x000014d6   Section        0  interrupts_cw32l012.o(.text.UART2_IRQHandler)
    [Anonymous Symbol]                       0x000014d8   Section        0  interrupts_cw32l012.o(.text.UART3_IRQHandler)
    [Anonymous Symbol]                       0x000014da   Section        0  interrupts_cw32l012.o(.text.VC13_IRQHandler)
    [Anonymous Symbol]                       0x000014dc   Section        0  interrupts_cw32l012.o(.text.VC24_IRQHandler)
    [Anonymous Symbol]                       0x000014de   Section        0  interrupts_cw32l012.o(.text.WDT_IRQHandler)
    [Anonymous Symbol]                       0x000014e0   Section        0  main.o(.text.assert_failed)
    [Anonymous Symbol]                       0x000014e4   Section        0  main.o(.text.main)
    __arm_cp.0_0                             0x00001650   Number         4  main.o(.text.main)
    __arm_cp.0_1                             0x00001654   Number         4  main.o(.text.main)
    __arm_cp.0_2                             0x00001658   Number         4  main.o(.text.main)
    __arm_cp.0_3                             0x0000165c   Number         4  main.o(.text.main)
    __arm_cp.0_4                             0x00001660   Number         4  main.o(.text.main)
    __arm_cp.0_5                             0x00001664   Number         4  main.o(.text.main)
    __arm_cp.0_6                             0x00001668   Number         4  main.o(.text.main)
    __arm_cp.0_7                             0x0000166c   Number         4  main.o(.text.main)
    __arm_cp.0_8                             0x00001670   Number         4  main.o(.text.main)
    __arm_cp.0_9                             0x00001674   Number         4  main.o(.text.main)
    __arm_cp.0_10                            0x00001678   Number         4  main.o(.text.main)
    __arm_cp.0_11                            0x0000167c   Number         4  main.o(.text.main)
    __arm_cp.0_12                            0x00001680   Number         4  main.o(.text.main)
    .text_divfast                            0x00001684   Section      502  aeabi_sdivfast.o(.text_divfast)
    [Anonymous Symbol]                       0x0000187a   Section        0  cw32l012_lpi2c.o(.rodata.str1.1)
    [Anonymous Symbol]                       0x000018a5   Section        0  cw32l012_sysctrl.o(.rodata.str1.1)
    [Anonymous Symbol]                       0x000018d2   Section        0  cw32l012_flash.o(.rodata.str1.1)
    .bss                                     0x20000018   Section       96  libspace.o(.bss)
    s_lpi2cSlaveHandle                       0x20000088   Data          12  cw32l012_lpi2c.o(.bss.s_lpi2cSlaveHandle)
    [Anonymous Symbol]                       0x20000088   Section        0  cw32l012_lpi2c.o(.bss.s_lpi2cSlaveHandle)
    s_lpi2cSlaveIsr                          0x20000094   Data           4  cw32l012_lpi2c.o(.bss.s_lpi2cSlaveIsr)
    [Anonymous Symbol]                       0x20000094   Section        0  cw32l012_lpi2c.o(.bss.s_lpi2cSlaveIsr)
    Heap_Mem                                 0x200000b0   Data         512  startup_cw32l012.o(HEAP)
    HEAP                                     0x200000b0   Section      512  startup_cw32l012.o(HEAP)
    Stack_Mem                                0x200002b0   Data        1024  startup_cw32l012.o(STACK)
    STACK                                    0x200002b0   Section     1024  startup_cw32l012.o(STACK)
    __initial_sp                             0x200006b0   Data           0  startup_cw32l012.o(STACK)

    Global Symbols

    Symbol Name                              Value     Ov Type        Size  Object(Section)

    BuildAttributes$$THM_ISAv3M$S$PE$A:L22$X:L11$S22$IEEE1$IW$~IW$USESV6$~STKCKD$USESV7$~SHL$OTIME$ROPI$EBA8$UX$STANDARDLIB$REQ8$PRES8$EABIv2 0x00000000   Number         0  anon$$obj.o ABSOLUTE
    __Vectors                                0x00000000   Data           0  startup_cw32l012.o(RESET)
    __ARM_exceptions_init                     - Undefined Weak Reference
    __alloca_initialize                       - Undefined Weak Reference
    __arm_preinit_                            - Undefined Weak Reference
    __arm_relocate_pie_                       - Undefined Weak Reference
    __cpp_initialize__aeabi_                  - Undefined Weak Reference
    __cxa_finalize                            - Undefined Weak Reference
    __rt_locale                               - Undefined Weak Reference
    __sigvec_lookup                           - Undefined Weak Reference
    _atexit_init                              - Undefined Weak Reference
    _call_atexit_fns                          - Undefined Weak Reference
    _clock_init                               - Undefined Weak Reference
    _fp_trap_init                             - Undefined Weak Reference
    _fp_trap_shutdown                         - Undefined Weak Reference
    _get_lc_collate                           - Undefined Weak Reference
    _get_lc_ctype                             - Undefined Weak Reference
    _get_lc_monetary                          - Undefined Weak Reference
    _get_lc_numeric                           - Undefined Weak Reference
    _get_lc_time                              - Undefined Weak Reference
    _getenv_init                              - Undefined Weak Reference
    _handle_redirection                       - Undefined Weak Reference
    _init_alloc                               - Undefined Weak Reference
    _init_user_alloc                          - Undefined Weak Reference
    _initio                                   - Undefined Weak Reference
    _rand_init                                - Undefined Weak Reference
    _signal_finish                            - Undefined Weak Reference
    _signal_init                              - Undefined Weak Reference
    _terminate_alloc                          - Undefined Weak Reference
    _terminate_user_alloc                     - Undefined Weak Reference
    _terminateio                              - Undefined Weak Reference
    __Vectors_End                            0x000000c0   Data           0  startup_cw32l012.o(RESET)
    __Vectors_Size                           0x000000c0   Number         0  startup_cw32l012.o ABSOLUTE
    __main                                   0x000000c1   Thumb Code     8  __main.o(!!!main)
    __scatterload                            0x000000c9   Thumb Code     0  __scatter.o(!!!scatter)
    __scatterload_rt2                        0x000000c9   Thumb Code    74  __scatter.o(!!!scatter)
    __scatterload_rt2_thumb_only             0x000000c9   Thumb Code     0  __scatter.o(!!!scatter)
    __scatterload_loop                       0x000000d3   Thumb Code     0  __scatter.o(!!!scatter)
    __scatterload_copy                       0x0000011d   Thumb Code    26  __scatter_copy.o(!!handler_copy)
    __scatterload_null                       0x00000139   Thumb Code     2  __scatter.o(!!handler_null)
    __scatterload_zeroinit                   0x0000013d   Thumb Code    28  __scatter_zi.o(!!handler_zi)
    __rt_lib_init                            0x00000159   Thumb Code     0  libinit.o(.ARM.Collect$$libinit$$00000000)
    __rt_lib_init_alloca_1                   0x0000015b   Thumb Code     0  libinit2.o(.ARM.Collect$$libinit$$00000030)
    __rt_lib_init_argv_1                     0x0000015b   Thumb Code     0  libinit2.o(.ARM.Collect$$libinit$$0000002E)
    __rt_lib_init_atexit_1                   0x0000015b   Thumb Code     0  libinit2.o(.ARM.Collect$$libinit$$0000001D)
    __rt_lib_init_clock_1                    0x0000015b   Thumb Code     0  libinit2.o(.ARM.Collect$$libinit$$00000023)
    __rt_lib_init_cpp_1                      0x0000015b   Thumb Code     0  libinit2.o(.ARM.Collect$$libinit$$00000034)
    __rt_lib_init_exceptions_1               0x0000015b   Thumb Code     0  libinit2.o(.ARM.Collect$$libinit$$00000032)
    __rt_lib_init_fp_1                       0x0000015b   Thumb Code     0  libinit2.o(.ARM.Collect$$libinit$$00000002)
    __rt_lib_init_fp_trap_1                  0x0000015b   Thumb Code     0  libinit2.o(.ARM.Collect$$libinit$$00000021)
    __rt_lib_init_getenv_1                   0x0000015b   Thumb Code     0  libinit2.o(.ARM.Collect$$libinit$$00000025)
    __rt_lib_init_heap_1                     0x0000015b   Thumb Code     0  libinit2.o(.ARM.Collect$$libinit$$0000000C)
    __rt_lib_init_lc_collate_1               0x0000015b   Thumb Code     0  libinit2.o(.ARM.Collect$$libinit$$00000013)
    __rt_lib_init_lc_ctype_1                 0x0000015b   Thumb Code     0  libinit2.o(.ARM.Collect$$libinit$$00000015)
    __rt_lib_init_lc_monetary_1              0x0000015b   Thumb Code     0  libinit2.o(.ARM.Collect$$libinit$$00000017)
    __rt_lib_init_lc_numeric_1               0x0000015b   Thumb Code     0  libinit2.o(.ARM.Collect$$libinit$$00000019)
    __rt_lib_init_lc_time_1                  0x0000015b   Thumb Code     0  libinit2.o(.ARM.Collect$$libinit$$0000001B)
    __rt_lib_init_preinit_1                  0x0000015b   Thumb Code     0  libinit2.o(.ARM.Collect$$libinit$$00000006)
    __rt_lib_init_rand_1                     0x0000015b   Thumb Code     0  libinit2.o(.ARM.Collect$$libinit$$00000010)
    __rt_lib_init_relocate_pie_1             0x0000015b   Thumb Code     0  libinit2.o(.ARM.Collect$$libinit$$00000004)
    __rt_lib_init_return                     0x0000015b   Thumb Code     0  libinit2.o(.ARM.Collect$$libinit$$00000035)
    __rt_lib_init_signal_1                   0x0000015b   Thumb Code     0  libinit2.o(.ARM.Collect$$libinit$$0000001F)
    __rt_lib_init_stdio_1                    0x0000015b   Thumb Code     0  libinit2.o(.ARM.Collect$$libinit$$00000027)
    __rt_lib_init_user_alloc_1               0x0000015b   Thumb Code     0  libinit2.o(.ARM.Collect$$libinit$$0000000E)
    __rt_lib_shutdown                        0x0000015d   Thumb Code     0  libshutdown.o(.ARM.Collect$$libshutdown$$00000000)
    __rt_lib_shutdown_cpp_1                  0x0000015f   Thumb Code     0  libshutdown2.o(.ARM.Collect$$libshutdown$$00000002)
    __rt_lib_shutdown_fp_trap_1              0x0000015f   Thumb Code     0  libshutdown2.o(.ARM.Collect$$libshutdown$$00000007)
    __rt_lib_shutdown_heap_1                 0x0000015f   Thumb Code     0  libshutdown2.o(.ARM.Collect$$libshutdown$$0000000F)
    __rt_lib_shutdown_return                 0x0000015f   Thumb Code     0  libshutdown2.o(.ARM.Collect$$libshutdown$$00000010)
    __rt_lib_shutdown_signal_1               0x0000015f   Thumb Code     0  libshutdown2.o(.ARM.Collect$$libshutdown$$0000000A)
    __rt_lib_shutdown_stdio_1                0x0000015f   Thumb Code     0  libshutdown2.o(.ARM.Collect$$libshutdown$$00000004)
    __rt_lib_shutdown_user_alloc_1           0x0000015f   Thumb Code     0  libshutdown2.o(.ARM.Collect$$libshutdown$$0000000C)
    __rt_entry                               0x00000161   Thumb Code     0  __rtentry.o(.ARM.Collect$$rtentry$$00000000)
    __rt_entry_presh_1                       0x00000161   Thumb Code     0  __rtentry2.o(.ARM.Collect$$rtentry$$00000002)
    __rt_entry_sh                            0x00000161   Thumb Code     0  __rtentry4.o(.ARM.Collect$$rtentry$$00000004)
    __rt_entry_li                            0x00000167   Thumb Code     0  __rtentry2.o(.ARM.Collect$$rtentry$$0000000A)
    __rt_entry_postsh_1                      0x00000167   Thumb Code     0  __rtentry2.o(.ARM.Collect$$rtentry$$00000009)
    __rt_entry_main                          0x0000016b   Thumb Code     0  __rtentry2.o(.ARM.Collect$$rtentry$$0000000D)
    __rt_entry_postli_1                      0x0000016b   Thumb Code     0  __rtentry2.o(.ARM.Collect$$rtentry$$0000000C)
    __rt_exit                                0x00000173   Thumb Code     0  rtexit.o(.ARM.Collect$$rtexit$$00000000)
    __rt_exit_ls                             0x00000175   Thumb Code     0  rtexit2.o(.ARM.Collect$$rtexit$$00000003)
    __rt_exit_prels_1                        0x00000175   Thumb Code     0  rtexit2.o(.ARM.Collect$$rtexit$$00000002)
    __rt_exit_exit                           0x00000179   Thumb Code     0  rtexit2.o(.ARM.Collect$$rtexit$$00000004)
    __aeabi_memcpy4                          0x00000181   Thumb Code    56  rt_memcpy.o(.emb_text)
    __aeabi_memcpy8                          0x00000181   Thumb Code     0  rt_memcpy.o(.emb_text)
    Reset_Handler                            0x000001b9   Thumb Code    14  startup_cw32l012.o(.text)
    SysTick_Handler                          0x000001cf   Thumb Code     2  startup_cw32l012.o(.text)
    __user_initial_stackheap                 0x000001d5   Thumb Code     0  startup_cw32l012.o(.text)
    __aeabi_memcpy                           0x000001fd   Thumb Code   130  rt_memcpy.o(.text)
    __rt_memcpy                              0x000001fd   Thumb Code     0  rt_memcpy.o(.text)
    __use_two_region_memory                  0x0000027f   Thumb Code     2  heapauxi.o(.text)
    __rt_heap_escrow$2region                 0x00000281   Thumb Code     2  heapauxi.o(.text)
    __rt_heap_expand$2region                 0x00000283   Thumb Code     2  heapauxi.o(.text)
    __user_setup_stackheap                   0x00000285   Thumb Code    62  sys_stackheap_outer.o(.text)
    exit                                     0x000002c3   Thumb Code    16  exit.o(.text)
    __user_libspace                          0x000002d5   Thumb Code     8  libspace.o(.text)
    __user_perproc_libspace                  0x000002d5   Thumb Code     0  libspace.o(.text)
    __user_perthread_libspace                0x000002d5   Thumb Code     0  libspace.o(.text)
    _sys_exit                                0x000002dd   Thumb Code     8  sys_exit.o(.text)
    __I$use$semihosting                      0x000002e9   Thumb Code     0  use_no_semi.o(.text)
    __use_no_semihosting_swi                 0x000002e9   Thumb Code     2  use_no_semi.o(.text)
    ADC1_IRQHandler                          0x000002eb   Thumb Code     2  interrupts_cw32l012.o(.text.ADC1_IRQHandler)
    __semihosting_library_function           0x000002eb   Thumb Code     0  indicate_semi.o(.text)
    ADC2_DAC_IRQHandler                      0x000002ed   Thumb Code     2  interrupts_cw32l012.o(.text.ADC2_DAC_IRQHandler)
    ATIM_IRQHandler                          0x000002ef   Thumb Code     2  interrupts_cw32l012.o(.text.ATIM_IRQHandler)
    BTIM1_IRQHandler                         0x000002f1   Thumb Code     2  interrupts_cw32l012.o(.text.BTIM1_IRQHandler)
    BTIM2_IRQHandler                         0x000002f3   Thumb Code     2  interrupts_cw32l012.o(.text.BTIM2_IRQHandler)
    BTIM3_HALLTIM_IRQHandler                 0x000002f5   Thumb Code     2  interrupts_cw32l012.o(.text.BTIM3_HALLTIM_IRQHandler)
    CLKFAULT_IRQHandler                      0x000002f7   Thumb Code     2  interrupts_cw32l012.o(.text.CLKFAULT_IRQHandler)
    CORDIC_IRQHandler                        0x000002f9   Thumb Code     2  interrupts_cw32l012.o(.text.CORDIC_IRQHandler)
    DMACH12_IRQHandler                       0x000002fb   Thumb Code     2  interrupts_cw32l012.o(.text.DMACH12_IRQHandler)
    DMACH34_IRQHandler                       0x000002fd   Thumb Code     2  interrupts_cw32l012.o(.text.DMACH34_IRQHandler)
    FLASHRAM_IRQHandler                      0x000002ff   Thumb Code     2  interrupts_cw32l012.o(.text.FLASHRAM_IRQHandler)
    FLASH_SetLatency                         0x00000301   Thumb Code    48  cw32l012_flash.o(.text.FLASH_SetLatency)
    FirmwareDelay                            0x00000339   Thumb Code    18  system_cw32l012.o(.text.FirmwareDelay)
    GPIOA_IRQHandler                         0x0000034b   Thumb Code     2  interrupts_cw32l012.o(.text.GPIOA_IRQHandler)
    GPIOB_IRQHandler                         0x0000034d   Thumb Code     2  interrupts_cw32l012.o(.text.GPIOB_IRQHandler)
    GPIOC_IRQHandler                         0x0000034f   Thumb Code     2  interrupts_cw32l012.o(.text.GPIOC_IRQHandler)
    GPIOF_IRQHandler                         0x00000351   Thumb Code     2  interrupts_cw32l012.o(.text.GPIOF_IRQHandler)
    GPIO_Init                                0x00000355   Thumb Code   172  cw32l012_gpio.o(.text.GPIO_Init)
    GTIM1_IRQHandler                         0x00000415   Thumb Code     2  interrupts_cw32l012.o(.text.GTIM1_IRQHandler)
    GTIM2_IRQHandler                         0x00000417   Thumb Code     2  interrupts_cw32l012.o(.text.GTIM2_IRQHandler)
    GTIM34_IRQHandler                        0x00000419   Thumb Code     2  interrupts_cw32l012.o(.text.GTIM34_IRQHandler)
    HardFault_Handler                        0x0000041b   Thumb Code     2  interrupts_cw32l012.o(.text.HardFault_Handler)
    I2C1_IRQHandler                          0x0000041d   Thumb Code     2  interrupts_cw32l012.o(.text.I2C1_IRQHandler)
    I2C2_IRQHandler                          0x0000041f   Thumb Code     2  interrupts_cw32l012.o(.text.I2C2_IRQHandler)
    I2C_MasterCmd                            0x00000421   Thumb Code    52  cw32l012_lpi2c.o(.text.I2C_MasterCmd)
    I2C_MasterDeinit                         0x00000455   Thumb Code    76  cw32l012_lpi2c.o(.text.I2C_MasterDeinit)
    I2C_MasterInit                           0x000004b5   Thumb Code   564  cw32l012_lpi2c.o(.text.I2C_MasterInit)
    I2C_MasterInitDefault                    0x00000711   Thumb Code    32  cw32l012_lpi2c.o(.text.I2C_MasterInitDefault)
    I2C_MasterPollingFlag                    0x00000735   Thumb Code    80  cw32l012_lpi2c.o(.text.I2C_MasterPollingFlag)
    I2C_MasterReadEepromData                 0x00000791   Thumb Code    58  cw32l012_lpi2c.o(.text.I2C_MasterReadEepromData)
    I2C_MasterReceive                        0x000007cd   Thumb Code   188  cw32l012_lpi2c.o(.text.I2C_MasterReceive)
    I2C_MasterReceiveDataFromSlave           0x00000891   Thumb Code   600  cw32l012_lpi2c.o(.text.I2C_MasterReceiveDataFromSlave)
    I2C_MasterSTART_Addr10b                  0x00000af9   Thumb Code   196  cw32l012_lpi2c.o(.text.I2C_MasterSTART_Addr10b)
    I2C_MasterSTART_Addr7b                   0x00000bc5   Thumb Code   176  cw32l012_lpi2c.o(.text.I2C_MasterSTART_Addr7b)
    I2C_MasterSTOP                           0x00000c75   Thumb Code   116  cw32l012_lpi2c.o(.text.I2C_MasterSTOP)
    I2C_MasterSendDataToSlave                0x00000cf1   Thumb Code   460  cw32l012_lpi2c.o(.text.I2C_MasterSendDataToSlave)
    I2C_MasterSetBaudRate                    0x00000ec5   Thumb Code   432  cw32l012_lpi2c.o(.text.I2C_MasterSetBaudRate)
    I2C_MasterWriteEepromData                0x0000107d   Thumb Code   140  cw32l012_lpi2c.o(.text.I2C_MasterWriteEepromData)
    LPI2C_CommonIRQHandler                   0x0000110d   Thumb Code    60  cw32l012_lpi2c.o(.text.LPI2C_CommonIRQHandler)
    LPI2C_SlaveTransferHandleIRQ             0x00001159   Thumb Code   504  cw32l012_lpi2c.o(.text.LPI2C_SlaveTransferHandleIRQ)
    LPTIM_IRQHandler                         0x0000135d   Thumb Code     2  interrupts_cw32l012.o(.text.LPTIM_IRQHandler)
    LVD_IRQHandler                           0x0000135f   Thumb Code     2  interrupts_cw32l012.o(.text.LVD_IRQHandler)
    NMI_Handler                              0x00001361   Thumb Code     2  interrupts_cw32l012.o(.text.NMI_Handler)
    PendSV_Handler                           0x00001363   Thumb Code     2  interrupts_cw32l012.o(.text.PendSV_Handler)
    RTC_IRQHandler                           0x00001365   Thumb Code     2  interrupts_cw32l012.o(.text.RTC_IRQHandler)
    SPI1_IRQHandler                          0x00001367   Thumb Code     2  interrupts_cw32l012.o(.text.SPI1_IRQHandler)
    SPI23_IRQHandler                         0x00001369   Thumb Code     2  interrupts_cw32l012.o(.text.SPI23_IRQHandler)
    SVC_Handler                              0x0000136b   Thumb Code     2  interrupts_cw32l012.o(.text.SVC_Handler)
    SYSCTRL_HSI_Enable                       0x0000136d   Thumb Code   216  cw32l012_sysctrl.o(.text.SYSCTRL_HSI_Enable)
    SYSCTRL_IRQHandler                       0x00001451   Thumb Code     2  interrupts_cw32l012.o(.text.SYSCTRL_IRQHandler)
    SystemInit                               0x00001455   Thumb Code    88  system_cw32l012.o(.text.SystemInit)
    UART1_IRQHandler                         0x000014d5   Thumb Code     2  interrupts_cw32l012.o(.text.UART1_IRQHandler)
    UART2_IRQHandler                         0x000014d7   Thumb Code     2  interrupts_cw32l012.o(.text.UART2_IRQHandler)
    UART3_IRQHandler                         0x000014d9   Thumb Code     2  interrupts_cw32l012.o(.text.UART3_IRQHandler)
    VC13_IRQHandler                          0x000014db   Thumb Code     2  interrupts_cw32l012.o(.text.VC13_IRQHandler)
    VC24_IRQHandler                          0x000014dd   Thumb Code     2  interrupts_cw32l012.o(.text.VC24_IRQHandler)
    WDT_IRQHandler                           0x000014df   Thumb Code     2  interrupts_cw32l012.o(.text.WDT_IRQHandler)
    assert_failed                            0x000014e1   Thumb Code     4  main.o(.text.assert_failed)
    main                                     0x000014e5   Thumb Code   364  main.o(.text.main)
    __aeabi_uidiv                            0x00001685   Thumb Code    68  aeabi_sdivfast.o(.text_divfast)
    __aeabi_idiv                             0x000016c9   Thumb Code   434  aeabi_sdivfast.o(.text_divfast)
    Region$$Table$$Base                      0x00001900   Number         0  anon$$obj.o(Region$$Table)
    Region$$Table$$Limit                     0x00001920   Number         0  anon$$obj.o(Region$$Table)
    SystemCoreClock                          0x20000000   Data           4  system_cw32l012.o(.data.SystemCoreClock)
    u8SendData1                              0x20000004   Data           8  main.o(.data.u8SendData1)
    u8SendData2                              0x2000000c   Data           8  main.o(.data.u8SendData2)
    __libspace_start                         0x20000018   Data          96  libspace.o(.bss)
    __temporary_stack_top$libspace           0x20000078   Data           0  libspace.o(.bss)
    s_lpi2cMasterHandle                      0x20000078   Data          12  cw32l012_lpi2c.o(.bss.s_lpi2cMasterHandle)
    s_lpi2cMasterIsr                         0x20000084   Data           4  cw32l012_lpi2c.o(.bss.s_lpi2cMasterIsr)
    u8RecData                                0x20000098   Data          16  main.o(.bss.u8RecData)
    u8State                                  0x200000a8   Data           1  main.o(.bss.u8State)



==============================================================================

Memory Map of the image

  Image Entry point : 0x000000c1

  Load Region LR_IROM1 (Base: 0x00000000, Size: 0x00001938, Max: 0x00010000, ABSOLUTE)

    Execution Region ER_IROM1 (Exec base: 0x00000000, Load base: 0x00000000, Size: 0x00001920, Max: 0x00010000, ABSOLUTE)

    Exec Addr    Load Addr    Size         Type   Attr      Idx    E Section Name        Object

    0x00000000   0x00000000   0x000000c0   Data   RO            3    RESET               startup_cw32l012.o
    0x000000c0   0x000000c0   0x00000008   Code   RO          473  * !!!main             c_p.l(__main.o)
    0x000000c8   0x000000c8   0x00000054   Code   RO          654    !!!scatter          c_p.l(__scatter.o)
    0x0000011c   0x0000011c   0x0000001a   Code   RO          658    !!handler_copy      c_p.l(__scatter_copy.o)
    0x00000136   0x00000136   0x00000002   PAD
    0x00000138   0x00000138   0x00000002   Code   RO          655    !!handler_null      c_p.l(__scatter.o)
    0x0000013a   0x0000013a   0x00000002   PAD
    0x0000013c   0x0000013c   0x0000001c   Code   RO          660    !!handler_zi        c_p.l(__scatter_zi.o)
    0x00000158   0x00000158   0x00000002   Code   RO          515    .ARM.Collect$$libinit$$00000000  c_p.l(libinit.o)
    0x0000015a   0x0000015a   0x00000000   Code   RO          529    .ARM.Collect$$libinit$$00000002  c_p.l(libinit2.o)
    0x0000015a   0x0000015a   0x00000000   Code   RO          531    .ARM.Collect$$libinit$$00000004  c_p.l(libinit2.o)
    0x0000015a   0x0000015a   0x00000000   Code   RO          533    .ARM.Collect$$libinit$$00000006  c_p.l(libinit2.o)
    0x0000015a   0x0000015a   0x00000000   Code   RO          536    .ARM.Collect$$libinit$$0000000C  c_p.l(libinit2.o)
    0x0000015a   0x0000015a   0x00000000   Code   RO          538    .ARM.Collect$$libinit$$0000000E  c_p.l(libinit2.o)
    0x0000015a   0x0000015a   0x00000000   Code   RO          540    .ARM.Collect$$libinit$$00000010  c_p.l(libinit2.o)
    0x0000015a   0x0000015a   0x00000000   Code   RO          543    .ARM.Collect$$libinit$$00000013  c_p.l(libinit2.o)
    0x0000015a   0x0000015a   0x00000000   Code   RO          545    .ARM.Collect$$libinit$$00000015  c_p.l(libinit2.o)
    0x0000015a   0x0000015a   0x00000000   Code   RO          547    .ARM.Collect$$libinit$$00000017  c_p.l(libinit2.o)
    0x0000015a   0x0000015a   0x00000000   Code   RO          549    .ARM.Collect$$libinit$$00000019  c_p.l(libinit2.o)
    0x0000015a   0x0000015a   0x00000000   Code   RO          551    .ARM.Collect$$libinit$$0000001B  c_p.l(libinit2.o)
    0x0000015a   0x0000015a   0x00000000   Code   RO          553    .ARM.Collect$$libinit$$0000001D  c_p.l(libinit2.o)
    0x0000015a   0x0000015a   0x00000000   Code   RO          555    .ARM.Collect$$libinit$$0000001F  c_p.l(libinit2.o)
    0x0000015a   0x0000015a   0x00000000   Code   RO          557    .ARM.Collect$$libinit$$00000021  c_p.l(libinit2.o)
    0x0000015a   0x0000015a   0x00000000   Code   RO          559    .ARM.Collect$$libinit$$00000023  c_p.l(libinit2.o)
    0x0000015a   0x0000015a   0x00000000   Code   RO          561    .ARM.Collect$$libinit$$00000025  c_p.l(libinit2.o)
    0x0000015a   0x0000015a   0x00000000   Code   RO          563    .ARM.Collect$$libinit$$00000027  c_p.l(libinit2.o)
    0x0000015a   0x0000015a   0x00000000   Code   RO          567    .ARM.Collect$$libinit$$0000002E  c_p.l(libinit2.o)
    0x0000015a   0x0000015a   0x00000000   Code   RO          569    .ARM.Collect$$libinit$$00000030  c_p.l(libinit2.o)
    0x0000015a   0x0000015a   0x00000000   Code   RO          571    .ARM.Collect$$libinit$$00000032  c_p.l(libinit2.o)
    0x0000015a   0x0000015a   0x00000000   Code   RO          573    .ARM.Collect$$libinit$$00000034  c_p.l(libinit2.o)
    0x0000015a   0x0000015a   0x00000002   Code   RO          574    .ARM.Collect$$libinit$$00000035  c_p.l(libinit2.o)
    0x0000015c   0x0000015c   0x00000002   Code   RO          609    .ARM.Collect$$libshutdown$$00000000  c_p.l(libshutdown.o)
    0x0000015e   0x0000015e   0x00000000   Code   RO          637    .ARM.Collect$$libshutdown$$00000002  c_p.l(libshutdown2.o)
    0x0000015e   0x0000015e   0x00000000   Code   RO          639    .ARM.Collect$$libshutdown$$00000004  c_p.l(libshutdown2.o)
    0x0000015e   0x0000015e   0x00000000   Code   RO          642    .ARM.Collect$$libshutdown$$00000007  c_p.l(libshutdown2.o)
    0x0000015e   0x0000015e   0x00000000   Code   RO          645    .ARM.Collect$$libshutdown$$0000000A  c_p.l(libshutdown2.o)
    0x0000015e   0x0000015e   0x00000000   Code   RO          647    .ARM.Collect$$libshutdown$$0000000C  c_p.l(libshutdown2.o)
    0x0000015e   0x0000015e   0x00000000   Code   RO          650    .ARM.Collect$$libshutdown$$0000000F  c_p.l(libshutdown2.o)
    0x0000015e   0x0000015e   0x00000002   Code   RO          651    .ARM.Collect$$libshutdown$$00000010  c_p.l(libshutdown2.o)
    0x00000160   0x00000160   0x00000000   Code   RO          475    .ARM.Collect$$rtentry$$00000000  c_p.l(__rtentry.o)
    0x00000160   0x00000160   0x00000000   Code   RO          485    .ARM.Collect$$rtentry$$00000002  c_p.l(__rtentry2.o)
    0x00000160   0x00000160   0x00000006   Code   RO          497    .ARM.Collect$$rtentry$$00000004  c_p.l(__rtentry4.o)
    0x00000166   0x00000166   0x00000000   Code   RO          487    .ARM.Collect$$rtentry$$00000009  c_p.l(__rtentry2.o)
    0x00000166   0x00000166   0x00000004   Code   RO          488    .ARM.Collect$$rtentry$$0000000A  c_p.l(__rtentry2.o)
    0x0000016a   0x0000016a   0x00000000   Code   RO          490    .ARM.Collect$$rtentry$$0000000C  c_p.l(__rtentry2.o)
    0x0000016a   0x0000016a   0x00000008   Code   RO          491    .ARM.Collect$$rtentry$$0000000D  c_p.l(__rtentry2.o)
    0x00000172   0x00000172   0x00000002   Code   RO          520    .ARM.Collect$$rtexit$$00000000  c_p.l(rtexit.o)
    0x00000174   0x00000174   0x00000000   Code   RO          580    .ARM.Collect$$rtexit$$00000002  c_p.l(rtexit2.o)
    0x00000174   0x00000174   0x00000004   Code   RO          581    .ARM.Collect$$rtexit$$00000003  c_p.l(rtexit2.o)
    0x00000178   0x00000178   0x00000006   Code   RO          582    .ARM.Collect$$rtexit$$00000004  c_p.l(rtexit2.o)
    0x0000017e   0x0000017e   0x00000002   PAD
    0x00000180   0x00000180   0x00000038   Code   RO          457    .emb_text           c_p.l(rt_memcpy.o)
    0x000001b8   0x000001b8   0x00000044   Code   RO            4    .text               startup_cw32l012.o
    0x000001fc   0x000001fc   0x00000082   Code   RO          458    .text               c_p.l(rt_memcpy.o)
    0x0000027e   0x0000027e   0x00000006   Code   RO          471    .text               c_p.l(heapauxi.o)
    0x00000284   0x00000284   0x0000003e   Code   RO          501    .text               c_p.l(sys_stackheap_outer.o)
    0x000002c2   0x000002c2   0x00000010   Code   RO          504    .text               c_p.l(exit.o)
    0x000002d2   0x000002d2   0x00000002   PAD
    0x000002d4   0x000002d4   0x00000008   Code   RO          516    .text               c_p.l(libspace.o)
    0x000002dc   0x000002dc   0x0000000c   Code   RO          575    .text               c_p.l(sys_exit.o)
    0x000002e8   0x000002e8   0x00000002   Code   RO          598    .text               c_p.l(use_no_semi.o)
    0x000002ea   0x000002ea   0x00000000   Code   RO          600    .text               c_p.l(indicate_semi.o)
    0x000002ea   0x000002ea   0x00000002   Code   RO           81    .text.ADC1_IRQHandler  interrupts_cw32l012.o
    0x000002ec   0x000002ec   0x00000002   Code   RO          117    .text.ADC2_DAC_IRQHandler  interrupts_cw32l012.o
    0x000002ee   0x000002ee   0x00000002   Code   RO           83    .text.ATIM_IRQHandler  interrupts_cw32l012.o
    0x000002f0   0x000002f0   0x00000002   Code   RO           97    .text.BTIM1_IRQHandler  interrupts_cw32l012.o
    0x000002f2   0x000002f2   0x00000002   Code   RO           99    .text.BTIM2_IRQHandler  interrupts_cw32l012.o
    0x000002f4   0x000002f4   0x00000002   Code   RO          101    .text.BTIM3_HALLTIM_IRQHandler  interrupts_cw32l012.o
    0x000002f6   0x000002f6   0x00000002   Code   RO          119    .text.CLKFAULT_IRQHandler  interrupts_cw32l012.o
    0x000002f8   0x000002f8   0x00000002   Code   RO           79    .text.CORDIC_IRQHandler  interrupts_cw32l012.o
    0x000002fa   0x000002fa   0x00000002   Code   RO           75    .text.DMACH12_IRQHandler  interrupts_cw32l012.o
    0x000002fc   0x000002fc   0x00000002   Code   RO           77    .text.DMACH34_IRQHandler  interrupts_cw32l012.o
    0x000002fe   0x000002fe   0x00000002   Code   RO           63    .text.FLASHRAM_IRQHandler  interrupts_cw32l012.o
    0x00000300   0x00000300   0x00000038   Code   RO          397    .text.FLASH_SetLatency  cw32l012_flash.o
    0x00000338   0x00000338   0x00000012   Code   RO           15    .text.FirmwareDelay  system_cw32l012.o
    0x0000034a   0x0000034a   0x00000002   Code   RO           67    .text.GPIOA_IRQHandler  interrupts_cw32l012.o
    0x0000034c   0x0000034c   0x00000002   Code   RO           69    .text.GPIOB_IRQHandler  interrupts_cw32l012.o
    0x0000034e   0x0000034e   0x00000002   Code   RO           71    .text.GPIOC_IRQHandler  interrupts_cw32l012.o
    0x00000350   0x00000350   0x00000002   Code   RO           73    .text.GPIOF_IRQHandler  interrupts_cw32l012.o
    0x00000352   0x00000352   0x00000002   PAD
    0x00000354   0x00000354   0x000000c0   Code   RO          367    .text.GPIO_Init     cw32l012_gpio.o
    0x00000414   0x00000414   0x00000002   Code   RO           89    .text.GTIM1_IRQHandler  interrupts_cw32l012.o
    0x00000416   0x00000416   0x00000002   Code   RO           91    .text.GTIM2_IRQHandler  interrupts_cw32l012.o
    0x00000418   0x00000418   0x00000002   Code   RO           93    .text.GTIM34_IRQHandler  interrupts_cw32l012.o
    0x0000041a   0x0000041a   0x00000002   Code   RO           51    .text.HardFault_Handler  interrupts_cw32l012.o
    0x0000041c   0x0000041c   0x00000002   Code   RO          103    .text.I2C1_IRQHandler  interrupts_cw32l012.o
    0x0000041e   0x0000041e   0x00000002   Code   RO          105    .text.I2C2_IRQHandler  interrupts_cw32l012.o
    0x00000420   0x00000420   0x00000034   Code   RO          138    .text.I2C_MasterCmd  cw32l012_lpi2c.o
    0x00000454   0x00000454   0x00000060   Code   RO          214    .text.I2C_MasterDeinit  cw32l012_lpi2c.o
    0x000004b4   0x000004b4   0x0000025c   Code   RO          128    .text.I2C_MasterInit  cw32l012_lpi2c.o
    0x00000710   0x00000710   0x00000024   Code   RO          182    .text.I2C_MasterInitDefault  cw32l012_lpi2c.o
    0x00000734   0x00000734   0x0000005c   Code   RO          146    .text.I2C_MasterPollingFlag  cw32l012_lpi2c.o
    0x00000790   0x00000790   0x0000003a   Code   RO          186    .text.I2C_MasterReadEepromData  cw32l012_lpi2c.o
    0x000007ca   0x000007ca   0x00000002   PAD
    0x000007cc   0x000007cc   0x000000c4   Code   RO          162    .text.I2C_MasterReceive  cw32l012_lpi2c.o
    0x00000890   0x00000890   0x00000268   Code   RO          188    .text.I2C_MasterReceiveDataFromSlave  cw32l012_lpi2c.o
    0x00000af8   0x00000af8   0x000000cc   Code   RO          156    .text.I2C_MasterSTART_Addr10b  cw32l012_lpi2c.o
    0x00000bc4   0x00000bc4   0x000000b0   Code   RO          152    .text.I2C_MasterSTART_Addr7b  cw32l012_lpi2c.o
    0x00000c74   0x00000c74   0x0000007c   Code   RO          160    .text.I2C_MasterSTOP  cw32l012_lpi2c.o
    0x00000cf0   0x00000cf0   0x000001d4   Code   RO          192    .text.I2C_MasterSendDataToSlave  cw32l012_lpi2c.o
    0x00000ec4   0x00000ec4   0x000001b8   Code   RO          132    .text.I2C_MasterSetBaudRate  cw32l012_lpi2c.o
    0x0000107c   0x0000107c   0x00000090   Code   RO          190    .text.I2C_MasterWriteEepromData  cw32l012_lpi2c.o
    0x0000110c   0x0000110c   0x0000004c   Code   RO          252    .text.LPI2C_CommonIRQHandler  cw32l012_lpi2c.o
    0x00001158   0x00001158   0x00000204   Code   RO          244    .text.LPI2C_SlaveTransferHandleIRQ  cw32l012_lpi2c.o
    0x0000135c   0x0000135c   0x00000002   Code   RO           95    .text.LPTIM_IRQHandler  interrupts_cw32l012.o
    0x0000135e   0x0000135e   0x00000002   Code   RO           59    .text.LVD_IRQHandler  interrupts_cw32l012.o
    0x00001360   0x00001360   0x00000002   Code   RO           49    .text.NMI_Handler   interrupts_cw32l012.o
    0x00001362   0x00001362   0x00000002   Code   RO           55    .text.PendSV_Handler  interrupts_cw32l012.o
    0x00001364   0x00001364   0x00000002   Code   RO           61    .text.RTC_IRQHandler  interrupts_cw32l012.o
    0x00001366   0x00001366   0x00000002   Code   RO          107    .text.SPI1_IRQHandler  interrupts_cw32l012.o
    0x00001368   0x00001368   0x00000002   Code   RO          109    .text.SPI23_IRQHandler  interrupts_cw32l012.o
    0x0000136a   0x0000136a   0x00000002   Code   RO           53    .text.SVC_Handler   interrupts_cw32l012.o
    0x0000136c   0x0000136c   0x000000e4   Code   RO          293    .text.SYSCTRL_HSI_Enable  cw32l012_sysctrl.o
    0x00001450   0x00001450   0x00000002   Code   RO           65    .text.SYSCTRL_IRQHandler  interrupts_cw32l012.o
    0x00001452   0x00001452   0x00000002   PAD
    0x00001454   0x00001454   0x00000080   Code   RO           13    .text.SystemInit    system_cw32l012.o
    0x000014d4   0x000014d4   0x00000002   Code   RO          111    .text.UART1_IRQHandler  interrupts_cw32l012.o
    0x000014d6   0x000014d6   0x00000002   Code   RO          113    .text.UART2_IRQHandler  interrupts_cw32l012.o
    0x000014d8   0x000014d8   0x00000002   Code   RO          115    .text.UART3_IRQHandler  interrupts_cw32l012.o
    0x000014da   0x000014da   0x00000002   Code   RO           85    .text.VC13_IRQHandler  interrupts_cw32l012.o
    0x000014dc   0x000014dc   0x00000002   Code   RO           87    .text.VC24_IRQHandler  interrupts_cw32l012.o
    0x000014de   0x000014de   0x00000002   Code   RO           57    .text.WDT_IRQHandler  interrupts_cw32l012.o
    0x000014e0   0x000014e0   0x00000004   Code   RO           34    .text.assert_failed  main.o
    0x000014e4   0x000014e4   0x000001a0   Code   RO           26    .text.main          main.o
    0x00001684   0x00001684   0x000001f6   Code   RO          464    .text_divfast       c_p.l(aeabi_sdivfast.o)
    0x0000187a   0x0000187a   0x0000002b   Data   RO          255    .rodata.str1.1      cw32l012_lpi2c.o
    0x000018a5   0x000018a5   0x0000002d   Data   RO          358    .rodata.str1.1      cw32l012_sysctrl.o
    0x000018d2   0x000018d2   0x0000002b   Data   RO          445    .rodata.str1.1      cw32l012_flash.o
    0x000018fd   0x000018fd   0x00000003   PAD
    0x00001900   0x00001900   0x00000020   Data   RO          653    Region$$Table       anon$$obj.o


    Execution Region RW_IRAM1 (Exec base: 0x20000000, Load base: 0x00001920, Size: 0x000006b0, Max: 0x00002000, ABSOLUTE)

    Exec Addr    Load Addr    Size         Type   Attr      Idx    E Section Name        Object

    0x20000000   0x00001920   0x00000004   Data   RW           17    .data.SystemCoreClock  system_cw32l012.o
    0x20000004   0x00001924   0x00000008   Data   RW           36    .data.u8SendData1   main.o
    0x2000000c   0x0000192c   0x00000008   Data   RW           37    .data.u8SendData2   main.o
    0x20000014   0x00001934   0x00000004   PAD
    0x20000018        -       0x00000060   Zero   RW          517    .bss                c_p.l(libspace.o)
    0x20000078        -       0x0000000c   Zero   RW          257    .bss.s_lpi2cMasterHandle  cw32l012_lpi2c.o
    0x20000084        -       0x00000004   Zero   RW          258    .bss.s_lpi2cMasterIsr  cw32l012_lpi2c.o
    0x20000088        -       0x0000000c   Zero   RW          259    .bss.s_lpi2cSlaveHandle  cw32l012_lpi2c.o
    0x20000094        -       0x00000004   Zero   RW          260    .bss.s_lpi2cSlaveIsr  cw32l012_lpi2c.o
    0x20000098        -       0x00000010   Zero   RW           39    .bss.u8RecData      main.o
    0x200000a8        -       0x00000001   Zero   RW           38    .bss.u8State        main.o
    0x200000a9   0x00001934   0x00000007   PAD
    0x200000b0        -       0x00000200   Zero   RW            2    HEAP                startup_cw32l012.o
    0x200002b0        -       0x00000400   Zero   RW            1    STACK               startup_cw32l012.o


==============================================================================

Image component sizes


      Code (inc. data)   RO Data    RW Data    ZI Data      Debug   Object Name

        56          8         43          0          0      13909   cw32l012_flash.o
       192         20          0          0          0      12222   cw32l012_gpio.o
      3898        168         43          0         32      70224   cw32l012_lpi2c.o
       228         12         45          0          0      24548   cw32l012_sysctrl.o
        72          0          0          0          0       3251   interrupts_cw32l012.o
       420         52          0         16         17      19606   main.o
        68         32        192          0       1536        792   startup_cw32l012.o
       146         40          0          4          0       5630   system_cw32l012.o

    ----------------------------------------------------------------------
      5086        332        358         20       1596     150182   Object Totals
         0          0         32          0          0          0   (incl. Generated)
         6          0          3          0         11          0   (incl. Padding)

    ----------------------------------------------------------------------

      Code (inc. data)   RO Data    RW Data    ZI Data      Debug   Library Member Name

         8          0          0          0          0         68   __main.o
         0          0          0          0          0          0   __rtentry.o
        12          0          0          0          0          0   __rtentry2.o
         6          0          0          0          0          0   __rtentry4.o
        86         10          0          0          0          0   __scatter.o
        26          0          0          0          0          0   __scatter_copy.o
        28          0          0          0          0          0   __scatter_zi.o
       502          0          0          0          0         92   aeabi_sdivfast.o
        16          0          0          0          0         68   exit.o
         6          0          0          0          0        136   heapauxi.o
         0          0          0          0          0          0   indicate_semi.o
         2          0          0          0          0          0   libinit.o
         2          0          0          0          0          0   libinit2.o
         2          0          0          0          0          0   libshutdown.o
         2          0          0          0          0          0   libshutdown2.o
         8          4          0          0         96         68   libspace.o
       186          0          0          0          0        144   rt_memcpy.o
         2          0          0          0          0          0   rtexit.o
        10          0          0          0          0          0   rtexit2.o
        12          4          0          0          0         60   sys_exit.o
        62          0          0          0          0         80   sys_stackheap_outer.o
         2          0          0          0          0         68   use_no_semi.o

    ----------------------------------------------------------------------
       988         18          0          0         96        784   Library Totals
         8          0          0          0          0          0   (incl. Padding)

    ----------------------------------------------------------------------

      Code (inc. data)   RO Data    RW Data    ZI Data      Debug   Library Name

       980         18          0          0         96        784   c_p.l

    ----------------------------------------------------------------------
       988         18          0          0         96        784   Library Totals

    ----------------------------------------------------------------------

==============================================================================


      Code (inc. data)   RO Data    RW Data    ZI Data      Debug   

      6074        350        358         20       1692     150674   Grand Totals
      6074        350        358         20       1692     150674   ELF Image Totals
      6074        350        358         20          0          0   ROM Totals

==============================================================================

    Total RO  Size (Code + RO Data)                 6432 (   6.28kB)
    Total RW  Size (RW Data + ZI Data)              1712 (   1.67kB)
    Total ROM Size (Code + RO Data + RW Data)       6452 (   6.30kB)

==============================================================================

