<!doctype html public "-//w3c//dtd html 4.0 transitional//en">
<html><head>
<title>Static Call Graph - [.\Objects\project.axf]</title></head>
<body><HR>
<H1>Static Call Graph for image .\Objects\project.axf</H1><HR>
<BR><P>#&#060CALLGRAPH&#062# ARM Linker, 6230001: Last Updated: Sat Aug 23 14:16:00 2025
<BR><P>
<H3>Maximum Stack Usage =         88 bytes + Unknown(Cycles, Untraceable Function Pointers)</H3><H3>
Call chain for Maximum Stack Depth:</H3>
main &rArr; SPI_Init
<P>
<H3>
Mutually Recursive functions
</H3> <LI><a href="#[1]">NMI_Handler</a>&nbsp;&nbsp;&nbsp;&rArr;&nbsp;&nbsp;&nbsp;<a href="#[1]">NMI_Handler</a><BR>
 <LI><a href="#[2]">HardFault_Handler</a>&nbsp;&nbsp;&nbsp;&rArr;&nbsp;&nbsp;&nbsp;<a href="#[2]">HardFault_Handler</a><BR>
 <LI><a href="#[3]">SVC_Handler</a>&nbsp;&nbsp;&nbsp;&rArr;&nbsp;&nbsp;&nbsp;<a href="#[3]">SVC_Handler</a><BR>
 <LI><a href="#[4]">PendSV_Handler</a>&nbsp;&nbsp;&nbsp;&rArr;&nbsp;&nbsp;&nbsp;<a href="#[4]">PendSV_Handler</a><BR>
 <LI><a href="#[12]">ADC1_IRQHandler</a>&nbsp;&nbsp;&nbsp;&rArr;&nbsp;&nbsp;&nbsp;<a href="#[12]">ADC1_IRQHandler</a><BR>
</UL>
<P>
<H3>
Function Pointers
</H3><UL>
 <LI><a href="#[12]">ADC1_IRQHandler</a> from startup_cw32l012.o(.text) referenced from startup_cw32l012.o(RESET)
 <LI><a href="#[24]">ADC2_DAC_IRQHandler</a> from startup_cw32l012.o(.text) referenced from startup_cw32l012.o(RESET)
 <LI><a href="#[13]">ATIM_IRQHandler</a> from startup_cw32l012.o(.text) referenced from startup_cw32l012.o(RESET)
 <LI><a href="#[1a]">BTIM1_IRQHandler</a> from startup_cw32l012.o(.text) referenced from startup_cw32l012.o(RESET)
 <LI><a href="#[1b]">BTIM2_IRQHandler</a> from startup_cw32l012.o(.text) referenced from startup_cw32l012.o(RESET)
 <LI><a href="#[1c]">BTIM3_HALLTIM_IRQHandler</a> from startup_cw32l012.o(.text) referenced from startup_cw32l012.o(RESET)
 <LI><a href="#[25]">CLKFAULT_IRQHandler</a> from startup_cw32l012.o(.text) referenced from startup_cw32l012.o(RESET)
 <LI><a href="#[11]">CORDIC_IRQHandler</a> from startup_cw32l012.o(.text) referenced from startup_cw32l012.o(RESET)
 <LI><a href="#[f]">DMACH12_IRQHandler</a> from startup_cw32l012.o(.text) referenced from startup_cw32l012.o(RESET)
 <LI><a href="#[10]">DMACH34_IRQHandler</a> from startup_cw32l012.o(.text) referenced from startup_cw32l012.o(RESET)
 <LI><a href="#[9]">FLASHRAM_IRQHandler</a> from startup_cw32l012.o(.text) referenced from startup_cw32l012.o(RESET)
 <LI><a href="#[b]">GPIOA_IRQHandler</a> from startup_cw32l012.o(.text) referenced from startup_cw32l012.o(RESET)
 <LI><a href="#[c]">GPIOB_IRQHandler</a> from startup_cw32l012.o(.text) referenced from startup_cw32l012.o(RESET)
 <LI><a href="#[d]">GPIOC_IRQHandler</a> from startup_cw32l012.o(.text) referenced from startup_cw32l012.o(RESET)
 <LI><a href="#[e]">GPIOF_IRQHandler</a> from startup_cw32l012.o(.text) referenced from startup_cw32l012.o(RESET)
 <LI><a href="#[16]">GTIM1_IRQHandler</a> from startup_cw32l012.o(.text) referenced from startup_cw32l012.o(RESET)
 <LI><a href="#[17]">GTIM2_IRQHandler</a> from startup_cw32l012.o(.text) referenced from startup_cw32l012.o(RESET)
 <LI><a href="#[18]">GTIM34_IRQHandler</a> from startup_cw32l012.o(.text) referenced from startup_cw32l012.o(RESET)
 <LI><a href="#[2]">HardFault_Handler</a> from startup_cw32l012.o(.text) referenced from startup_cw32l012.o(RESET)
 <LI><a href="#[1d]">I2C1_IRQHandler</a> from startup_cw32l012.o(.text) referenced from startup_cw32l012.o(RESET)
 <LI><a href="#[1e]">I2C2_IRQHandler</a> from startup_cw32l012.o(.text) referenced from startup_cw32l012.o(RESET)
 <LI><a href="#[19]">LPTIM_IRQHandler</a> from startup_cw32l012.o(.text) referenced from startup_cw32l012.o(RESET)
 <LI><a href="#[7]">LVD_IRQHandler</a> from startup_cw32l012.o(.text) referenced from startup_cw32l012.o(RESET)
 <LI><a href="#[1]">NMI_Handler</a> from startup_cw32l012.o(.text) referenced from startup_cw32l012.o(RESET)
 <LI><a href="#[4]">PendSV_Handler</a> from startup_cw32l012.o(.text) referenced from startup_cw32l012.o(RESET)
 <LI><a href="#[8]">RTC_IRQHandler</a> from startup_cw32l012.o(.text) referenced from startup_cw32l012.o(RESET)
 <LI><a href="#[0]">Reset_Handler</a> from startup_cw32l012.o(.text) referenced from startup_cw32l012.o(RESET)
 <LI><a href="#[1f]">SPI1_IRQHandler</a> from startup_cw32l012.o(.text) referenced from startup_cw32l012.o(RESET)
 <LI><a href="#[20]">SPI23_IRQHandler</a> from startup_cw32l012.o(.text) referenced from startup_cw32l012.o(RESET)
 <LI><a href="#[3]">SVC_Handler</a> from startup_cw32l012.o(.text) referenced from startup_cw32l012.o(RESET)
 <LI><a href="#[a]">SYSCTRL_IRQHandler</a> from startup_cw32l012.o(.text) referenced from startup_cw32l012.o(RESET)
 <LI><a href="#[5]">SysTick_Handler</a> from cw32l012_systick.o(.text.SysTick_Handler) referenced from startup_cw32l012.o(RESET)
 <LI><a href="#[27]">SystemInit</a> from system_cw32l012.o(.text.SystemInit) referenced from startup_cw32l012.o(.text)
 <LI><a href="#[21]">UART1_IRQHandler</a> from startup_cw32l012.o(.text) referenced from startup_cw32l012.o(RESET)
 <LI><a href="#[22]">UART2_IRQHandler</a> from startup_cw32l012.o(.text) referenced from startup_cw32l012.o(RESET)
 <LI><a href="#[23]">UART3_IRQHandler</a> from startup_cw32l012.o(.text) referenced from startup_cw32l012.o(RESET)
 <LI><a href="#[14]">VC13_IRQHandler</a> from startup_cw32l012.o(.text) referenced from startup_cw32l012.o(RESET)
 <LI><a href="#[15]">VC24_IRQHandler</a> from startup_cw32l012.o(.text) referenced from startup_cw32l012.o(RESET)
 <LI><a href="#[6]">WDT_IRQHandler</a> from startup_cw32l012.o(.text) referenced from startup_cw32l012.o(RESET)
 <LI><a href="#[28]">__main</a> from entry.o(.ARM.Collect$$$$00000000) referenced from startup_cw32l012.o(.text)
 <LI><a href="#[26]">main</a> from main.o(.text.main) referenced from entry9a.o(.ARM.Collect$$$$0000000B)
</UL>
<P>
<H3>
Global Symbols
</H3>
<P><STRONG><a name="[28]"></a>__main</STRONG> (Thumb, 0 bytes, Stack size unknown bytes, entry.o(.ARM.Collect$$$$00000000))
<BR>[Address Reference Count : 1]<UL><LI> startup_cw32l012.o(.text)
</UL>
<P><STRONG><a name="[36]"></a>_main_stk</STRONG> (Thumb, 0 bytes, Stack size unknown bytes, entry2.o(.ARM.Collect$$$$00000001))

<P><STRONG><a name="[29]"></a>_main_scatterload</STRONG> (Thumb, 0 bytes, Stack size unknown bytes, entry5.o(.ARM.Collect$$$$00000004))
<BR><BR>[Calls]<UL><LI><a href="#[2a]">&gt;&gt;</a>&nbsp;&nbsp;&nbsp;__scatterload
</UL>

<P><STRONG><a name="[2b]"></a>__main_after_scatterload</STRONG> (Thumb, 0 bytes, Stack size unknown bytes, entry5.o(.ARM.Collect$$$$00000004))
<BR><BR>[Called By]<UL><LI><a href="#[2a]">&gt;&gt;</a>&nbsp;&nbsp;&nbsp;__scatterload
</UL>

<P><STRONG><a name="[37]"></a>_main_clock</STRONG> (Thumb, 0 bytes, Stack size unknown bytes, entry7b.o(.ARM.Collect$$$$00000008))

<P><STRONG><a name="[38]"></a>_main_cpp_init</STRONG> (Thumb, 0 bytes, Stack size unknown bytes, entry8b.o(.ARM.Collect$$$$0000000A))

<P><STRONG><a name="[39]"></a>_main_init</STRONG> (Thumb, 0 bytes, Stack size unknown bytes, entry9a.o(.ARM.Collect$$$$0000000B))

<P><STRONG><a name="[3a]"></a>__rt_final_cpp</STRONG> (Thumb, 0 bytes, Stack size unknown bytes, entry10a.o(.ARM.Collect$$$$0000000D))

<P><STRONG><a name="[3b]"></a>__rt_final_exit</STRONG> (Thumb, 0 bytes, Stack size unknown bytes, entry11a.o(.ARM.Collect$$$$0000000F))

<P><STRONG><a name="[0]"></a>Reset_Handler</STRONG> (Thumb, 14 bytes, Stack size 0 bytes, startup_cw32l012.o(.text))
<BR>[Address Reference Count : 1]<UL><LI> startup_cw32l012.o(RESET)
</UL>
<P><STRONG><a name="[1]"></a>NMI_Handler</STRONG> (Thumb, 2 bytes, Stack size 0 bytes, startup_cw32l012.o(.text))
<BR><BR>[Calls]<UL><LI><a href="#[1]">&gt;&gt;</a>&nbsp;&nbsp;&nbsp;NMI_Handler
</UL>
<BR>[Called By]<UL><LI><a href="#[1]">&gt;&gt;</a>&nbsp;&nbsp;&nbsp;NMI_Handler
</UL>
<BR>[Address Reference Count : 1]<UL><LI> startup_cw32l012.o(RESET)
</UL>
<P><STRONG><a name="[2]"></a>HardFault_Handler</STRONG> (Thumb, 2 bytes, Stack size 0 bytes, startup_cw32l012.o(.text))
<BR><BR>[Calls]<UL><LI><a href="#[2]">&gt;&gt;</a>&nbsp;&nbsp;&nbsp;HardFault_Handler
</UL>
<BR>[Called By]<UL><LI><a href="#[2]">&gt;&gt;</a>&nbsp;&nbsp;&nbsp;HardFault_Handler
</UL>
<BR>[Address Reference Count : 1]<UL><LI> startup_cw32l012.o(RESET)
</UL>
<P><STRONG><a name="[3]"></a>SVC_Handler</STRONG> (Thumb, 2 bytes, Stack size 0 bytes, startup_cw32l012.o(.text))
<BR><BR>[Calls]<UL><LI><a href="#[3]">&gt;&gt;</a>&nbsp;&nbsp;&nbsp;SVC_Handler
</UL>
<BR>[Called By]<UL><LI><a href="#[3]">&gt;&gt;</a>&nbsp;&nbsp;&nbsp;SVC_Handler
</UL>
<BR>[Address Reference Count : 1]<UL><LI> startup_cw32l012.o(RESET)
</UL>
<P><STRONG><a name="[4]"></a>PendSV_Handler</STRONG> (Thumb, 2 bytes, Stack size 0 bytes, startup_cw32l012.o(.text))
<BR><BR>[Calls]<UL><LI><a href="#[4]">&gt;&gt;</a>&nbsp;&nbsp;&nbsp;PendSV_Handler
</UL>
<BR>[Called By]<UL><LI><a href="#[4]">&gt;&gt;</a>&nbsp;&nbsp;&nbsp;PendSV_Handler
</UL>
<BR>[Address Reference Count : 1]<UL><LI> startup_cw32l012.o(RESET)
</UL>
<P><STRONG><a name="[12]"></a>ADC1_IRQHandler</STRONG> (Thumb, 0 bytes, Stack size 0 bytes, startup_cw32l012.o(.text))
<BR><BR>[Calls]<UL><LI><a href="#[12]">&gt;&gt;</a>&nbsp;&nbsp;&nbsp;ADC1_IRQHandler
</UL>
<BR>[Called By]<UL><LI><a href="#[12]">&gt;&gt;</a>&nbsp;&nbsp;&nbsp;ADC1_IRQHandler
</UL>
<BR>[Address Reference Count : 1]<UL><LI> startup_cw32l012.o(RESET)
</UL>
<P><STRONG><a name="[24]"></a>ADC2_DAC_IRQHandler</STRONG> (Thumb, 0 bytes, Stack size 0 bytes, startup_cw32l012.o(.text))
<BR>[Address Reference Count : 1]<UL><LI> startup_cw32l012.o(RESET)
</UL>
<P><STRONG><a name="[13]"></a>ATIM_IRQHandler</STRONG> (Thumb, 0 bytes, Stack size 0 bytes, startup_cw32l012.o(.text))
<BR>[Address Reference Count : 1]<UL><LI> startup_cw32l012.o(RESET)
</UL>
<P><STRONG><a name="[1a]"></a>BTIM1_IRQHandler</STRONG> (Thumb, 0 bytes, Stack size 0 bytes, startup_cw32l012.o(.text))
<BR>[Address Reference Count : 1]<UL><LI> startup_cw32l012.o(RESET)
</UL>
<P><STRONG><a name="[1b]"></a>BTIM2_IRQHandler</STRONG> (Thumb, 0 bytes, Stack size 0 bytes, startup_cw32l012.o(.text))
<BR>[Address Reference Count : 1]<UL><LI> startup_cw32l012.o(RESET)
</UL>
<P><STRONG><a name="[1c]"></a>BTIM3_HALLTIM_IRQHandler</STRONG> (Thumb, 0 bytes, Stack size 0 bytes, startup_cw32l012.o(.text))
<BR>[Address Reference Count : 1]<UL><LI> startup_cw32l012.o(RESET)
</UL>
<P><STRONG><a name="[25]"></a>CLKFAULT_IRQHandler</STRONG> (Thumb, 0 bytes, Stack size 0 bytes, startup_cw32l012.o(.text))
<BR>[Address Reference Count : 1]<UL><LI> startup_cw32l012.o(RESET)
</UL>
<P><STRONG><a name="[11]"></a>CORDIC_IRQHandler</STRONG> (Thumb, 0 bytes, Stack size 0 bytes, startup_cw32l012.o(.text))
<BR>[Address Reference Count : 1]<UL><LI> startup_cw32l012.o(RESET)
</UL>
<P><STRONG><a name="[f]"></a>DMACH12_IRQHandler</STRONG> (Thumb, 0 bytes, Stack size 0 bytes, startup_cw32l012.o(.text))
<BR>[Address Reference Count : 1]<UL><LI> startup_cw32l012.o(RESET)
</UL>
<P><STRONG><a name="[10]"></a>DMACH34_IRQHandler</STRONG> (Thumb, 0 bytes, Stack size 0 bytes, startup_cw32l012.o(.text))
<BR>[Address Reference Count : 1]<UL><LI> startup_cw32l012.o(RESET)
</UL>
<P><STRONG><a name="[9]"></a>FLASHRAM_IRQHandler</STRONG> (Thumb, 0 bytes, Stack size 0 bytes, startup_cw32l012.o(.text))
<BR>[Address Reference Count : 1]<UL><LI> startup_cw32l012.o(RESET)
</UL>
<P><STRONG><a name="[b]"></a>GPIOA_IRQHandler</STRONG> (Thumb, 0 bytes, Stack size 0 bytes, startup_cw32l012.o(.text))
<BR>[Address Reference Count : 1]<UL><LI> startup_cw32l012.o(RESET)
</UL>
<P><STRONG><a name="[c]"></a>GPIOB_IRQHandler</STRONG> (Thumb, 0 bytes, Stack size 0 bytes, startup_cw32l012.o(.text))
<BR>[Address Reference Count : 1]<UL><LI> startup_cw32l012.o(RESET)
</UL>
<P><STRONG><a name="[d]"></a>GPIOC_IRQHandler</STRONG> (Thumb, 0 bytes, Stack size 0 bytes, startup_cw32l012.o(.text))
<BR>[Address Reference Count : 1]<UL><LI> startup_cw32l012.o(RESET)
</UL>
<P><STRONG><a name="[e]"></a>GPIOF_IRQHandler</STRONG> (Thumb, 0 bytes, Stack size 0 bytes, startup_cw32l012.o(.text))
<BR>[Address Reference Count : 1]<UL><LI> startup_cw32l012.o(RESET)
</UL>
<P><STRONG><a name="[16]"></a>GTIM1_IRQHandler</STRONG> (Thumb, 0 bytes, Stack size 0 bytes, startup_cw32l012.o(.text))
<BR>[Address Reference Count : 1]<UL><LI> startup_cw32l012.o(RESET)
</UL>
<P><STRONG><a name="[17]"></a>GTIM2_IRQHandler</STRONG> (Thumb, 0 bytes, Stack size 0 bytes, startup_cw32l012.o(.text))
<BR>[Address Reference Count : 1]<UL><LI> startup_cw32l012.o(RESET)
</UL>
<P><STRONG><a name="[18]"></a>GTIM34_IRQHandler</STRONG> (Thumb, 0 bytes, Stack size 0 bytes, startup_cw32l012.o(.text))
<BR>[Address Reference Count : 1]<UL><LI> startup_cw32l012.o(RESET)
</UL>
<P><STRONG><a name="[1d]"></a>I2C1_IRQHandler</STRONG> (Thumb, 0 bytes, Stack size 0 bytes, startup_cw32l012.o(.text))
<BR>[Address Reference Count : 1]<UL><LI> startup_cw32l012.o(RESET)
</UL>
<P><STRONG><a name="[1e]"></a>I2C2_IRQHandler</STRONG> (Thumb, 0 bytes, Stack size 0 bytes, startup_cw32l012.o(.text))
<BR>[Address Reference Count : 1]<UL><LI> startup_cw32l012.o(RESET)
</UL>
<P><STRONG><a name="[19]"></a>LPTIM_IRQHandler</STRONG> (Thumb, 0 bytes, Stack size 0 bytes, startup_cw32l012.o(.text))
<BR>[Address Reference Count : 1]<UL><LI> startup_cw32l012.o(RESET)
</UL>
<P><STRONG><a name="[7]"></a>LVD_IRQHandler</STRONG> (Thumb, 0 bytes, Stack size 0 bytes, startup_cw32l012.o(.text))
<BR>[Address Reference Count : 1]<UL><LI> startup_cw32l012.o(RESET)
</UL>
<P><STRONG><a name="[8]"></a>RTC_IRQHandler</STRONG> (Thumb, 0 bytes, Stack size 0 bytes, startup_cw32l012.o(.text))
<BR>[Address Reference Count : 1]<UL><LI> startup_cw32l012.o(RESET)
</UL>
<P><STRONG><a name="[1f]"></a>SPI1_IRQHandler</STRONG> (Thumb, 0 bytes, Stack size 0 bytes, startup_cw32l012.o(.text))
<BR>[Address Reference Count : 1]<UL><LI> startup_cw32l012.o(RESET)
</UL>
<P><STRONG><a name="[20]"></a>SPI23_IRQHandler</STRONG> (Thumb, 0 bytes, Stack size 0 bytes, startup_cw32l012.o(.text))
<BR>[Address Reference Count : 1]<UL><LI> startup_cw32l012.o(RESET)
</UL>
<P><STRONG><a name="[a]"></a>SYSCTRL_IRQHandler</STRONG> (Thumb, 0 bytes, Stack size 0 bytes, startup_cw32l012.o(.text))
<BR>[Address Reference Count : 1]<UL><LI> startup_cw32l012.o(RESET)
</UL>
<P><STRONG><a name="[21]"></a>UART1_IRQHandler</STRONG> (Thumb, 0 bytes, Stack size 0 bytes, startup_cw32l012.o(.text))
<BR>[Address Reference Count : 1]<UL><LI> startup_cw32l012.o(RESET)
</UL>
<P><STRONG><a name="[22]"></a>UART2_IRQHandler</STRONG> (Thumb, 0 bytes, Stack size 0 bytes, startup_cw32l012.o(.text))
<BR>[Address Reference Count : 1]<UL><LI> startup_cw32l012.o(RESET)
</UL>
<P><STRONG><a name="[23]"></a>UART3_IRQHandler</STRONG> (Thumb, 0 bytes, Stack size 0 bytes, startup_cw32l012.o(.text))
<BR>[Address Reference Count : 1]<UL><LI> startup_cw32l012.o(RESET)
</UL>
<P><STRONG><a name="[14]"></a>VC13_IRQHandler</STRONG> (Thumb, 0 bytes, Stack size 0 bytes, startup_cw32l012.o(.text))
<BR>[Address Reference Count : 1]<UL><LI> startup_cw32l012.o(RESET)
</UL>
<P><STRONG><a name="[15]"></a>VC24_IRQHandler</STRONG> (Thumb, 0 bytes, Stack size 0 bytes, startup_cw32l012.o(.text))
<BR>[Address Reference Count : 1]<UL><LI> startup_cw32l012.o(RESET)
</UL>
<P><STRONG><a name="[6]"></a>WDT_IRQHandler</STRONG> (Thumb, 0 bytes, Stack size 0 bytes, startup_cw32l012.o(.text))
<BR>[Address Reference Count : 1]<UL><LI> startup_cw32l012.o(RESET)
</UL>
<P><STRONG><a name="[2d]"></a>__aeabi_uidiv</STRONG> (Thumb, 0 bytes, Stack size 16 bytes, uidiv_div0.o(.text))
<BR><BR>[Stack]<UL><LI>Max Depth = 16<LI>Call Chain = __aeabi_uidiv
</UL>
<BR>[Called By]<UL><LI><a href="#[2c]">&gt;&gt;</a>&nbsp;&nbsp;&nbsp;InitTick
</UL>

<P><STRONG><a name="[3c]"></a>__aeabi_uidivmod</STRONG> (Thumb, 62 bytes, Stack size 16 bytes, uidiv_div0.o(.text), UNUSED)

<P><STRONG><a name="[2a]"></a>__scatterload</STRONG> (Thumb, 38 bytes, Stack size 0 bytes, init.o(.text))
<BR><BR>[Calls]<UL><LI><a href="#[2b]">&gt;&gt;</a>&nbsp;&nbsp;&nbsp;__main_after_scatterload
</UL>
<BR>[Called By]<UL><LI><a href="#[29]">&gt;&gt;</a>&nbsp;&nbsp;&nbsp;_main_scatterload
</UL>

<P><STRONG><a name="[3d]"></a>__scatterload_rt2</STRONG> (Thumb, 0 bytes, Stack size 0 bytes, init.o(.text), UNUSED)

<P><STRONG><a name="[35]"></a>GPIO_Init</STRONG> (Thumb, 172 bytes, Stack size 8 bytes, cw32l012_gpio.o(.text.GPIO_Init))
<BR><BR>[Stack]<UL><LI>Max Depth = 8<LI>Call Chain = GPIO_Init
</UL>
<BR>[Called By]<UL><LI><a href="#[26]">&gt;&gt;</a>&nbsp;&nbsp;&nbsp;main
</UL>

<P><STRONG><a name="[2c]"></a>InitTick</STRONG> (Thumb, 68 bytes, Stack size 16 bytes, cw32l012_systick.o(.text.InitTick))
<BR><BR>[Stack]<UL><LI>Max Depth = 32<LI>Call Chain = InitTick &rArr; __aeabi_uidiv
</UL>
<BR>[Calls]<UL><LI><a href="#[2d]">&gt;&gt;</a>&nbsp;&nbsp;&nbsp;__aeabi_uidiv
</UL>
<BR>[Called By]<UL><LI><a href="#[26]">&gt;&gt;</a>&nbsp;&nbsp;&nbsp;main
</UL>

<P><STRONG><a name="[2e]"></a>SPI_Cmd</STRONG> (Thumb, 60 bytes, Stack size 16 bytes, cw32l012_spi.o(.text.SPI_Cmd))
<BR><BR>[Stack]<UL><LI>Max Depth = 16<LI>Call Chain = SPI_Cmd
</UL>
<BR>[Calls]<UL><LI><a href="#[2f]">&gt;&gt;</a>&nbsp;&nbsp;&nbsp;assert_failed
</UL>
<BR>[Called By]<UL><LI><a href="#[26]">&gt;&gt;</a>&nbsp;&nbsp;&nbsp;main
</UL>

<P><STRONG><a name="[30]"></a>SPI_Init</STRONG> (Thumb, 240 bytes, Stack size 32 bytes, cw32l012_spi.o(.text.SPI_Init))
<BR><BR>[Stack]<UL><LI>Max Depth = 32<LI>Call Chain = SPI_Init
</UL>
<BR>[Calls]<UL><LI><a href="#[2f]">&gt;&gt;</a>&nbsp;&nbsp;&nbsp;assert_failed
</UL>
<BR>[Called By]<UL><LI><a href="#[26]">&gt;&gt;</a>&nbsp;&nbsp;&nbsp;main
</UL>

<P><STRONG><a name="[31]"></a>SPI_TransmitReceive</STRONG> (Thumb, 96 bytes, Stack size 16 bytes, cw32l012_spi.o(.text.SPI_TransmitReceive))
<BR><BR>[Stack]<UL><LI>Max Depth = 16<LI>Call Chain = SPI_TransmitReceive
</UL>
<BR>[Calls]<UL><LI><a href="#[2f]">&gt;&gt;</a>&nbsp;&nbsp;&nbsp;assert_failed
</UL>
<BR>[Called By]<UL><LI><a href="#[26]">&gt;&gt;</a>&nbsp;&nbsp;&nbsp;main
</UL>

<P><STRONG><a name="[32]"></a>SYSCTRL_AHBPeriphClk_Enable</STRONG> (Thumb, 52 bytes, Stack size 16 bytes, cw32l012_sysctrl.o(.text.SYSCTRL_AHBPeriphClk_Enable))
<BR><BR>[Stack]<UL><LI>Max Depth = 16<LI>Call Chain = SYSCTRL_AHBPeriphClk_Enable
</UL>
<BR>[Calls]<UL><LI><a href="#[2f]">&gt;&gt;</a>&nbsp;&nbsp;&nbsp;assert_failed
</UL>
<BR>[Called By]<UL><LI><a href="#[26]">&gt;&gt;</a>&nbsp;&nbsp;&nbsp;main
</UL>

<P><STRONG><a name="[33]"></a>SYSCTRL_APBPeriphClk_Enable1</STRONG> (Thumb, 60 bytes, Stack size 16 bytes, cw32l012_sysctrl.o(.text.SYSCTRL_APBPeriphClk_Enable1))
<BR><BR>[Stack]<UL><LI>Max Depth = 16<LI>Call Chain = SYSCTRL_APBPeriphClk_Enable1
</UL>
<BR>[Calls]<UL><LI><a href="#[2f]">&gt;&gt;</a>&nbsp;&nbsp;&nbsp;assert_failed
</UL>
<BR>[Called By]<UL><LI><a href="#[26]">&gt;&gt;</a>&nbsp;&nbsp;&nbsp;main
</UL>

<P><STRONG><a name="[34]"></a>SYSCTRL_HSI_Enable</STRONG> (Thumb, 244 bytes, Stack size 24 bytes, cw32l012_sysctrl.o(.text.SYSCTRL_HSI_Enable))
<BR><BR>[Stack]<UL><LI>Max Depth = 24<LI>Call Chain = SYSCTRL_HSI_Enable
</UL>
<BR>[Calls]<UL><LI><a href="#[2f]">&gt;&gt;</a>&nbsp;&nbsp;&nbsp;assert_failed
</UL>
<BR>[Called By]<UL><LI><a href="#[26]">&gt;&gt;</a>&nbsp;&nbsp;&nbsp;main
</UL>

<P><STRONG><a name="[5]"></a>SysTick_Handler</STRONG> (Thumb, 16 bytes, Stack size 0 bytes, cw32l012_systick.o(.text.SysTick_Handler))
<BR>[Address Reference Count : 1]<UL><LI> startup_cw32l012.o(RESET)
</UL>
<P><STRONG><a name="[27]"></a>SystemInit</STRONG> (Thumb, 88 bytes, Stack size 16 bytes, system_cw32l012.o(.text.SystemInit))
<BR><BR>[Stack]<UL><LI>Max Depth = 16<LI>Call Chain = SystemInit
</UL>
<BR>[Address Reference Count : 1]<UL><LI> startup_cw32l012.o(.text)
</UL>
<P><STRONG><a name="[2f]"></a>assert_failed</STRONG> (Thumb, 2 bytes, Stack size 0 bytes, main.o(.text.assert_failed))
<BR><BR>[Called By]<UL><LI><a href="#[31]">&gt;&gt;</a>&nbsp;&nbsp;&nbsp;SPI_TransmitReceive
<LI><a href="#[2e]">&gt;&gt;</a>&nbsp;&nbsp;&nbsp;SPI_Cmd
<LI><a href="#[30]">&gt;&gt;</a>&nbsp;&nbsp;&nbsp;SPI_Init
<LI><a href="#[33]">&gt;&gt;</a>&nbsp;&nbsp;&nbsp;SYSCTRL_APBPeriphClk_Enable1
<LI><a href="#[32]">&gt;&gt;</a>&nbsp;&nbsp;&nbsp;SYSCTRL_AHBPeriphClk_Enable
<LI><a href="#[34]">&gt;&gt;</a>&nbsp;&nbsp;&nbsp;SYSCTRL_HSI_Enable
</UL>

<P><STRONG><a name="[26]"></a>main</STRONG> (Thumb, 672 bytes, Stack size 56 bytes, main.o(.text.main))
<BR><BR>[Stack]<UL><LI>Max Depth = 88<LI>Call Chain = main &rArr; SPI_Init
</UL>
<BR>[Calls]<UL><LI><a href="#[31]">&gt;&gt;</a>&nbsp;&nbsp;&nbsp;SPI_TransmitReceive
<LI><a href="#[2e]">&gt;&gt;</a>&nbsp;&nbsp;&nbsp;SPI_Cmd
<LI><a href="#[30]">&gt;&gt;</a>&nbsp;&nbsp;&nbsp;SPI_Init
<LI><a href="#[2c]">&gt;&gt;</a>&nbsp;&nbsp;&nbsp;InitTick
<LI><a href="#[35]">&gt;&gt;</a>&nbsp;&nbsp;&nbsp;GPIO_Init
<LI><a href="#[33]">&gt;&gt;</a>&nbsp;&nbsp;&nbsp;SYSCTRL_APBPeriphClk_Enable1
<LI><a href="#[32]">&gt;&gt;</a>&nbsp;&nbsp;&nbsp;SYSCTRL_AHBPeriphClk_Enable
<LI><a href="#[34]">&gt;&gt;</a>&nbsp;&nbsp;&nbsp;SYSCTRL_HSI_Enable
</UL>
<BR>[Address Reference Count : 1]<UL><LI> entry9a.o(.ARM.Collect$$$$0000000B)
</UL>
<P><STRONG><a name="[3e]"></a>__scatterload_copy</STRONG> (Thumb, 14 bytes, Stack size unknown bytes, handlers.o(i.__scatterload_copy), UNUSED)

<P><STRONG><a name="[3f]"></a>__scatterload_null</STRONG> (Thumb, 2 bytes, Stack size unknown bytes, handlers.o(i.__scatterload_null), UNUSED)

<P><STRONG><a name="[40]"></a>__scatterload_zeroinit</STRONG> (Thumb, 14 bytes, Stack size unknown bytes, handlers.o(i.__scatterload_zeroinit), UNUSED)
<P>
<H3>
Local Symbols
</H3><P>
<H3>
Undefined Global Symbols
</H3><HR></body></html>
