<html>
<body>
<pre>
<h1>µVision Build Log</h1>
<h2>Tool Versions:</h2>
IDE-Version: ¦ÌVision V5.42.0.0
Copyright (C) 2025 ARM Ltd and ARM Germany GmbH. All rights reserved.
License Information: qqqqqq qqq@qq.com, qqq, LIC=585FJ-UBAQ0-562Q2-957QI-PG193-HR7MG
 
Tool Versions:
Toolchain:       MDK-ARM Plus  Version: 5.42.0.0
Toolchain Path:  D:\Keil_v5\ARM\ARMCLANG\Bin
C Compiler:      ArmClang.exe V6.23
Assembler:       Armasm.exe V6.23
Linker/Locator:  ArmLink.exe V6.23
Library Manager: ArmAr.exe V6.23
Hex Converter:   FromElf.exe V6.23
CPU DLL:         SARMCM3.DLL V5.42.0.0
Dialog DLL:      DARMCM1.DLL V1.19.6.0
Target DLL:      Segger\JL2CM3.dll V2.99.45.0
Dialog DLL:      TARMCM1.DLL V1.14.6.0
 
<h2>Project:</h2>
E:\OneDrive\MCU_Program\Library\WeGui\WeGui_RGB\WeGui_RGB\WeGui_RGB\CW32L012\×ÊÁÏ\CW32L012_StandardPeripheralLib_V1.0.1\Examples\SPI\SPI_FullDuplex_ComPolling\MDK\Project.uvprojx
Project File Date:  08/23/2025

<h2>Output:</h2>
*** Using Compiler 'V6.23', folder: 'D:\Keil_v5\ARM\ARMCLANG\Bin'
Rebuild target 'Target 1'
compiling cw32l012_gpio.c...
compiling cw32l012_systick.c...
compiling system_cw32l012.c...
compiling cw32l012_startkit.c...
assembling startup_cw32l012.s...
compiling cw32l012_spi.c...
compiling main.c...
compiling cw32l012_sysctrl.c...
linking...
Program Size: Code=2130 RO-data=310 RW-data=84 ZI-data=1076  
".\Objects\project.axf" - 0 Error(s), 0 Warning(s).

<h2>Software Packages used:</h2>

Package Vendor: ARM
                https://www.keil.com/pack/ARM.CMSIS.6.2.0.pack
                ARM::CMSIS@6.2.0
                CMSIS (Common Microcontroller Software Interface Standard)
   * Component: CORE Version: 6.1.1

Package Vendor: WHXY
                
                WHXY::CW32L012_DFP@1.0.1
                CW32 ARM Cortex-M0+ Device Family Pack

<h2>Collection of Component include folders:</h2>
  ./RTE/_Target_1
  D:/Users/Administrator/AppData/Local/Arm/Packs/ARM/CMSIS/6.2.0/CMSIS/Core/Include
  D:/Users/Administrator/AppData/Local/Arm/Packs/WHXY/CW32L012_DFP/1.0.1/Device/Include

<h2>Collection of Component Files used:</h2>

   * Component: ARM::CMSIS:CORE@6.1.1
Build Time Elapsed:  00:00:01
</pre>
</body>
</html>
